Component: ARM Compiler 5.06 update 5 (build 528) Tool: armlink [4d35e2]

==============================================================================

Section Cross References

    main.o(i.HAL_TIM_PeriodElapsedCallback) refers to stm32f4xx_hal.o(i.HAL_IncTick) for HAL_IncTick
    main.o(i.SystemClock_Config) refers to rt_memclr_w.o(.text) for __aeabi_memclr4
    main.o(i.SystemClock_Config) refers to stm32f4xx_hal_rcc.o(i.HAL_RCC_OscConfig) for HAL_RCC_OscConfig
    main.o(i.SystemClock_Config) refers to main.o(i.Error_Handler) for Error_Handler
    main.o(i.SystemClock_Config) refers to stm32f4xx_hal_rcc.o(i.HAL_RCC_ClockConfig) for HAL_RCC_ClockConfig
    main.o(i.main) refers to stm32f4xx_hal.o(i.HAL_Init) for HAL_Init
    main.o(i.main) refers to main.o(i.SystemClock_Config) for SystemClock_Config
    main.o(i.main) refers to gpio.o(i.MX_GPIO_Init) for MX_GPIO_Init
    main.o(i.main) refers to can.o(i.MX_CAN1_Init) for MX_CAN1_Init
    main.o(i.main) refers to can.o(i.MX_CAN2_Init) for MX_CAN2_Init
    main.o(i.main) refers to usart.o(i.MX_UART5_Init) for MX_UART5_Init
    main.o(i.main) refers to usart.o(i.MX_USART1_UART_Init) for MX_USART1_UART_Init
    main.o(i.main) refers to usart.o(i.MX_USART3_UART_Init) for MX_USART3_UART_Init
    main.o(i.main) refers to freertos.o(i.MX_FREERTOS_Init) for MX_FREERTOS_Init
    main.o(i.main) refers to cmsis_os.o(i.osKernelStart) for osKernelStart
    gpio.o(i.MX_GPIO_Init) refers to rt_memclr_w.o(.text) for __aeabi_memclr4
    gpio.o(i.MX_GPIO_Init) refers to stm32f4xx_hal_gpio.o(i.HAL_GPIO_Init) for HAL_GPIO_Init
    freertos.o(i.MX_FREERTOS_Init) refers to rt_memcpy_w.o(.text) for __aeabi_memcpy4
    freertos.o(i.MX_FREERTOS_Init) refers to cmsis_os.o(i.osThreadCreate) for osThreadCreate
    freertos.o(i.MX_FREERTOS_Init) refers to freertos.o(.constdata) for .constdata
    freertos.o(i.MX_FREERTOS_Init) refers to freertos.o(.data) for defaultTaskHandle
    freertos.o(i.StartDefaultTask) refers to cmsis_os.o(i.osDelay) for osDelay
    freertos.o(i.vApplicationGetIdleTaskMemory) refers to freertos.o(.bss) for xIdleTaskTCBBuffer
    freertos.o(.constdata) refers to freertos.o(.conststring) for .conststring
    freertos.o(.constdata) refers to freertos.o(i.StartDefaultTask) for StartDefaultTask
    freertos.o(.constdata) refers to can_comm.o(i.can_comm_task) for can_comm_task
    freertos.o(.constdata) refers to chassis_task.o(i.chassis_task) for chassis_task
    freertos.o(.constdata) refers to gimbal_task.o(i.gimbal_task) for gimbal_task
    freertos.o(.constdata) refers to modeswitch_task.o(i.mode_switch_task) for mode_switch_task
    can.o(i.HAL_CAN_MspDeInit) refers to stm32f4xx_hal_gpio.o(i.HAL_GPIO_DeInit) for HAL_GPIO_DeInit
    can.o(i.HAL_CAN_MspDeInit) refers to can.o(.data) for HAL_RCC_CAN1_CLK_ENABLED
    can.o(i.HAL_CAN_MspInit) refers to rt_memclr_w.o(.text) for __aeabi_memclr4
    can.o(i.HAL_CAN_MspInit) refers to stm32f4xx_hal_gpio.o(i.HAL_GPIO_Init) for HAL_GPIO_Init
    can.o(i.HAL_CAN_MspInit) refers to can.o(.data) for HAL_RCC_CAN1_CLK_ENABLED
    can.o(i.MX_CAN1_Init) refers to stm32f4xx_hal_can.o(i.HAL_CAN_Init) for HAL_CAN_Init
    can.o(i.MX_CAN1_Init) refers to main.o(i.Error_Handler) for Error_Handler
    can.o(i.MX_CAN1_Init) refers to can.o(.bss) for hcan1
    can.o(i.MX_CAN2_Init) refers to stm32f4xx_hal_can.o(i.HAL_CAN_Init) for HAL_CAN_Init
    can.o(i.MX_CAN2_Init) refers to main.o(i.Error_Handler) for Error_Handler
    can.o(i.MX_CAN2_Init) refers to can.o(.bss) for hcan2
    usart.o(i.HAL_UART_MspDeInit) refers to stm32f4xx_hal_gpio.o(i.HAL_GPIO_DeInit) for HAL_GPIO_DeInit
    usart.o(i.HAL_UART_MspInit) refers to rt_memclr_w.o(.text) for __aeabi_memclr4
    usart.o(i.HAL_UART_MspInit) refers to stm32f4xx_hal_gpio.o(i.HAL_GPIO_Init) for HAL_GPIO_Init
    usart.o(i.MX_UART5_Init) refers to stm32f4xx_hal_uart.o(i.HAL_UART_Init) for HAL_UART_Init
    usart.o(i.MX_UART5_Init) refers to main.o(i.Error_Handler) for Error_Handler
    usart.o(i.MX_UART5_Init) refers to usart.o(.bss) for huart5
    usart.o(i.MX_USART1_UART_Init) refers to stm32f4xx_hal_uart.o(i.HAL_UART_Init) for HAL_UART_Init
    usart.o(i.MX_USART1_UART_Init) refers to main.o(i.Error_Handler) for Error_Handler
    usart.o(i.MX_USART1_UART_Init) refers to usart.o(.bss) for huart1
    usart.o(i.MX_USART3_UART_Init) refers to stm32f4xx_hal_uart.o(i.HAL_UART_Init) for HAL_UART_Init
    usart.o(i.MX_USART3_UART_Init) refers to main.o(i.Error_Handler) for Error_Handler
    usart.o(i.MX_USART3_UART_Init) refers to usart.o(.bss) for huart3
    stm32f4xx_it.o(i.TIM1_UP_TIM10_IRQHandler) refers to stm32f4xx_hal_tim.o(i.HAL_TIM_IRQHandler) for HAL_TIM_IRQHandler
    stm32f4xx_it.o(i.TIM1_UP_TIM10_IRQHandler) refers to stm32f4xx_hal_timebase_tim.o(.bss) for htim10
    stm32f4xx_hal_msp.o(i.HAL_MspInit) refers to stm32f4xx_hal_cortex.o(i.HAL_NVIC_SetPriority) for HAL_NVIC_SetPriority
[...]
    .ARM.Collect$$libshutdown$$00000010      0x08000206   Section        2  libshutdown2.o(.ARM.Collect$$libshutdown$$00000010)
    .ARM.Collect$$rtentry$$00000000          0x08000208   Section        0  __rtentry.o(.ARM.Collect$$rtentry$$00000000)
    .ARM.Collect$$rtentry$$00000002          0x08000208   Section        0  __rtentry2.o(.ARM.Collect$$rtentry$$00000002)
    .ARM.Collect$$rtentry$$00000004          0x08000208   Section        6  __rtentry4.o(.ARM.Collect$$rtentry$$00000004)
    .ARM.Collect$$rtentry$$00000009          0x0800020e   Section        0  __rtentry2.o(.ARM.Collect$$rtentry$$00000009)
    .ARM.Collect$$rtentry$$0000000A          0x0800020e   Section        4  __rtentry2.o(.ARM.Collect$$rtentry$$0000000A)
    .ARM.Collect$$rtentry$$0000000C          0x08000212   Section        0  __rtentry2.o(.ARM.Collect$$rtentry$$0000000C)
    .ARM.Collect$$rtentry$$0000000D          0x08000212   Section        8  __rtentry2.o(.ARM.Collect$$rtentry$$0000000D)
    .ARM.Collect$$rtexit$$00000000           0x0800021a   Section        2  rtexit.o(.ARM.Collect$$rtexit$$00000000)
    .ARM.Collect$$rtexit$$00000002           0x0800021c   Section        0  rtexit2.o(.ARM.Collect$$rtexit$$00000002)
    .ARM.Collect$$rtexit$$00000003           0x0800021c   Section        4  rtexit2.o(.ARM.Collect$$rtexit$$00000003)
    .ARM.Collect$$rtexit$$00000004           0x08000220   Section        6  rtexit2.o(.ARM.Collect$$rtexit$$00000004)
    .emb_text                                0x08000228   Section      190  port.o(.emb_text)
    $v0                                      0x08000228   Number         0  port.o(.emb_text)
    .text                                    0x080002e8   Section       64  startup_stm32f407xx.o(.text)
    $v0                                      0x080002e8   Number         0  startup_stm32f407xx.o(.text)
    .text                                    0x08000328   Section      238  lludivv7m.o(.text)
    .text                                    0x08000416   Section      100  rt_memcpy_w.o(.text)
    .text                                    0x0800047a   Section       78  rt_memclr_w.o(.text)
    .text                                    0x080004c8   Section        0  heapauxi.o(.text)
    .text                                    0x080004d0   Section        8  libspace.o(.text)
    .text                                    0x080004d8   Section       74  sys_stackheap_outer.o(.text)
    .text                                    0x08000522   Section        0  exit.o(.text)
    .text                                    0x08000534   Section        0  sys_exit.o(.text)
    .text                                    0x08000540   Section        2  use_no_semi.o(.text)
    .text                                    0x08000542   Section        0  indicate_semi.o(.text)
    i.Auto_control                           0x08000544   Section        0  chassis_task.o(i.Auto_control)
    Auto_control                             0x08000545   Thumb Code   670  chassis_task.o(i.Auto_control)
    i.Auto_control                           0x08000804   Section        0  gimbal_task.o(i.Auto_control)
    Auto_control                             0x08000805   Thumb Code    96  gimbal_task.o(i.Auto_control)
    i.BusFault_Handler                       0x08000870   Section        0  stm32f4xx_it.o(i.BusFault_Handler)
    i.DebugMon_Handler                       0x08000874   Section        0  stm32f4xx_it.o(i.DebugMon_Handler)
    i.Error_Handler                          0x08000876   Section        0  main.o(i.Error_Handler)
    i.HAL_CAN_AddTxMessage                   0x0800087c   Section        0  stm32f4xx_hal_can.o(i.HAL_CAN_AddTxMessage)
    i.HAL_CAN_GetTxMailboxesFreeLevel        0x080009c6   Section        0  stm32f4xx_hal_can.o(i.HAL_CAN_GetTxMailboxesFreeLevel)
    i.HAL_CAN_Init                           0x080009fc   Section        0  stm32f4xx_hal_can.o(i.HAL_CAN_Init)
    i.HAL_CAN_MspInit                        0x08000b70   Section        0  can.o(i.HAL_CAN_MspInit)
    i.HAL_GPIO_Init                          0x08000cb4   Section        0  stm32f4xx_hal_gpio.o(i.HAL_GPIO_Init)
    i.HAL_GPIO_ReadPin                       0x08000ea8   Section        0  stm32f4xx_hal_gpio.o(i.HAL_GPIO_ReadPin)
    i.HAL_GetTick                            0x08000eb8   Section        0  stm32f4xx_hal.o(i.HAL_GetTick)
    i.HAL_IncTick                            0x08000ec4   Section        0  stm32f4xx_hal.o(i.HAL_IncTick)
    i.HAL_Init                               0x08000edc   Section        0  stm32f4xx_hal.o(i.HAL_Init)
    i.HAL_InitTick                           0x08000f18   Section        0  stm32f4xx_hal_timebase_tim.o(i.HAL_InitTick)
    i.HAL_MspInit                            0x08000fb8   Section        0  stm32f4xx_hal_msp.o(i.HAL_MspInit)
    i.HAL_NVIC_EnableIRQ                     0x0800100c   Section        0  stm32f4xx_hal_cortex.o(i.HAL_NVIC_EnableIRQ)
    i.HAL_NVIC_SetPriority                   0x08001034   Section        0  stm32f4xx_hal_cortex.o(i.HAL_NVIC_SetPriority)
    i.HAL_NVIC_SetPriorityGrouping           0x080010b0   Section        0  stm32f4xx_hal_cortex.o(i.HAL_NVIC_SetPriorityGrouping)
    i.HAL_RCC_ClockConfig                    0x080010d8   Section        0  stm32f4xx_hal_rcc.o(i.HAL_RCC_ClockConfig)
    i.HAL_RCC_GetClockConfig                 0x0800125c   Section        0  stm32f4xx_hal_rcc.o(i.HAL_RCC_GetClockConfig)
    i.HAL_RCC_GetHCLKFreq                    0x080012a0   Section        0  stm32f4xx_hal_rcc.o(i.HAL_RCC_GetHCLKFreq)
    i.HAL_RCC_GetPCLK1Freq                   0x080012ac   Section        0  stm32f4xx_hal_rcc.o(i.HAL_RCC_GetPCLK1Freq)
    i.HAL_RCC_GetPCLK2Freq                   0x080012cc   Section        0  stm32f4xx_hal_rcc.o(i.HAL_RCC_GetPCLK2Freq)
    i.HAL_RCC_GetSysClockFreq                0x080012ec   Section        0  stm32f4xx_hal_rcc.o(i.HAL_RCC_GetSysClockFreq)
    i.HAL_RCC_OscConfig                      0x08001398   Section        0  stm32f4xx_hal_rcc.o(i.HAL_RCC_OscConfig)
    i.HAL_TIMEx_BreakCallback                0x08001834   Section        0  stm32f4xx_hal_tim_ex.o(i.HAL_TIMEx_BreakCallback)
    i.HAL_TIMEx_CommutCallback               0x08001836   Section        0  stm32f4xx_hal_tim_ex.o(i.HAL_TIMEx_CommutCallback)
    i.HAL_TIM_Base_Init                      0x08001838   Section        0  stm32f4xx_hal_tim.o(i.HAL_TIM_Base_Init)
    i.HAL_TIM_Base_MspInit                   0x0800189e   Section        0  stm32f4xx_hal_tim.o(i.HAL_TIM_Base_MspInit)
    i.HAL_TIM_Base_Start_IT                  0x080018a0   Section        0  stm32f4xx_hal_tim.o(i.HAL_TIM_Base_Start_IT)
    i.HAL_TIM_IC_CaptureCallback             0x08001948   Section        0  stm32f4xx_hal_tim.o(i.HAL_TIM_IC_CaptureCallback)
    i.HAL_TIM_IRQHandler                     0x0800194a   Section        0  stm32f4xx_hal_tim.o(i.HAL_TIM_IRQHandler)
    i.HAL_TIM_OC_DelayElapsedCallback        0x08001ab6   Section        0  stm32f4xx_hal_tim.o(i.HAL_TIM_OC_DelayElapsedCallback)
    i.HAL_TIM_PWM_PulseFinishedCallback      0x08001ab8   Section        0  stm32f4xx_hal_tim.o(i.HAL_TIM_PWM_PulseFinishedCallback)
    i.HAL_TIM_PeriodElapsedCallback          0x08001abc   Section        0  main.o(i.HAL_TIM_PeriodElapsedCallback)
    i.HAL_TIM_TriggerCallback                0x08001ad4   Section        0  stm32f4xx_hal_tim.o(i.HAL_TIM_TriggerCallback)
    i.HAL_UART_Init                          0x08001ad6   Section        0  stm32f4xx_hal_uart.o(i.HAL_UART_Init)
    i.HAL_UART_MspInit                       0x08001b4c   Section        0  usart.o(i.HAL_UART_MspInit)
    i.HardFault_Handler                      0x08001cfc   Section        0  stm32f4xx_it.o(i.HardFault_Handler)
    i.MX_CAN1_Init                           0x08001d00   Section        0  can.o(i.MX_CAN1_Init)
    i.MX_CAN2_Init                           0x08001d40   Section        0  can.o(i.MX_CAN2_Init)
    i.MX_FREERTOS_Init                       0x08001d80   Section        0  freertos.o(i.MX_FREERTOS_Init)
    i.MX_GPIO_Init                           0x08001e18   Section        0  gpio.o(i.MX_GPIO_Init)
    i.MX_UART5_Init                          0x08001edc   Section        0  usart.o(i.MX_UART5_Init)
    i.MX_USART1_UART_Init                    0x08001f14   Section        0  usart.o(i.MX_USART1_UART_Init)
    i.MX_USART3_UART_Init                    0x08001f50   Section        0  usart.o(i.MX_USART3_UART_Init)
    i.Manual_control                         0x08001f88   Section        0  chassis_task.o(i.Manual_control)
    Manual_control                           0x08001f89   Thumb Code   128  chassis_task.o(i.Manual_control)
    i.Manual_control                         0x08002018   Section        0  gimbal_task.o(i.Manual_control)
    Manual_control                           0x08002019   Thumb Code    30  gimbal_task.o(i.Manual_control)
    i.MemManage_Handler                      0x08002044   Section        0  stm32f4xx_it.o(i.MemManage_Handler)
    i.NMI_Handler                            0x08002048   Section        0  stm32f4xx_it.o(i.NMI_Handler)
    i.PID_struct_init                        0x0800204c   Section        0  pid.o(i.PID_struct_init)
    i.StartDefaultTask                       0x080020b4   Section        0  freertos.o(i.StartDefaultTask)
    i.SysTick_Handler                        0x080020c0   Section        0  port.o(i.SysTick_Handler)
    i.SystemClock_Config                     0x080020f4   Section        0  main.o(i.SystemClock_Config)
    i.SystemInit                             0x080021a8   Section        0  system_stm32f4xx.o(i.SystemInit)
    i.TIM1_UP_TIM10_IRQHandler               0x080021bc   Section        0  stm32f4xx_it.o(i.TIM1_UP_TIM10_IRQHandler)
    i.TIM_Base_SetConfig                     0x080021cc   Section        0  stm32f4xx_hal_tim.o(i.TIM_Base_SetConfig)
    i.UART_SetConfig                         0x080022b4   Section        0  stm32f4xx_hal_uart.o(i.UART_SetConfig)
    UART_SetConfig                           0x080022b5   Thumb Code   546  stm32f4xx_hal_uart.o(i.UART_SetConfig)
    i.UsageFault_Handler                     0x080024e0   Section        0  stm32f4xx_it.o(i.UsageFault_Handler)
    i.__NVIC_GetPriorityGrouping             0x080024e4   Section        0  stm32f4xx_hal_cortex.o(i.__NVIC_GetPriorityGrouping)
    __NVIC_GetPriorityGrouping               0x080024e5   Thumb Code    10  stm32f4xx_hal_cortex.o(i.__NVIC_GetPriorityGrouping)
    i.__NVIC_SetPriority                     0x080024f4   Section        0  stm32f4xx_hal_cortex.o(i.__NVIC_SetPriority)
    __NVIC_SetPriority                       0x080024f5   Thumb Code    32  stm32f4xx_hal_cortex.o(i.__NVIC_SetPriority)
    i.abs_limit                              0x0800251c   Section        0  pid.o(i.abs_limit)
    i.can1_send_message                      0x0800255c   Section        0  bsp_can.o(i.can1_send_message)
    i.can_comm_task                          0x080025fc   Section        0  can_comm.o(i.can_comm_task)
    i.chassis_control                        0x08002654   Section        0  chassis_task.o(i.chassis_control)
    chassis_control                          0x08002655   Thumb Code    42  chassis_task.o(i.chassis_control)
    i.chassis_param_init                     0x08002684   Section        0  chassis_task.o(i.chassis_param_init)
    chassis_param_init                       0x08002685   Thumb Code   256  chassis_task.o(i.chassis_param_init)
    i.chassis_pid_calcu                      0x080027ac   Section        0  chassis_task.o(i.chassis_pid_calcu)
    i.chassis_task                           0x08002848   Section        0  chassis_task.o(i.chassis_task)
    i.duo_wheel_reinit                       0x08002874   Section        0  chassis_task.o(i.duo_wheel_reinit)
    duo_wheel_reinit                         0x08002875   Thumb Code    16  chassis_task.o(i.duo_wheel_reinit)
    i.f_Changing_Integration_Rate            0x0800288c   Section        0  pid.o(i.f_Changing_Integration_Rate)
    f_Changing_Integration_Rate              0x0800288d   Thumb Code   194  pid.o(i.f_Changing_Integration_Rate)
    i.f_Derivative_Filter                    0x08002954   Section        0  pid.o(i.f_Derivative_Filter)
    f_Derivative_Filter                      0x08002955   Thumb Code    66  pid.o(i.f_Derivative_Filter)
    i.f_Derivative_On_Measurement            0x08002996   Section        0  pid.o(i.f_Derivative_On_Measurement)
    f_Derivative_On_Measurement              0x08002997   Thumb Code     2  pid.o(i.f_Derivative_On_Measurement)
    i.f_Integral_Limit                       0x08002998   Section        0  pid.o(i.f_Integral_Limit)
    f_Integral_Limit                         0x08002999   Thumb Code   282  pid.o(i.f_Integral_Limit)
    i.f_Trapezoid_Intergral                  0x08002ac0   Section        0  pid.o(i.f_Trapezoid_Intergral)
    f_Trapezoid_Intergral                    0x08002ac1   Thumb Code    42  pid.o(i.f_Trapezoid_Intergral)
    i.get_vehicle_position                   0x08002aec   Section        0  chassis_task.o(i.get_vehicle_position)
    get_vehicle_position                     0x08002aed   Thumb Code   242  chassis_task.o(i.get_vehicle_position)
    i.gimbal_control                         0x08002bec   Section        0  gimbal_task.o(i.gimbal_control)
    gimbal_control                           0x08002bed   Thumb Code    40  gimbal_task.o(i.gimbal_control)
    i.gimbal_param_init                      0x08002c18   Section        0  gimbal_task.o(i.gimbal_param_init)
    gimbal_param_init                        0x08002c19   Thumb Code   106  gimbal_task.o(i.gimbal_param_init)
    i.gimbal_pid_calcu                       0x08002ca0   Section        0  gimbal_task.o(i.gimbal_pid_calcu)
    i.gimbal_task                            0x08002cf4   Section        0  gimbal_task.o(i.gimbal_task)
    i.inHandlerMode                          0x08002d1c   Section        0  cmsis_os.o(i.inHandlerMode)
    inHandlerMode                            0x08002d1d   Thumb Code    16  cmsis_os.o(i.inHandlerMode)
    i.main                                   0x08002d2c   Section        0  main.o(i.main)
    i.makeFreeRtosPriority                   0x08002d58   Section        0  cmsis_os.o(i.makeFreeRtosPriority)
    makeFreeRtosPriority                     0x08002d59   Thumb Code    14  cmsis_os.o(i.makeFreeRtosPriority)
    i.mode_switch_task                       0x08002d68   Section        0  modeswitch_task.o(i.mode_switch_task)
    i.osDelay                                0x08002d94   Section        0  cmsis_os.o(i.osDelay)
    i.osDelayUntil                           0x08002dac   Section        0  cmsis_os.o(i.osDelayUntil)
    i.osKernelStart                          0x08002db2   Section        0  cmsis_os.o(i.osKernelStart)
    i.osKernelSysTick                        0x08002dbc   Section        0  cmsis_os.o(i.osKernelSysTick)
    i.osThreadCreate                         0x08002dd0   Section        0  cmsis_os.o(i.osThreadCreate)
    i.pid_calc                               0x08002e30   Section        0  pid.o(i.pid_calc)
    i.pid_param_init                         0x08002ff4   Section        0  pid.o(i.pid_param_init)
    pid_param_init                           0x08002ff5   Thumb Code    34  pid.o(i.pid_param_init)
    i.pid_reset                              0x08003016   Section        0  pid.o(i.pid_reset)
    pid_reset                                0x08003017   Thumb Code    14  pid.o(i.pid_reset)
    i.prvAddCurrentTaskToDelayedList         0x08003024   Section        0  tasks.o(i.prvAddCurrentTaskToDelayedList)
    prvAddCurrentTaskToDelayedList           0x08003025   Thumb Code   124  tasks.o(i.prvAddCurrentTaskToDelayedList)
    i.prvAddNewTaskToReadyList               0x080030bc   Section        0  tasks.o(i.prvAddNewTaskToReadyList)
    prvAddNewTaskToReadyList                 0x080030bd   Thumb Code   150  tasks.o(i.prvAddNewTaskToReadyList)
    i.prvCheckTasksWaitingTermination        0x08003170   Section        0  tasks.o(i.prvCheckTasksWaitingTermination)
    prvCheckTasksWaitingTermination          0x08003171   Thumb Code    60  tasks.o(i.prvCheckTasksWaitingTermination)
    i.prvDeleteTCB                           0x080031b8   Section        0  tasks.o(i.prvDeleteTCB)
    prvDeleteTCB                             0x080031b9   Thumb Code    80  tasks.o(i.prvDeleteTCB)
    i.prvHeapInit                            0x08003208   Section        0  heap_4.o(i.prvHeapInit)
    prvHeapInit                              0x08003209   Thumb Code    98  heap_4.o(i.prvHeapInit)
    i.prvIdleTask                            0x08003284   Section        0  tasks.o(i.prvIdleTask)
    prvIdleTask                              0x08003285   Thumb Code    32  tasks.o(i.prvIdleTask)
    i.prvInitialiseNewTask                   0x080032ac   Section        0  tasks.o(i.prvInitialiseNewTask)
    prvInitialiseNewTask                     0x080032ad   Thumb Code   180  tasks.o(i.prvInitialiseNewTask)
    i.prvInitialiseTaskLists                 0x08003360   Section        0  tasks.o(i.prvInitialiseTaskLists)
    prvInitialiseTaskLists                   0x08003361   Thumb Code    70  tasks.o(i.prvInitialiseTaskLists)
    i.prvInsertBlockIntoFreeList             0x080033c8   Section        0  heap_4.o(i.prvInsertBlockIntoFreeList)
    prvInsertBlockIntoFreeList               0x080033c9   Thumb Code    96  heap_4.o(i.prvInsertBlockIntoFreeList)
    i.prvResetNextTaskUnblockTime            0x08003430   Section        0  tasks.o(i.prvResetNextTaskUnblockTime)
    prvResetNextTaskUnblockTime              0x08003431   Thumb Code    42  tasks.o(i.prvResetNextTaskUnblockTime)
    i.prvTaskExitError                       0x08003464   Section        0  port.o(i.prvTaskExitError)
    prvTaskExitError                         0x08003465   Thumb Code    60  port.o(i.prvTaskExitError)
    i.pvPortMalloc                           0x080034a4   Section        0  heap_4.o(i.pvPortMalloc)
    i.pxPortInitialiseStack                  0x080035f0   Section        0  port.o(i.pxPortInitialiseStack)
    i.ramp_calc                              0x0800361c   Section        0  math_calcu.o(i.ramp_calc)
    i.sw1_mode_handler                       0x08003678   Section        0  modeswitch_task.o(i.sw1_mode_handler)
    sw1_mode_handler                         0x08003679   Thumb Code    48  modeswitch_task.o(i.sw1_mode_handler)
    i.unlock_init                            0x080036b0   Section        0  modeswitch_task.o(i.unlock_init)
    unlock_init                              0x080036b1   Thumb Code    48  modeswitch_task.o(i.unlock_init)
    i.uxListRemove                           0x080036e8   Section        0  list.o(i.uxListRemove)
    i.vApplicationGetIdleTaskMemory          0x08003710   Section        0  freertos.o(i.vApplicationGetIdleTaskMemory)
    i.vListInitialise                        0x08003728   Section        0  list.o(i.vListInitialise)
    i.vListInitialiseItem                    0x08003742   Section        0  list.o(i.vListInitialiseItem)
    i.vListInsert                            0x08003748   Section        0  list.o(i.vListInsert)
    i.vListInsertEnd                         0x0800377c   Section        0  list.o(i.vListInsertEnd)
    i.vPortEnterCritical                     0x08003794   Section        0  port.o(i.vPortEnterCritical)
    i.vPortExitCritical                      0x080037e8   Section        0  port.o(i.vPortExitCritical)
    i.vPortFree                              0x08003824   Section        0  heap_4.o(i.vPortFree)
    i.vPortSetupTimerInterrupt               0x080038c8   Section        0  port.o(i.vPortSetupTimerInterrupt)
    i.vPortValidateInterruptPriority         0x080038f0   Section        0  port.o(i.vPortValidateInterruptPriority)
    i.vTaskDelay                             0x08003968   Section        0  tasks.o(i.vTaskDelay)
    i.vTaskStartScheduler                    0x080039c4   Section        0  tasks.o(i.vTaskStartScheduler)
    i.vTaskSuspendAll                        0x08003a74   Section        0  tasks.o(i.vTaskSuspendAll)
    i.vTaskSwitchContext                     0x08003a84   Section        0  tasks.o(i.vTaskSwitchContext)
    i.vehicle_calibration                    0x08003b10   Section        0  chassis_task.o(i.vehicle_calibration)
    vehicle_calibration                      0x08003b11   Thumb Code    40  chassis_task.o(i.vehicle_calibration)
    i.xPortStartScheduler                    0x08003b48   Section        0  port.o(i.xPortStartScheduler)
    i.xTaskCreate                            0x08003cb0   Section        0  tasks.o(i.xTaskCreate)
    i.xTaskCreateStatic                      0x08003d14   Section        0  tasks.o(i.xTaskCreateStatic)
    i.xTaskGetTickCount                      0x08003dd0   Section        0  tasks.o(i.xTaskGetTickCount)
    i.xTaskGetTickCountFromISR               0x08003ddc   Section        0  tasks.o(i.xTaskGetTickCountFromISR)
    i.xTaskIncrementTick                     0x08003df0   Section        0  tasks.o(i.xTaskIncrementTick)
    i.xTaskResumeAll                         0x08003f38   Section        0  tasks.o(i.xTaskResumeAll)
    x$fpl$fpinit                             0x0800403c   Section       10  fpinit.o(x$fpl$fpinit)
    $v0                                      0x0800403c   Number         0  fpinit.o(x$fpl$fpinit)
    .constdata                               0x08004048   Section      140  freertos.o(.constdata)
    .constdata                               0x080040d4   Section       24  system_stm32f4xx.o(.constdata)
    .conststring                             0x080040ec   Section       63  freertos.o(.conststring)
    .data                                    0x20000000   Section       20  freertos.o(.data)
    .data                                    0x20000014   Section        4  can.o(.data)
    HAL_RCC_CAN1_CLK_ENABLED                 0x20000014   Data           4  can.o(.data)
    .data                                    0x20000018   Section        9  stm32f4xx_hal.o(.data)
    .data                                    0x20000024   Section        4  system_stm32f4xx.o(.data)
    .data                                    0x20000028   Section       60  tasks.o(.data)
    pxDelayedTaskList                        0x2000002c   Data           4  tasks.o(.data)
    pxOverflowDelayedTaskList                0x20000030   Data           4  tasks.o(.data)
    uxDeletedTasksWaitingCleanUp             0x20000034   Data           4  tasks.o(.data)
    uxCurrentNumberOfTasks                   0x20000038   Data           4  tasks.o(.data)
    xTickCount                               0x2000003c   Data           4  tasks.o(.data)
    uxTopReadyPriority                       0x20000040   Data           4  tasks.o(.data)
    xSchedulerRunning                        0x20000044   Data           4  tasks.o(.data)
    xPendedTicks                             0x20000048   Data           4  tasks.o(.data)
    xYieldPending                            0x2000004c   Data           4  tasks.o(.data)
    xNumOfOverflows                          0x20000050   Data           4  tasks.o(.data)
    uxTaskNumber                             0x20000054   Data           4  tasks.o(.data)
    xNextTaskUnblockTime                     0x20000058   Data           4  tasks.o(.data)
    xIdleTaskHandle                          0x2000005c   Data           4  tasks.o(.data)
    uxSchedulerSuspended                     0x20000060   Data           4  tasks.o(.data)
    .data                                    0x20000064   Section       32  heap_4.o(.data)
    xStart                                   0x20000064   Data           8  heap_4.o(.data)
    pxEnd                                    0x2000006c   Data           4  heap_4.o(.data)
    xFreeBytesRemaining                      0x20000070   Data           4  heap_4.o(.data)
    xMinimumEverFreeBytesRemaining           0x20000074   Data           4  heap_4.o(.data)
    xNumberOfSuccessfulAllocations           0x20000078   Data           4  heap_4.o(.data)
    xNumberOfSuccessfulFrees                 0x2000007c   Data           4  heap_4.o(.data)
    xBlockAllocatedBit                       0x20000080   Data           4  heap_4.o(.data)
    .data                                    0x20000084   Section       12  port.o(.data)
    uxCriticalNesting                        0x20000084   Data           4  port.o(.data)
    ucMaxSysCallPriority                     0x20000088   Data           1  port.o(.data)
    ulMaxPRIGROUPValue                       0x2000008c   Data           4  port.o(.data)
    .data                                    0x20000090   Section        3  modeswitch_task.o(.data)
    .data                                    0x20000094   Section       16  bsp_can.o(.data)
    pCAN1_RxFifo0CpltCallback                0x20000094   Data           4  bsp_can.o(.data)
    pCAN2_RxFifo1CpltCallback                0x20000098   Data           4  bsp_can.o(.data)
    MailBox                                  0x2000009c   Data           4  bsp_can.o(.data)
    MailBox                                  0x200000a0   Data           4  bsp_can.o(.data)
    .data                                    0x200000a4   Section        8  pid.o(.data)
    temp_Output                              0x200000a4   Data           4  pid.o(.data)
    temp_Iout                                0x200000a8   Data           4  pid.o(.data)
    .bss                                     0x200000ac   Section      596  freertos.o(.bss)
    xIdleTaskTCBBuffer                       0x200000ac   Data          84  freertos.o(.bss)
    xIdleStack                               0x20000100   Data         512  freertos.o(.bss)
    .bss                                     0x20000300   Section       80  can.o(.bss)
    .bss                                     0x20000350   Section      216  usart.o(.bss)
    .bss                                     0x20000428   Section       72  stm32f4xx_hal_timebase_tim.o(.bss)
    .bss                                     0x20000470   Section      240  tasks.o(.bss)
    pxReadyTasksLists                        0x20000470   Data         140  tasks.o(.bss)
    xDelayedTaskList1                        0x200004fc   Data          20  tasks.o(.bss)
    xDelayedTaskList2                        0x20000510   Data          20  tasks.o(.bss)
    xPendingReadyList                        0x20000524   Data          20  tasks.o(.bss)
    xTasksWaitingTermination                 0x20000538   Data          20  tasks.o(.bss)
    xSuspendedTaskList                       0x2000054c   Data          20  tasks.o(.bss)
    .bss                                     0x20000560   Section    15360  heap_4.o(.bss)
    ucHeap                                   0x20000560   Data       15360  heap_4.o(.bss)
    .bss                                     0x20004160   Section     1012  chassis_task.o(.bss)
    chassis_x_ramp                           0x20004540   Data          20  chassis_task.o(.bss)
    .bss                                     0x20004554   Section      340  gimbal_task.o(.bss)
    .bss                                     0x200046a8   Section      110  judge_comm.o(.bss)
    .bss                                     0x20004718   Section       36  remote_comm.o(.bss)
    .bss                                     0x2000473c   Section       96  libspace.o(.bss)
    HEAP                                     0x200047a0   Section      512  startup_stm32f407xx.o(HEAP)
    Heap_Mem                                 0x200047a0   Data         512  startup_stm32f407xx.o(HEAP)
    STACK                                    0x200049a0   Section     1024  startup_stm32f407xx.o(STACK)
    Stack_Mem                                0x200049a0   Data        1024  startup_stm32f407xx.o(STACK)
    __initial_sp                             0x20004da0   Data           0  startup_stm32f407xx.o(STACK)

    Global Symbols

    Symbol Name                              Value     Ov Type        Size  Object(Section)

    BuildAttributes$$THM_ISAv4$E$P$D$K$B$S$7EM$VFPi3$EXTD16$VFPS$VFMA$PE$A:L22UL41UL21$X:L11$S22US41US21$IEEE1$IW$USESV6$~STKCKD$USESV7$~SHL$OTIME$ROPI$IEEEX$EBA8$UX$STANDARDLIB$REQ8$PRES8$EABIv2 0x00000000   Number         0  anon$$obj.o ABSOLUTE
    __ARM_use_no_argv                        0x00000000   Number         0  main.o ABSOLUTE
    __ARM_exceptions_init                     - Undefined Weak Reference
    __alloca_initialize                       - Undefined Weak Reference
    __arm_preinit_                            - Undefined Weak Reference
    __cpp_initialize__aeabi_                  - Undefined Weak Reference
    __cxa_finalize                            - Undefined Weak Reference
    __rt_locale                               - Undefined Weak Reference
    __sigvec_lookup                           - Undefined Weak Reference
    _atexit_init                              - Undefined Weak Reference
    _call_atexit_fns                          - Undefined Weak Reference
    _clock_init                               - Undefined Weak Reference
    _fp_trap_init                             - Undefined Weak Reference
    _fp_trap_shutdown                         - Undefined Weak Reference
    _get_lc_collate                           - Undefined Weak Reference
    _get_lc_ctype                             - Undefined Weak Reference
    _get_lc_monetary                          - Undefined Weak Reference
    _get_lc_numeric                           - Undefined Weak Reference
    _get_lc_time                              - Undefined Weak Reference
    _getenv_init                              - Undefined Weak Reference
    _handle_redirection                       - Undefined Weak Reference
    _init_alloc                               - Undefined Weak Reference
    _init_user_alloc                          - Undefined Weak Reference
    _initio                                   - Undefined Weak Reference
    _rand_init                                - Undefined Weak Reference
    _signal_finish                            - Undefined Weak Reference
    _signal_init                              - Undefined Weak Reference
    _terminate_alloc                          - Undefined Weak Reference
    _terminate_user_alloc                     - Undefined Weak Reference
    _terminateio                              - Undefined Weak Reference
    __Vectors_Size                           0x00000188   Number         0  startup_stm32f407xx.o ABSOLUTE
    __Vectors                                0x08000000   Data           4  startup_stm32f407xx.o(RESET)
    __Vectors_End                            0x08000188   Data           0  startup_stm32f407xx.o(RESET)
    __main                                   0x08000189   Thumb Code     8  __main.o(!!!main)
    __scatterload                            0x08000191   Thumb Code     0  __scatter.o(!!!scatter)
    __scatterload_rt2                        0x08000191   Thumb Code    44  __scatter.o(!!!scatter)
    __scatterload_rt2_thumb_only             0x08000191   Thumb Code     0  __scatter.o(!!!scatter)
    __scatterload_null                       0x0800019f   Thumb Code     0  __scatter.o(!!!scatter)
    __scatterload_copy                       0x080001c5   Thumb Code    26  __scatter_copy.o(!!handler_copy)
    __scatterload_zeroinit                   0x080001e1   Thumb Code    28  __scatter_zi.o(!!handler_zi)
    __rt_lib_init                            0x080001fd   Thumb Code     0  libinit.o(.ARM.Collect$$libinit$$00000000)
    __rt_lib_init_fp_1                       0x080001ff   Thumb Code     0  libinit2.o(.ARM.Collect$$libinit$$00000001)
    __rt_lib_init_alloca_1                   0x08000203   Thumb Code     0  libinit2.o(.ARM.Collect$$libinit$$0000002E)
    __rt_lib_init_argv_1                     0x08000203   Thumb Code     0  libinit2.o(.ARM.Collect$$libinit$$0000002C)
    __rt_lib_init_atexit_1                   0x08000203   Thumb Code     0  libinit2.o(.ARM.Collect$$libinit$$0000001B)
    __rt_lib_init_clock_1                    0x08000203   Thumb Code     0  libinit2.o(.ARM.Collect$$libinit$$00000021)
    __rt_lib_init_cpp_1                      0x08000203   Thumb Code     0  libinit2.o(.ARM.Collect$$libinit$$00000032)
    __rt_lib_init_exceptions_1               0x08000203   Thumb Code     0  libinit2.o(.ARM.Collect$$libinit$$00000030)
    __rt_lib_init_fp_trap_1                  0x08000203   Thumb Code     0  libinit2.o(.ARM.Collect$$libinit$$0000001F)
    __rt_lib_init_getenv_1                   0x08000203   Thumb Code     0  libinit2.o(.ARM.Collect$$libinit$$00000023)
    __rt_lib_init_heap_1                     0x08000203   Thumb Code     0  libinit2.o(.ARM.Collect$$libinit$$0000000A)
    __rt_lib_init_lc_collate_1               0x08000203   Thumb Code     0  libinit2.o(.ARM.Collect$$libinit$$00000011)
    __rt_lib_init_lc_ctype_1                 0x08000203   Thumb Code     0  libinit2.o(.ARM.Collect$$libinit$$00000013)
    __rt_lib_init_lc_monetary_1              0x08000203   Thumb Code     0  libinit2.o(.ARM.Collect$$libinit$$00000015)
    __rt_lib_init_lc_numeric_1               0x08000203   Thumb Code     0  libinit2.o(.ARM.Collect$$libinit$$00000017)
    __rt_lib_init_lc_time_1                  0x08000203   Thumb Code     0  libinit2.o(.ARM.Collect$$libinit$$00000019)
    __rt_lib_init_preinit_1                  0x08000203   Thumb Code     0  libinit2.o(.ARM.Collect$$libinit$$00000004)
    __rt_lib_init_rand_1                     0x08000203   Thumb Code     0  libinit2.o(.ARM.Collect$$libinit$$0000000E)
    __rt_lib_init_return                     0x08000203   Thumb Code     0  libinit2.o(.ARM.Collect$$libinit$$00000033)
    __rt_lib_init_signal_1                   0x08000203   Thumb Code     0  libinit2.o(.ARM.Collect$$libinit$$0000001D)
    __rt_lib_init_stdio_1                    0x08000203   Thumb Code     0  libinit2.o(.ARM.Collect$$libinit$$00000025)
    __rt_lib_init_user_alloc_1               0x08000203   Thumb Code     0  libinit2.o(.ARM.Collect$$libinit$$0000000C)
    __rt_lib_shutdown                        0x08000205   Thumb Code     0  libshutdown.o(.ARM.Collect$$libshutdown$$00000000)
    __rt_lib_shutdown_cpp_1                  0x08000207   Thumb Code     0  libshutdown2.o(.ARM.Collect$$libshutdown$$00000002)
    __rt_lib_shutdown_fp_trap_1              0x08000207   Thumb Code     0  libshutdown2.o(.ARM.Collect$$libshutdown$$00000007)
    __rt_lib_shutdown_heap_1                 0x08000207   Thumb Code     0  libshutdown2.o(.ARM.Collect$$libshutdown$$0000000F)
    __rt_lib_shutdown_return                 0x08000207   Thumb Code     0  libshutdown2.o(.ARM.Collect$$libshutdown$$00000010)
    __rt_lib_shutdown_signal_1               0x08000207   Thumb Code     0  libshutdown2.o(.ARM.Collect$$libshutdown$$0000000A)
    __rt_lib_shutdown_stdio_1                0x08000207   Thumb Code     0  libshutdown2.o(.ARM.Collect$$libshutdown$$00000004)
    __rt_lib_shutdown_user_alloc_1           0x08000207   Thumb Code     0  libshutdown2.o(.ARM.Collect$$libshutdown$$0000000C)
    __rt_entry                               0x08000209   Thumb Code     0  __rtentry.o(.ARM.Collect$$rtentry$$00000000)
    __rt_entry_presh_1                       0x08000209   Thumb Code     0  __rtentry2.o(.ARM.Collect$$rtentry$$00000002)
    __rt_entry_sh                            0x08000209   Thumb Code     0  __rtentry4.o(.ARM.Collect$$rtentry$$00000004)
    __rt_entry_li                            0x0800020f   Thumb Code     0  __rtentry2.o(.ARM.Collect$$rtentry$$0000000A)
    __rt_entry_postsh_1                      0x0800020f   Thumb Code     0  __rtentry2.o(.ARM.Collect$$rtentry$$00000009)
    __rt_entry_main                          0x08000213   Thumb Code     0  __rtentry2.o(.ARM.Collect$$rtentry$$0000000D)
    __rt_entry_postli_1                      0x08000213   Thumb Code     0  __rtentry2.o(.ARM.Collect$$rtentry$$0000000C)
    __rt_exit                                0x0800021b   Thumb Code     0  rtexit.o(.ARM.Collect$$rtexit$$00000000)
    __rt_exit_ls                             0x0800021d   Thumb Code     0  rtexit2.o(.ARM.Collect$$rtexit$$00000003)
    __rt_exit_prels_1                        0x0800021d   Thumb Code     0  rtexit2.o(.ARM.Collect$$rtexit$$00000002)
    __rt_exit_exit                           0x08000221   Thumb Code     0  rtexit2.o(.ARM.Collect$$rtexit$$00000004)
    SVC_Handler                              0x08000229   Thumb Code    28  port.o(.emb_text)
    __asm___6_port_c_39a90d8d__prvStartFirstTask 0x08000249   Thumb Code    36  port.o(.emb_text)
    __asm___6_port_c_39a90d8d__prvEnableVFP  0x08000271   Thumb Code    16  port.o(.emb_text)
    PendSV_Handler                           0x08000285   Thumb Code    88  port.o(.emb_text)
    vPortGetIPSR                             0x080002e1   Thumb Code     6  port.o(.emb_text)
    Reset_Handler                            0x080002e9   Thumb Code     8  startup_stm32f407xx.o(.text)
    ADC_IRQHandler                           0x08000303   Thumb Code     0  startup_stm32f407xx.o(.text)
    CAN1_RX0_IRQHandler                      0x08000303   Thumb Code     0  startup_stm32f407xx.o(.text)
    CAN1_RX1_IRQHandler                      0x08000303   Thumb Code     0  startup_stm32f407xx.o(.text)
    CAN1_SCE_IRQHandler                      0x08000303   Thumb Code     0  startup_stm32f407xx.o(.text)
    CAN1_TX_IRQHandler                       0x08000303   Thumb Code     0  startup_stm32f407xx.o(.text)
    CAN2_RX0_IRQHandler                      0x08000303   Thumb Code     0  startup_stm32f407xx.o(.text)
    CAN2_RX1_IRQHandler                      0x08000303   Thumb Code     0  startup_stm32f407xx.o(.text)
    CAN2_SCE_IRQHandler                      0x08000303   Thumb Code     0  startup_stm32f407xx.o(.text)
    CAN2_TX_IRQHandler                       0x08000303   Thumb Code     0  startup_stm32f407xx.o(.text)
    DCMI_IRQHandler                          0x08000303   Thumb Code     0  startup_stm32f407xx.o(.text)
    DMA1_Stream0_IRQHandler                  0x08000303   Thumb Code     0  startup_stm32f407xx.o(.text)
    DMA1_Stream1_IRQHandler                  0x08000303   Thumb Code     0  startup_stm32f407xx.o(.text)
    DMA1_Stream2_IRQHandler                  0x08000303   Thumb Code     0  startup_stm32f407xx.o(.text)
    DMA1_Stream3_IRQHandler                  0x08000303   Thumb Code     0  startup_stm32f407xx.o(.text)
    DMA1_Stream4_IRQHandler                  0x08000303   Thumb Code     0  startup_stm32f407xx.o(.text)
    DMA1_Stream5_IRQHandler                  0x08000303   Thumb Code     0  startup_stm32f407xx.o(.text)
    DMA1_Stream6_IRQHandler                  0x08000303   Thumb Code     0  startup_stm32f407xx.o(.text)
    DMA1_Stream7_IRQHandler                  0x08000303   Thumb Code     0  startup_stm32f407xx.o(.text)
    DMA2_Stream0_IRQHandler                  0x08000303   Thumb Code     0  startup_stm32f407xx.o(.text)
    DMA2_Stream1_IRQHandler                  0x08000303   Thumb Code     0  startup_stm32f407xx.o(.text)
    DMA2_Stream2_IRQHandler                  0x08000303   Thumb Code     0  startup_stm32f407xx.o(.text)
    DMA2_Stream3_IRQHandler                  0x08000303   Thumb Code     0  startup_stm32f407xx.o(.text)
    DMA2_Stream4_IRQHandler                  0x08000303   Thumb Code     0  startup_stm32f407xx.o(.text)
    DMA2_Stream5_IRQHandler                  0x08000303   Thumb Code     0  startup_stm32f407xx.o(.text)
    DMA2_Stream6_IRQHandler                  0x08000303   Thumb Code     0  startup_stm32f407xx.o(.text)
    DMA2_Stream7_IRQHandler                  0x08000303   Thumb Code     0  startup_stm32f407xx.o(.text)
    ETH_IRQHandler                           0x08000303   Thumb Code     0  startup_stm32f407xx.o(.text)
    ETH_WKUP_IRQHandler                      0x08000303   Thumb Code     0  startup_stm32f407xx.o(.text)
    EXTI0_IRQHandler                         0x08000303   Thumb Code     0  startup_stm32f407xx.o(.text)
    EXTI15_10_IRQHandler                     0x08000303   Thumb Code     0  startup_stm32f407xx.o(.text)
    EXTI1_IRQHandler                         0x08000303   Thumb Code     0  startup_stm32f407xx.o(.text)
    EXTI2_IRQHandler                         0x08000303   Thumb Code     0  startup_stm32f407xx.o(.text)
    EXTI3_IRQHandler                         0x08000303   Thumb Code     0  startup_stm32f407xx.o(.text)
    EXTI4_IRQHandler                         0x08000303   Thumb Code     0  startup_stm32f407xx.o(.text)
    EXTI9_5_IRQHandler                       0x08000303   Thumb Code     0  startup_stm32f407xx.o(.text)
    FLASH_IRQHandler                         0x08000303   Thumb Code     0  startup_stm32f407xx.o(.text)
    FMC_IRQHandler                           0x08000303   Thumb Code     0  startup_stm32f407xx.o(.text)
    FPU_IRQHandler                           0x08000303   Thumb Code     0  startup_stm32f407xx.o(.text)
    HASH_RNG_IRQHandler                      0x08000303   Thumb Code     0  startup_stm32f407xx.o(.text)
    I2C1_ER_IRQHandler                       0x08000303   Thumb Code     0  startup_stm32f407xx.o(.text)
    I2C1_EV_IRQHandler                       0x08000303   Thumb Code     0  startup_stm32f407xx.o(.text)
    I2C2_ER_IRQHandler                       0x08000303   Thumb Code     0  startup_stm32f407xx.o(.text)
    I2C2_EV_IRQHandler                       0x08000303   Thumb Code     0  startup_stm32f407xx.o(.text)
    I2C3_ER_IRQHandler                       0x08000303   Thumb Code     0  startup_stm32f407xx.o(.text)
    I2C3_EV_IRQHandler                       0x08000303   Thumb Code     0  startup_stm32f407xx.o(.text)
    OTG_FS_IRQHandler                        0x08000303   Thumb Code     0  startup_stm32f407xx.o(.text)
    OTG_FS_WKUP_IRQHandler                   0x08000303   Thumb Code     0  startup_stm32f407xx.o(.text)
    OTG_HS_EP1_IN_IRQHandler                 0x08000303   Thumb Code     0  startup_stm32f407xx.o(.text)
    OTG_HS_EP1_OUT_IRQHandler                0x08000303   Thumb Code     0  startup_stm32f407xx.o(.text)
    OTG_HS_IRQHandler                        0x08000303   Thumb Code     0  startup_stm32f407xx.o(.text)
    OTG_HS_WKUP_IRQHandler                   0x08000303   Thumb Code     0  startup_stm32f407xx.o(.text)
    PVD_IRQHandler                           0x08000303   Thumb Code     0  startup_stm32f407xx.o(.text)
    RCC_IRQHandler                           0x08000303   Thumb Code     0  startup_stm32f407xx.o(.text)
    RTC_Alarm_IRQHandler                     0x08000303   Thumb Code     0  startup_stm32f407xx.o(.text)
    RTC_WKUP_IRQHandler                      0x08000303   Thumb Code     0  startup_stm32f407xx.o(.text)
    SDIO_IRQHandler                          0x08000303   Thumb Code     0  startup_stm32f407xx.o(.text)
    SPI1_IRQHandler                          0x08000303   Thumb Code     0  startup_stm32f407xx.o(.text)
    SPI2_IRQHandler                          0x08000303   Thumb Code     0  startup_stm32f407xx.o(.text)
    SPI3_IRQHandler                          0x08000303   Thumb Code     0  startup_stm32f407xx.o(.text)
    TAMP_STAMP_IRQHandler                    0x08000303   Thumb Code     0  startup_stm32f407xx.o(.text)
    TIM1_BRK_TIM9_IRQHandler                 0x08000303   Thumb Code     0  startup_stm32f407xx.o(.text)
    TIM1_CC_IRQHandler                       0x08000303   Thumb Code     0  startup_stm32f407xx.o(.text)
    TIM1_TRG_COM_TIM11_IRQHandler            0x08000303   Thumb Code     0  startup_stm32f407xx.o(.text)
    TIM2_IRQHandler                          0x08000303   Thumb Code     0  startup_stm32f407xx.o(.text)
    TIM3_IRQHandler                          0x08000303   Thumb Code     0  startup_stm32f407xx.o(.text)
    TIM4_IRQHandler                          0x08000303   Thumb Code     0  startup_stm32f407xx.o(.text)
    TIM5_IRQHandler                          0x08000303   Thumb Code     0  startup_stm32f407xx.o(.text)
    TIM6_DAC_IRQHandler                      0x08000303   Thumb Code     0  startup_stm32f407xx.o(.text)
    TIM7_IRQHandler                          0x08000303   Thumb Code     0  startup_stm32f407xx.o(.text)
    TIM8_BRK_TIM12_IRQHandler                0x08000303   Thumb Code     0  startup_stm32f407xx.o(.text)
    TIM8_CC_IRQHandler                       0x08000303   Thumb Code     0  startup_stm32f407xx.o(.text)
    TIM8_TRG_COM_TIM14_IRQHandler            0x08000303   Thumb Code     0  startup_stm32f407xx.o(.text)
    TIM8_UP_TIM13_IRQHandler                 0x08000303   Thumb Code     0  startup_stm32f407xx.o(.text)
    UART4_IRQHandler                         0x08000303   Thumb Code     0  startup_stm32f407xx.o(.text)
    UART5_IRQHandler                         0x08000303   Thumb Code     0  startup_stm32f407xx.o(.text)
    USART1_IRQHandler                        0x08000303   Thumb Code     0  startup_stm32f407xx.o(.text)
    USART2_IRQHandler                        0x08000303   Thumb Code     0  startup_stm32f407xx.o(.text)
    USART3_IRQHandler                        0x08000303   Thumb Code     0  startup_stm32f407xx.o(.text)
    USART6_IRQHandler                        0x08000303   Thumb Code     0  startup_stm32f407xx.o(.text)
    WWDG_IRQHandler                          0x08000303   Thumb Code     0  startup_stm32f407xx.o(.text)
    __user_initial_stackheap                 0x08000305   Thumb Code     0  startup_stm32f407xx.o(.text)
    __aeabi_uldivmod                         0x08000329   Thumb Code     0  lludivv7m.o(.text)
    _ll_udiv                                 0x08000329   Thumb Code   238  lludivv7m.o(.text)
    __aeabi_memcpy4                          0x08000417   Thumb Code     0  rt_memcpy_w.o(.text)
    __aeabi_memcpy8                          0x08000417   Thumb Code     0  rt_memcpy_w.o(.text)
    __rt_memcpy_w                            0x08000417   Thumb Code   100  rt_memcpy_w.o(.text)
    _memcpy_lastbytes_aligned                0x0800045f   Thumb Code     0  rt_memcpy_w.o(.text)
    __aeabi_memclr4                          0x0800047b   Thumb Code     0  rt_memclr_w.o(.text)
    __aeabi_memclr8                          0x0800047b   Thumb Code     0  rt_memclr_w.o(.text)
    __rt_memclr_w                            0x0800047b   Thumb Code    78  rt_memclr_w.o(.text)
    _memset_w                                0x0800047f   Thumb Code     0  rt_memclr_w.o(.text)
    __use_two_region_memory                  0x080004c9   Thumb Code     2  heapauxi.o(.text)
    __rt_heap_escrow$2region                 0x080004cb   Thumb Code     2  heapauxi.o(.text)
    __rt_heap_expand$2region                 0x080004cd   Thumb Code     2  heapauxi.o(.text)
    __user_libspace                          0x080004d1   Thumb Code     8  libspace.o(.text)
    __user_perproc_libspace                  0x080004d1   Thumb Code     0  libspace.o(.text)
    __user_perthread_libspace                0x080004d1   Thumb Code     0  libspace.o(.text)
    __user_setup_stackheap                   0x080004d9   Thumb Code    74  sys_stackheap_outer.o(.text)
    exit                                     0x08000523   Thumb Code    18  exit.o(.text)
    _sys_exit                                0x08000535   Thumb Code     8  sys_exit.o(.text)
    __I$use$semihosting                      0x08000541   Thumb Code     0  use_no_semi.o(.text)
    __use_no_semihosting_swi                 0x08000541   Thumb Code     2  use_no_semi.o(.text)
    __semihosting_library_function           0x08000543   Thumb Code     0  indicate_semi.o(.text)
    BusFault_Handler                         0x08000871   Thumb Code     4  stm32f4xx_it.o(i.BusFault_Handler)
    DebugMon_Handler                         0x08000875   Thumb Code     2  stm32f4xx_it.o(i.DebugMon_Handler)
    Error_Handler                            0x08000877   Thumb Code     6  main.o(i.Error_Handler)
    HAL_CAN_AddTxMessage                     0x0800087d   Thumb Code   330  stm32f4xx_hal_can.o(i.HAL_CAN_AddTxMessage)
    HAL_CAN_GetTxMailboxesFreeLevel          0x080009c7   Thumb Code    54  stm32f4xx_hal_can.o(i.HAL_CAN_GetTxMailboxesFreeLevel)
    HAL_CAN_Init                             0x080009fd   Thumb Code   372  stm32f4xx_hal_can.o(i.HAL_CAN_Init)
    HAL_CAN_MspInit                          0x08000b71   Thumb Code   298  can.o(i.HAL_CAN_MspInit)
    HAL_GPIO_Init                            0x08000cb5   Thumb Code   454  stm32f4xx_hal_gpio.o(i.HAL_GPIO_Init)
    HAL_GPIO_ReadPin                         0x08000ea9   Thumb Code    16  stm32f4xx_hal_gpio.o(i.HAL_GPIO_ReadPin)
    HAL_GetTick                              0x08000eb9   Thumb Code     6  stm32f4xx_hal.o(i.HAL_GetTick)
    HAL_IncTick                              0x08000ec5   Thumb Code    16  stm32f4xx_hal.o(i.HAL_IncTick)
    HAL_Init                                 0x08000edd   Thumb Code    54  stm32f4xx_hal.o(i.HAL_Init)
    HAL_InitTick                             0x08000f19   Thumb Code   140  stm32f4xx_hal_timebase_tim.o(i.HAL_InitTick)
    HAL_MspInit                              0x08000fb9   Thumb Code    78  stm32f4xx_hal_msp.o(i.HAL_MspInit)
    HAL_NVIC_EnableIRQ                       0x0800100d   Thumb Code    40  stm32f4xx_hal_cortex.o(i.HAL_NVIC_EnableIRQ)
    HAL_NVIC_SetPriority                     0x08001035   Thumb Code   124  stm32f4xx_hal_cortex.o(i.HAL_NVIC_SetPriority)
    HAL_NVIC_SetPriorityGrouping             0x080010b1   Thumb Code    32  stm32f4xx_hal_cortex.o(i.HAL_NVIC_SetPriorityGrouping)
    HAL_RCC_ClockConfig                      0x080010d9   Thumb Code   368  stm32f4xx_hal_rcc.o(i.HAL_RCC_ClockConfig)
    HAL_RCC_GetClockConfig                   0x0800125d   Thumb Code    58  stm32f4xx_hal_rcc.o(i.HAL_RCC_GetClockConfig)
    HAL_RCC_GetHCLKFreq                      0x080012a1   Thumb Code     6  stm32f4xx_hal_rcc.o(i.HAL_RCC_GetHCLKFreq)
    HAL_RCC_GetPCLK1Freq                     0x080012ad   Thumb Code    22  stm32f4xx_hal_rcc.o(i.HAL_RCC_GetPCLK1Freq)
    HAL_RCC_GetPCLK2Freq                     0x080012cd   Thumb Code    22  stm32f4xx_hal_rcc.o(i.HAL_RCC_GetPCLK2Freq)
    HAL_RCC_GetSysClockFreq                  0x080012ed   Thumb Code   162  stm32f4xx_hal_rcc.o(i.HAL_RCC_GetSysClockFreq)
    HAL_RCC_OscConfig                        0x08001399   Thumb Code  1172  stm32f4xx_hal_rcc.o(i.HAL_RCC_OscConfig)
    HAL_TIMEx_BreakCallback                  0x08001835   Thumb Code     2  stm32f4xx_hal_tim_ex.o(i.HAL_TIMEx_BreakCallback)
    HAL_TIMEx_CommutCallback                 0x08001837   Thumb Code     2  stm32f4xx_hal_tim_ex.o(i.HAL_TIMEx_CommutCallback)
    HAL_TIM_Base_Init                        0x08001839   Thumb Code   102  stm32f4xx_hal_tim.o(i.HAL_TIM_Base_Init)
    HAL_TIM_Base_MspInit                     0x0800189f   Thumb Code     2  stm32f4xx_hal_tim.o(i.HAL_TIM_Base_MspInit)
    HAL_TIM_Base_Start_IT                    0x080018a1   Thumb Code   138  stm32f4xx_hal_tim.o(i.HAL_TIM_Base_Start_IT)
    HAL_TIM_IC_CaptureCallback               0x08001949   Thumb Code     2  stm32f4xx_hal_tim.o(i.HAL_TIM_IC_CaptureCallback)
    HAL_TIM_IRQHandler                       0x0800194b   Thumb Code   364  stm32f4xx_hal_tim.o(i.HAL_TIM_IRQHandler)
    HAL_TIM_OC_DelayElapsedCallback          0x08001ab7   Thumb Code     2  stm32f4xx_hal_tim.o(i.HAL_TIM_OC_DelayElapsedCallback)
    HAL_TIM_PWM_PulseFinishedCallback        0x08001ab9   Thumb Code     2  stm32f4xx_hal_tim.o(i.HAL_TIM_PWM_PulseFinishedCallback)
    HAL_TIM_PeriodElapsedCallback            0x08001abd   Thumb Code    18  main.o(i.HAL_TIM_PeriodElapsedCallback)
    HAL_TIM_TriggerCallback                  0x08001ad5   Thumb Code     2  stm32f4xx_hal_tim.o(i.HAL_TIM_TriggerCallback)
    HAL_UART_Init                            0x08001ad7   Thumb Code   118  stm32f4xx_hal_uart.o(i.HAL_UART_Init)
    HAL_UART_MspInit                         0x08001b4d   Thumb Code   400  usart.o(i.HAL_UART_MspInit)
    HardFault_Handler                        0x08001cfd   Thumb Code     4  stm32f4xx_it.o(i.HardFault_Handler)
    MX_CAN1_Init                             0x08001d01   Thumb Code    56  can.o(i.MX_CAN1_Init)
    MX_CAN2_Init                             0x08001d41   Thumb Code    56  can.o(i.MX_CAN2_Init)
    MX_FREERTOS_Init                         0x08001d81   Thumb Code   126  freertos.o(i.MX_FREERTOS_Init)
    MX_GPIO_Init                             0x08001e19   Thumb Code   186  gpio.o(i.MX_GPIO_Init)
    MX_UART5_Init                            0x08001edd   Thumb Code    46  usart.o(i.MX_UART5_Init)
    MX_USART1_UART_Init                      0x08001f15   Thumb Code    48  usart.o(i.MX_USART1_UART_Init)
    MX_USART3_UART_Init                      0x08001f51   Thumb Code    46  usart.o(i.MX_USART3_UART_Init)
    MemManage_Handler                        0x08002045   Thumb Code     4  stm32f4xx_it.o(i.MemManage_Handler)
    NMI_Handler                              0x08002049   Thumb Code     4  stm32f4xx_it.o(i.NMI_Handler)
    PID_struct_init                          0x0800204d   Thumb Code    96  pid.o(i.PID_struct_init)
    StartDefaultTask                         0x080020b5   Thumb Code    10  freertos.o(i.StartDefaultTask)
    SysTick_Handler                          0x080020c1   Thumb Code    46  port.o(i.SysTick_Handler)
    SystemClock_Config                       0x080020f5   Thumb Code   170  main.o(i.SystemClock_Config)
    SystemInit                               0x080021a9   Thumb Code    14  system_stm32f4xx.o(i.SystemInit)
    TIM1_UP_TIM10_IRQHandler                 0x080021bd   Thumb Code    10  stm32f4xx_it.o(i.TIM1_UP_TIM10_IRQHandler)
    TIM_Base_SetConfig                       0x080021cd   Thumb Code   186  stm32f4xx_hal_tim.o(i.TIM_Base_SetConfig)
    UsageFault_Handler                       0x080024e1   Thumb Code     4  stm32f4xx_it.o(i.UsageFault_Handler)
    abs_limit                                0x0800251d   Thumb Code    62  pid.o(i.abs_limit)
    can1_send_message                        0x0800255d   Thumb Code   152  bsp_can.o(i.can1_send_message)
    can_comm_task                            0x080025fd   Thumb Code    74  can_comm.o(i.can_comm_task)
    chassis_pid_calcu                        0x080027ad   Thumb Code   134  chassis_task.o(i.chassis_pid_calcu)
    chassis_task                             0x08002849   Thumb Code    44  chassis_task.o(i.chassis_task)
    gimbal_pid_calcu                         0x08002ca1   Thumb Code    70  gimbal_task.o(i.gimbal_pid_calcu)
    gimbal_task                              0x08002cf5   Thumb Code    40  gimbal_task.o(i.gimbal_task)
    main                                     0x08002d2d   Thumb Code    44  main.o(i.main)
    mode_switch_task                         0x08002d69   Thumb Code    36  modeswitch_task.o(i.mode_switch_task)
    osDelay                                  0x08002d95   Thumb Code    24  cmsis_os.o(i.osDelay)
    osDelayUntil                             0x08002dad   Thumb Code     6  cmsis_os.o(i.osDelayUntil)
    osKernelStart                            0x08002db3   Thumb Code    10  cmsis_os.o(i.osKernelStart)
    osKernelSysTick                          0x08002dbd   Thumb Code    20  cmsis_os.o(i.osKernelSysTick)
    osThreadCreate                           0x08002dd1   Thumb Code    94  cmsis_os.o(i.osThreadCreate)
    pid_calc                                 0x08002e31   Thumb Code   446  pid.o(i.pid_calc)
    pvPortMalloc                             0x080034a5   Thumb Code   306  heap_4.o(i.pvPortMalloc)
    pxPortInitialiseStack                    0x080035f1   Thumb Code    38  port.o(i.pxPortInitialiseStack)
    ramp_calc                                0x0800361d   Thumb Code    92  math_calcu.o(i.ramp_calc)
    uxListRemove                             0x080036e9   Thumb Code    40  list.o(i.uxListRemove)
    vApplicationGetIdleTaskMemory            0x08003711   Thumb Code    14  freertos.o(i.vApplicationGetIdleTaskMemory)
    vListInitialise                          0x08003729   Thumb Code    26  list.o(i.vListInitialise)
    vListInitialiseItem                      0x08003743   Thumb Code     6  list.o(i.vListInitialiseItem)
    vListInsert                              0x08003749   Thumb Code    52  list.o(i.vListInsert)
    vListInsertEnd                           0x0800377d   Thumb Code    24  list.o(i.vListInsertEnd)
    vPortEnterCritical                       0x08003795   Thumb Code    76  port.o(i.vPortEnterCritical)
    vPortExitCritical                        0x080037e9   Thumb Code    56  port.o(i.vPortExitCritical)
    vPortFree                                0x08003825   Thumb Code   150  heap_4.o(i.vPortFree)
    vPortSetupTimerInterrupt                 0x080038c9   Thumb Code    36  port.o(i.vPortSetupTimerInterrupt)
    vPortValidateInterruptPriority           0x080038f1   Thumb Code   106  port.o(i.vPortValidateInterruptPriority)
    vTaskDelay                               0x08003969   Thumb Code    82  tasks.o(i.vTaskDelay)
    vTaskStartScheduler                      0x080039c5   Thumb Code   146  tasks.o(i.vTaskStartScheduler)
    vTaskSuspendAll                          0x08003a75   Thumb Code    12  tasks.o(i.vTaskSuspendAll)
    vTaskSwitchContext                       0x08003a85   Thumb Code   118  tasks.o(i.vTaskSwitchContext)
    xPortStartScheduler                      0x08003b49   Thumb Code   330  port.o(i.xPortStartScheduler)
    xTaskCreate                              0x08003cb1   Thumb Code   100  tasks.o(i.xTaskCreate)
    xTaskCreateStatic                        0x08003d15   Thumb Code   186  tasks.o(i.xTaskCreateStatic)
    xTaskGetTickCount                        0x08003dd1   Thumb Code     6  tasks.o(i.xTaskGetTickCount)
    xTaskGetTickCountFromISR                 0x08003ddd   Thumb Code    16  tasks.o(i.xTaskGetTickCountFromISR)
    xTaskIncrementTick                       0x08003df1   Thumb Code   282  tasks.o(i.xTaskIncrementTick)
    xTaskResumeAll                           0x08003f39   Thumb Code   224  tasks.o(i.xTaskResumeAll)
    _fp_init                                 0x0800403d   Thumb Code    10  fpinit.o(x$fpl$fpinit)
    __fplib_config_fpu_vfp                   0x08004045   Thumb Code     0  fpinit.o(x$fpl$fpinit)
    __fplib_config_pureend_doubles           0x08004045   Thumb Code     0  fpinit.o(x$fpl$fpinit)
    AHBPrescTable                            0x080040d4   Data          16  system_stm32f4xx.o(.constdata)
    APBPrescTable                            0x080040e4   Data           8  system_stm32f4xx.o(.constdata)
    Region$$Table$$Base                      0x0800412c   Number         0  anon$$obj.o(Region$$Table)
    Region$$Table$$Limit                     0x0800414c   Number         0  anon$$obj.o(Region$$Table)
    chassis_task_t                           0x20000000   Data           4  freertos.o(.data)
    gimbal_task_t                            0x20000004   Data           4  freertos.o(.data)
    can_comm_task_t                          0x20000008   Data           4  freertos.o(.data)
    mode_sw_task_t                           0x2000000c   Data           4  freertos.o(.data)
    defaultTaskHandle                        0x20000010   Data           4  freertos.o(.data)
    uwTick                                   0x20000018   Data           4  stm32f4xx_hal.o(.data)
    uwTickPrio                               0x2000001c   Data           4  stm32f4xx_hal.o(.data)
    uwTickFreq                               0x20000020   Data           1  stm32f4xx_hal.o(.data)
    SystemCoreClock                          0x20000024   Data           4  system_stm32f4xx.o(.data)
    pxCurrentTCB                             0x20000028   Data           4  tasks.o(.data)
    ctrl_mode                                0x20000090   Data           1  modeswitch_task.o(.data)
    lock_flag                                0x20000091   Data           1  modeswitch_task.o(.data)
    motor_flag                               0x20000092   Data           1  modeswitch_task.o(.data)
    hcan1                                    0x20000300   Data          40  can.o(.bss)
    hcan2                                    0x20000328   Data          40  can.o(.bss)
    huart5                                   0x20000350   Data          72  usart.o(.bss)
    huart1                                   0x20000398   Data          72  usart.o(.bss)
    huart3                                   0x200003e0   Data          72  usart.o(.bss)
    htim10                                   0x20000428   Data          72  stm32f4xx_hal_timebase_tim.o(.bss)
    right_wheel_motor                        0x20004160   Data          28  chassis_task.o(.bss)
    left_wheel_motor                         0x2000417c   Data          28  chassis_task.o(.bss)
    chassis                                  0x20004198   Data          96  chassis_task.o(.bss)
    right_wheel_agl                          0x200041f8   Data         140  chassis_task.o(.bss)
    right_wheel_spd                          0x20004284   Data         140  chassis_task.o(.bss)
    left_wheel_agl                           0x20004310   Data         140  chassis_task.o(.bss)
    left_wheel_spd                           0x2000439c   Data         140  chassis_task.o(.bss)
    vehicle_spd                              0x20004428   Data         140  chassis_task.o(.bss)
    vehicle_agl                              0x200044b4   Data         140  chassis_task.o(.bss)
    yaw_motor                                0x20004554   Data          28  gimbal_task.o(.bss)
    gimbal                                   0x20004570   Data          32  gimbal_task.o(.bss)
    yaw_agl                                  0x20004590   Data         140  gimbal_task.o(.bss)
    yaw_spd                                  0x2000461c   Data         140  gimbal_task.o(.bss)
    Game_State                               0x200046a8   Data          11  judge_comm.o(.bss)
    RobotHP                                  0x200046b3   Data          32  judge_comm.o(.bss)
    Game_Robot_Status                        0x200046d3   Data          13  judge_comm.o(.bss)
    Power_Heat_Data                          0x200046e0   Data          16  judge_comm.o(.bss)
    Robot_Position                           0x200046f0   Data          12  judge_comm.o(.bss)
    Comm_getdata                             0x200046fc   Data          26  judge_comm.o(.bss)
    rc                                       0x20004718   Data          13  remote_comm.o(.bss)
    scale                                    0x20004728   Data          20  remote_comm.o(.bss)
    __libspace_start                         0x2000473c   Data          96  libspace.o(.bss)
    __temporary_stack_top$libspace           0x2000479c   Data           0  libspace.o(.bss)



==============================================================================

Memory Map of the image

  Image Entry point : 0x08000189

  Load Region LR_IROM1 (Base: 0x08000000, Size: 0x000041f8, Max: 0x00080000, ABSOLUTE)

    Execution Region ER_IROM1 (Exec base: 0x08000000, Load base: 0x08000000, Size: 0x0000414c, Max: 0x00080000, ABSOLUTE)

    Exec Addr    Load Addr    Size         Type   Attr      Idx    E Section Name        Object

    0x08000000   0x08000000   0x00000188   Data   RO         3318    RESET               startup_stm32f407xx.o
    0x08000188   0x08000188   0x00000008   Code   RO         5306  * !!!main             c_w.l(__main.o)
    0x08000190   0x08000190   0x00000034   Code   RO         5525    !!!scatter          c_w.l(__scatter.o)
    0x080001c4   0x080001c4   0x0000001a   Code   RO         5527    !!handler_copy      c_w.l(__scatter_copy.o)
    0x080001de   0x080001de   0x00000002   PAD
    0x080001e0   0x080001e0   0x0000001c   Code   RO         5529    !!handler_zi        c_w.l(__scatter_zi.o)
    0x080001fc   0x080001fc   0x00000002   Code   RO         5398    .ARM.Collect$$libinit$$00000000  c_w.l(libinit.o)
    0x080001fe   0x080001fe   0x00000004   Code   RO         5407    .ARM.Collect$$libinit$$00000001  c_w.l(libinit2.o)
    0x08000202   0x08000202   0x00000000   Code   RO         5410    .ARM.Collect$$libinit$$00000004  c_w.l(libinit2.o)
    0x08000202   0x08000202   0x00000000   Code   RO         5413    .ARM.Collect$$libinit$$0000000A  c_w.l(libinit2.o)
    0x08000202   0x08000202   0x00000000   Code   RO         5415    .ARM.Collect$$libinit$$0000000C  c_w.l(libinit2.o)
    0x08000202   0x08000202   0x00000000   Code   RO         5417    .ARM.Collect$$libinit$$0000000E  c_w.l(libinit2.o)
    0x08000202   0x08000202   0x00000000   Code   RO         5420    .ARM.Collect$$libinit$$00000011  c_w.l(libinit2.o)
    0x08000202   0x08000202   0x00000000   Code   RO         5422    .ARM.Collect$$libinit$$00000013  c_w.l(libinit2.o)
    0x08000202   0x08000202   0x00000000   Code   RO         5424    .ARM.Collect$$libinit$$00000015  c_w.l(libinit2.o)
    0x08000202   0x08000202   0x00000000   Code   RO         5426    .ARM.Collect$$libinit$$00000017  c_w.l(libinit2.o)
    0x08000202   0x08000202   0x00000000   Code   RO         5428    .ARM.Collect$$libinit$$00000019  c_w.l(libinit2.o)
    0x08000202   0x08000202   0x00000000   Code   RO         5430    .ARM.Collect$$libinit$$0000001B  c_w.l(libinit2.o)
    0x08000202   0x08000202   0x00000000   Code   RO         5432    .ARM.Collect$$libinit$$0000001D  c_w.l(libinit2.o)
    0x08000202   0x08000202   0x00000000   Code   RO         5434    .ARM.Collect$$libinit$$0000001F  c_w.l(libinit2.o)
    0x08000202   0x08000202   0x00000000   Code   RO         5436    .ARM.Collect$$libinit$$00000021  c_w.l(libinit2.o)
    0x08000202   0x08000202   0x00000000   Code   RO         5438    .ARM.Collect$$libinit$$00000023  c_w.l(libinit2.o)
    0x08000202   0x08000202   0x00000000   Code   RO         5440    .ARM.Collect$$libinit$$00000025  c_w.l(libinit2.o)
    0x08000202   0x08000202   0x00000000   Code   RO         5444    .ARM.Collect$$libinit$$0000002C  c_w.l(libinit2.o)
    0x08000202   0x08000202   0x00000000   Code   RO         5446    .ARM.Collect$$libinit$$0000002E  c_w.l(libinit2.o)
    0x08000202   0x08000202   0x00000000   Code   RO         5448    .ARM.Collect$$libinit$$00000030  c_w.l(libinit2.o)
    0x08000202   0x08000202   0x00000000   Code   RO         5450    .ARM.Collect$$libinit$$00000032  c_w.l(libinit2.o)
    0x08000202   0x08000202   0x00000002   Code   RO         5451    .ARM.Collect$$libinit$$00000033  c_w.l(libinit2.o)
    0x08000204   0x08000204   0x00000002   Code   RO         5482    .ARM.Collect$$libshutdown$$00000000  c_w.l(libshutdown.o)
    0x08000206   0x08000206   0x00000000   Code   RO         5508    .ARM.Collect$$libshutdown$$00000002  c_w.l(libshutdown2.o)
    0x08000206   0x08000206   0x00000000   Code   RO         5510    .ARM.Collect$$libshutdown$$00000004  c_w.l(libshutdown2.o)
    0x08000206   0x08000206   0x00000000   Code   RO         5513    .ARM.Collect$$libshutdown$$00000007  c_w.l(libshutdown2.o)
    0x08000206   0x08000206   0x00000000   Code   RO         5516    .ARM.Collect$$libshutdown$$0000000A  c_w.l(libshutdown2.o)
    0x08000206   0x08000206   0x00000000   Code   RO         5518    .ARM.Collect$$libshutdown$$0000000C  c_w.l(libshutdown2.o)
    0x08000206   0x08000206   0x00000000   Code   RO         5521    .ARM.Collect$$libshutdown$$0000000F  c_w.l(libshutdown2.o)
    0x08000206   0x08000206   0x00000002   Code   RO         5522    .ARM.Collect$$libshutdown$$00000010  c_w.l(libshutdown2.o)
    0x08000208   0x08000208   0x00000000   Code   RO         5334    .ARM.Collect$$rtentry$$00000000  c_w.l(__rtentry.o)
    0x08000208   0x08000208   0x00000000   Code   RO         5361    .ARM.Collect$$rtentry$$00000002  c_w.l(__rtentry2.o)
    0x08000208   0x08000208   0x00000006   Code   RO         5373    .ARM.Collect$$rtentry$$00000004  c_w.l(__rtentry4.o)
    0x0800020e   0x0800020e   0x00000000   Code   RO         5363    .ARM.Collect$$rtentry$$00000009  c_w.l(__rtentry2.o)
    0x0800020e   0x0800020e   0x00000004   Code   RO         5364    .ARM.Collect$$rtentry$$0000000A  c_w.l(__rtentry2.o)
    0x08000212   0x08000212   0x00000000   Code   RO         5366    .ARM.Collect$$rtentry$$0000000C  c_w.l(__rtentry2.o)
    0x08000212   0x08000212   0x00000008   Code   RO         5367    .ARM.Collect$$rtentry$$0000000D  c_w.l(__rtentry2.o)
    0x0800021a   0x0800021a   0x00000002   Code   RO         5399    .ARM.Collect$$rtexit$$00000000  c_w.l(rtexit.o)
    0x0800021c   0x0800021c   0x00000000   Code   RO         5455    .ARM.Collect$$rtexit$$00000002  c_w.l(rtexit2.o)
    0x0800021c   0x0800021c   0x00000004   Code   RO         5456    .ARM.Collect$$rtexit$$00000003  c_w.l(rtexit2.o)
    0x08000220   0x08000220   0x00000006   Code   RO         5457    .ARM.Collect$$rtexit$$00000004  c_w.l(rtexit2.o)
    0x08000226   0x08000226   0x00000002   PAD
    0x08000228   0x08000228   0x000000be   Code   RO         4601    .emb_text           port.o
    0x080002e6   0x080002e6   0x00000002   PAD
    0x080002e8   0x080002e8   0x00000040   Code   RO         3319    .text               startup_stm32f407xx.o
    0x08000328   0x08000328   0x000000ee   Code   RO         5292    .text               c_w.l(lludivv7m.o)
    0x08000416   0x08000416   0x00000064   Code   RO         5296    .text               c_w.l(rt_memcpy_w.o)
    0x0800047a   0x0800047a   0x0000004e   Code   RO         5302    .text               c_w.l(rt_memclr_w.o)
    0x080004c8   0x080004c8   0x00000006   Code   RO         5304    .text               c_w.l(heapauxi.o)
    0x080004ce   0x080004ce   0x00000002   PAD
    0x080004d0   0x080004d0   0x00000008   Code   RO         5382    .text               c_w.l(libspace.o)
    0x080004d8   0x080004d8   0x0000004a   Code   RO         5385    .text               c_w.l(sys_stackheap_outer.o)
    0x08000522   0x08000522   0x00000012   Code   RO         5387    .text               c_w.l(exit.o)
    0x08000534   0x08000534   0x0000000c   Code   RO         5452    .text               c_w.l(sys_exit.o)
    0x08000540   0x08000540   0x00000002   Code   RO         5471    .text               c_w.l(use_no_semi.o)
    0x08000542   0x08000542   0x00000000   Code   RO         5473    .text               c_w.l(indicate_semi.o)
    0x08000542   0x08000542   0x00000002   PAD
    0x08000544   0x08000544   0x000002c0   Code   RO         4681    i.Auto_control      chassis_task.o
    0x08000804   0x08000804   0x0000006c   Code   RO         4797    i.Auto_control      gimbal_task.o
    0x08000870   0x08000870   0x00000004   Code   RO          401    i.BusFault_Handler  stm32f4xx_it.o
    0x08000874   0x08000874   0x00000002   Code   RO          402    i.DebugMon_Handler  stm32f4xx_it.o
    0x08000876   0x08000876   0x00000006   Code   RO            4    i.Error_Handler     main.o
    0x0800087c   0x0800087c   0x0000014a   Code   RO          530    i.HAL_CAN_AddTxMessage  stm32f4xx_hal_can.o
    0x080009c6   0x080009c6   0x00000036   Code   RO          539    i.HAL_CAN_GetTxMailboxesFreeLevel  stm32f4xx_hal_can.o
    0x080009fc   0x080009fc   0x00000174   Code   RO          542    i.HAL_CAN_Init      stm32f4xx_hal_can.o
    0x08000b70   0x08000b70   0x00000144   Code   RO          299    i.HAL_CAN_MspInit   can.o
    0x08000cb4   0x08000cb4   0x000001f4   Code   RO         1162    i.HAL_GPIO_Init     stm32f4xx_hal_gpio.o
    0x08000ea8   0x08000ea8   0x00000010   Code   RO         1164    i.HAL_GPIO_ReadPin  stm32f4xx_hal_gpio.o
    0x08000eb8   0x08000eb8   0x0000000c   Code   RO         1717    i.HAL_GetTick       stm32f4xx_hal.o
    0x08000ec4   0x08000ec4   0x00000018   Code   RO         1723    i.HAL_IncTick       stm32f4xx_hal.o
    0x08000edc   0x08000edc   0x0000003c   Code   RO         1724    i.HAL_Init          stm32f4xx_hal.o
    0x08000f18   0x08000f18   0x000000a0   Code   RO          489    i.HAL_InitTick      stm32f4xx_hal_timebase_tim.o
    0x08000fb8   0x08000fb8   0x00000054   Code   RO          465    i.HAL_MspInit       stm32f4xx_hal_msp.o
    0x0800100c   0x0800100c   0x00000028   Code   RO         1554    i.HAL_NVIC_EnableIRQ  stm32f4xx_hal_cortex.o
    0x08001034   0x08001034   0x0000007c   Code   RO         1560    i.HAL_NVIC_SetPriority  stm32f4xx_hal_cortex.o
    0x080010b0   0x080010b0   0x00000028   Code   RO         1561    i.HAL_NVIC_SetPriorityGrouping  stm32f4xx_hal_cortex.o
    0x080010d8   0x080010d8   0x00000184   Code   RO          763    i.HAL_RCC_ClockConfig  stm32f4xx_hal_rcc.o
    0x0800125c   0x0800125c   0x00000044   Code   RO          767    i.HAL_RCC_GetClockConfig  stm32f4xx_hal_rcc.o
    0x080012a0   0x080012a0   0x0000000c   Code   RO          768    i.HAL_RCC_GetHCLKFreq  stm32f4xx_hal_rcc.o
    0x080012ac   0x080012ac   0x00000020   Code   RO          770    i.HAL_RCC_GetPCLK1Freq  stm32f4xx_hal_rcc.o
    0x080012cc   0x080012cc   0x00000020   Code   RO          771    i.HAL_RCC_GetPCLK2Freq  stm32f4xx_hal_rcc.o
    0x080012ec   0x080012ec   0x000000ac   Code   RO          772    i.HAL_RCC_GetSysClockFreq  stm32f4xx_hal_rcc.o
    0x08001398   0x08001398   0x0000049c   Code   RO          775    i.HAL_RCC_OscConfig  stm32f4xx_hal_rcc.o
    0x08001834   0x08001834   0x00000002   Code   RO         2679    i.HAL_TIMEx_BreakCallback  stm32f4xx_hal_tim_ex.o
    0x08001836   0x08001836   0x00000002   Code   RO         2680    i.HAL_TIMEx_CommutCallback  stm32f4xx_hal_tim_ex.o
    0x08001838   0x08001838   0x00000066   Code   RO         1964    i.HAL_TIM_Base_Init  stm32f4xx_hal_tim.o
    0x0800189e   0x0800189e   0x00000002   Code   RO         1966    i.HAL_TIM_Base_MspInit  stm32f4xx_hal_tim.o
    0x080018a0   0x080018a0   0x000000a8   Code   RO         1969    i.HAL_TIM_Base_Start_IT  stm32f4xx_hal_tim.o
    0x08001948   0x08001948   0x00000002   Code   RO         1998    i.HAL_TIM_IC_CaptureCallback  stm32f4xx_hal_tim.o
    0x0800194a   0x0800194a   0x0000016c   Code   RO         2012    i.HAL_TIM_IRQHandler  stm32f4xx_hal_tim.o
    0x08001ab6   0x08001ab6   0x00000002   Code   RO         2015    i.HAL_TIM_OC_DelayElapsedCallback  stm32f4xx_hal_tim.o
    0x08001ab8   0x08001ab8   0x00000002   Code   RO         2042    i.HAL_TIM_PWM_PulseFinishedCallback  stm32f4xx_hal_tim.o
    0x08001aba   0x08001aba   0x00000002   PAD
    0x08001abc   0x08001abc   0x00000018   Code   RO            5    i.HAL_TIM_PeriodElapsedCallback  main.o
    0x08001ad4   0x08001ad4   0x00000002   Code   RO         2055    i.HAL_TIM_TriggerCallback  stm32f4xx_hal_tim.o
    0x08001ad6   0x08001ad6   0x00000076   Code   RO         2976    i.HAL_UART_Init     stm32f4xx_hal_uart.o
    0x08001b4c   0x08001b4c   0x000001b0   Code   RO          348    i.HAL_UART_MspInit  usart.o
    0x08001cfc   0x08001cfc   0x00000004   Code   RO          403    i.HardFault_Handler  stm32f4xx_it.o
    0x08001d00   0x08001d00   0x00000040   Code   RO          300    i.MX_CAN1_Init      can.o
    0x08001d40   0x08001d40   0x00000040   Code   RO          301    i.MX_CAN2_Init      can.o
    0x08001d80   0x08001d80   0x00000098   Code   RO          225    i.MX_FREERTOS_Init  freertos.o
    0x08001e18   0x08001e18   0x000000c4   Code   RO          201    i.MX_GPIO_Init      gpio.o
    0x08001edc   0x08001edc   0x00000038   Code   RO          349    i.MX_UART5_Init     usart.o
    0x08001f14   0x08001f14   0x0000003c   Code   RO          350    i.MX_USART1_UART_Init  usart.o
    0x08001f50   0x08001f50   0x00000038   Code   RO          351    i.MX_USART3_UART_Init  usart.o
    0x08001f88   0x08001f88   0x00000090   Code   RO         4682    i.Manual_control    chassis_task.o
    0x08002018   0x08002018   0x0000002c   Code   RO         4798    i.Manual_control    gimbal_task.o
    0x08002044   0x08002044   0x00000004   Code   RO          404    i.MemManage_Handler  stm32f4xx_it.o
    0x08002048   0x08002048   0x00000004   Code   RO          405    i.NMI_Handler       stm32f4xx_it.o
    0x0800204c   0x0800204c   0x00000068   Code   RO         4957    i.PID_struct_init   pid.o
    0x080020b4   0x080020b4   0x0000000a   Code   RO          226    i.StartDefaultTask  freertos.o
    0x080020be   0x080020be   0x00000002   PAD
    0x080020c0   0x080020c0   0x00000034   Code   RO         4602    i.SysTick_Handler   port.o
    0x080020f4   0x080020f4   0x000000b4   Code   RO            6    i.SystemClock_Config  main.o
    0x080021a8   0x080021a8   0x00000014   Code   RO         3327    i.SystemInit        system_stm32f4xx.o
    0x080021bc   0x080021bc   0x00000010   Code   RO          406    i.TIM1_UP_TIM10_IRQHandler  stm32f4xx_it.o
    0x080021cc   0x080021cc   0x000000e8   Code   RO         2057    i.TIM_Base_SetConfig  stm32f4xx_hal_tim.o
    0x080022b4   0x080022b4   0x0000022c   Code   RO         3003    i.UART_SetConfig    stm32f4xx_hal_uart.o
    0x080024e0   0x080024e0   0x00000004   Code   RO          407    i.UsageFault_Handler  stm32f4xx_it.o
    0x080024e4   0x080024e4   0x00000010   Code   RO         1567    i.__NVIC_GetPriorityGrouping  stm32f4xx_hal_cortex.o
    0x080024f4   0x080024f4   0x00000028   Code   RO         1568    i.__NVIC_SetPriority  stm32f4xx_hal_cortex.o
    0x0800251c   0x0800251c   0x0000003e   Code   RO         4958    i.abs_limit         pid.o
    0x0800255a   0x0800255a   0x00000002   PAD
    0x0800255c   0x0800255c   0x000000a0   Code   RO         4860    i.can1_send_message  bsp_can.o
    0x080025fc   0x080025fc   0x00000058   Code   RO         5181    i.can_comm_task     can_comm.o
    0x08002654   0x08002654   0x00000030   Code   RO         4683    i.chassis_control   chassis_task.o
    0x08002684   0x08002684   0x00000128   Code   RO         4684    i.chassis_param_init  chassis_task.o
    0x080027ac   0x080027ac   0x0000009c   Code   RO         4685    i.chassis_pid_calcu  chassis_task.o
    0x08002848   0x08002848   0x0000002c   Code   RO         4686    i.chassis_task      chassis_task.o
    0x08002874   0x08002874   0x00000018   Code   RO         4687    i.duo_wheel_reinit  chassis_task.o
    0x0800288c   0x0800288c   0x000000c8   Code   RO         4959    i.f_Changing_Integration_Rate  pid.o
    0x08002954   0x08002954   0x00000042   Code   RO         4960    i.f_Derivative_Filter  pid.o
    0x08002996   0x08002996   0x00000002   Code   RO         4961    i.f_Derivative_On_Measurement  pid.o
    0x08002998   0x08002998   0x00000128   Code   RO         4962    i.f_Integral_Limit  pid.o
    0x08002ac0   0x08002ac0   0x0000002a   Code   RO         4963    i.f_Trapezoid_Intergral  pid.o
    0x08002aea   0x08002aea   0x00000002   PAD
    0x08002aec   0x08002aec   0x00000100   Code   RO         4688    i.get_vehicle_position  chassis_task.o
    0x08002bec   0x08002bec   0x0000002c   Code   RO         4799    i.gimbal_control    gimbal_task.o
    0x08002c18   0x08002c18   0x00000088   Code   RO         4800    i.gimbal_param_init  gimbal_task.o
    0x08002ca0   0x08002ca0   0x00000054   Code   RO         4801    i.gimbal_pid_calcu  gimbal_task.o
    0x08002cf4   0x08002cf4   0x00000028   Code   RO         4802    i.gimbal_task       gimbal_task.o
    0x08002d1c   0x08002d1c   0x00000010   Code   RO         4165    i.inHandlerMode     cmsis_os.o
    0x08002d2c   0x08002d2c   0x0000002c   Code   RO            7    i.main              main.o
    0x08002d58   0x08002d58   0x0000000e   Code   RO         4167    i.makeFreeRtosPriority  cmsis_os.o
    0x08002d66   0x08002d66   0x00000002   PAD
    0x08002d68   0x08002d68   0x0000002c   Code   RO         4766    i.mode_switch_task  modeswitch_task.o
    0x08002d94   0x08002d94   0x00000018   Code   RO         4169    i.osDelay           cmsis_os.o
    0x08002dac   0x08002dac   0x00000006   Code   RO         4170    i.osDelayUntil      cmsis_os.o
    0x08002db2   0x08002db2   0x0000000a   Code   RO         4172    i.osKernelStart     cmsis_os.o
    0x08002dbc   0x08002dbc   0x00000014   Code   RO         4173    i.osKernelSysTick   cmsis_os.o
    0x08002dd0   0x08002dd0   0x0000005e   Code   RO         4206    i.osThreadCreate    cmsis_os.o
    0x08002e2e   0x08002e2e   0x00000002   PAD
    0x08002e30   0x08002e30   0x000001c4   Code   RO         4964    i.pid_calc          pid.o
    0x08002ff4   0x08002ff4   0x00000022   Code   RO         4965    i.pid_param_init    pid.o
    0x08003016   0x08003016   0x0000000e   Code   RO         4966    i.pid_reset         pid.o
    0x08003024   0x08003024   0x00000098   Code   RO         3838    i.prvAddCurrentTaskToDelayedList  tasks.o
    0x080030bc   0x080030bc   0x000000b4   Code   RO         3839    i.prvAddNewTaskToReadyList  tasks.o
    0x08003170   0x08003170   0x00000048   Code   RO         3840    i.prvCheckTasksWaitingTermination  tasks.o
    0x080031b8   0x080031b8   0x00000050   Code   RO         3841    i.prvDeleteTCB      tasks.o
    0x08003208   0x08003208   0x0000007c   Code   RO         4534    i.prvHeapInit       heap_4.o
    0x08003284   0x08003284   0x00000028   Code   RO         3842    i.prvIdleTask       tasks.o
    0x080032ac   0x080032ac   0x000000b4   Code   RO         3843    i.prvInitialiseNewTask  tasks.o
    0x08003360   0x08003360   0x00000068   Code   RO         3844    i.prvInitialiseTaskLists  tasks.o
    0x080033c8   0x080033c8   0x00000068   Code   RO         4535    i.prvInsertBlockIntoFreeList  heap_4.o
    0x08003430   0x08003430   0x00000034   Code   RO         3845    i.prvResetNextTaskUnblockTime  tasks.o
    0x08003464   0x08003464   0x00000040   Code   RO         4603    i.prvTaskExitError  port.o
    0x080034a4   0x080034a4   0x0000014c   Code   RO         4536    i.pvPortMalloc      heap_4.o
    0x080035f0   0x080035f0   0x0000002c   Code   RO         4604    i.pxPortInitialiseStack  port.o
    0x0800361c   0x0800361c   0x0000005c   Code   RO         5099    i.ramp_calc         math_calcu.o
    0x08003678   0x08003678   0x00000038   Code   RO         4767    i.sw1_mode_handler  modeswitch_task.o
    0x080036b0   0x080036b0   0x00000038   Code   RO         4768    i.unlock_init       modeswitch_task.o
    0x080036e8   0x080036e8   0x00000028   Code   RO         3464    i.uxListRemove      list.o
    0x08003710   0x08003710   0x00000018   Code   RO          227    i.vApplicationGetIdleTaskMemory  freertos.o
    0x08003728   0x08003728   0x0000001a   Code   RO         3465    i.vListInitialise   list.o
    0x08003742   0x08003742   0x00000006   Code   RO         3466    i.vListInitialiseItem  list.o
    0x08003748   0x08003748   0x00000034   Code   RO         3467    i.vListInsert       list.o
    0x0800377c   0x0800377c   0x00000018   Code   RO         3468    i.vListInsertEnd    list.o
    0x08003794   0x08003794   0x00000054   Code   RO         4606    i.vPortEnterCritical  port.o
    0x080037e8   0x080037e8   0x0000003c   Code   RO         4607    i.vPortExitCritical  port.o
    0x08003824   0x08003824   0x000000a4   Code   RO         4537    i.vPortFree         heap_4.o
    0x080038c8   0x080038c8   0x00000028   Code   RO         4608    i.vPortSetupTimerInterrupt  port.o
    0x080038f0   0x080038f0   0x00000078   Code   RO         4609    i.vPortValidateInterruptPriority  port.o
    0x08003968   0x08003968   0x0000005c   Code   RO         3854    i.vTaskDelay        tasks.o
    0x080039c4   0x080039c4   0x000000b0   Code   RO         3867    i.vTaskStartScheduler  tasks.o
    0x08003a74   0x08003a74   0x00000010   Code   RO         3869    i.vTaskSuspendAll   tasks.o
    0x08003a84   0x08003a84   0x0000008c   Code   RO         3870    i.vTaskSwitchContext  tasks.o
    0x08003b10   0x08003b10   0x00000038   Code   RO         4689    i.vehicle_calibration  chassis_task.o
    0x08003b48   0x08003b48   0x00000168   Code   RO         4610    i.xPortStartScheduler  port.o
    0x08003cb0   0x08003cb0   0x00000064   Code   RO         3873    i.xTaskCreate       tasks.o
    0x08003d14   0x08003d14   0x000000ba   Code   RO         3874    i.xTaskCreateStatic  tasks.o
    0x08003dce   0x08003dce   0x00000002   PAD
    0x08003dd0   0x08003dd0   0x0000000c   Code   RO         3879    i.xTaskGetTickCount  tasks.o
    0x08003ddc   0x08003ddc   0x00000014   Code   RO         3880    i.xTaskGetTickCountFromISR  tasks.o
    0x08003df0   0x08003df0   0x00000148   Code   RO         3881    i.xTaskIncrementTick  tasks.o
    0x08003f38   0x08003f38   0x00000104   Code   RO         3887    i.xTaskResumeAll    tasks.o
    0x0800403c   0x0800403c   0x0000000a   Code   RO         5467    x$fpl$fpinit        fz_wm.l(fpinit.o)
    0x08004046   0x08004046   0x00000002   PAD
    0x08004048   0x08004048   0x0000008c   Data   RO          229    .constdata          freertos.o
    0x080040d4   0x080040d4   0x00000018   Data   RO         3328    .constdata          system_stm32f4xx.o
    0x080040ec   0x080040ec   0x0000003f   Data   RO          230    .conststring        freertos.o
    0x0800412b   0x0800412b   0x00000001   PAD
    0x0800412c   0x0800412c   0x00000020   Data   RO         5523    Region$$Table       anon$$obj.o


    Execution Region RW_IRAM1 (Exec base: 0x20000000, Load base: 0x0800414c, Size: 0x00004da0, Max: 0x0001c000, ABSOLUTE)

    Exec Addr    Load Addr    Size         Type   Attr      Idx    E Section Name        Object

    0x20000000   0x0800414c   0x00000014   Data   RW          231    .data               freertos.o
    0x20000014   0x08004160   0x00000004   Data   RW          303    .data               can.o
    0x20000018   0x08004164   0x00000009   Data   RW         1731    .data               stm32f4xx_hal.o
    0x20000021   0x0800416d   0x00000003   PAD
    0x20000024   0x08004170   0x00000004   Data   RW         3329    .data               system_stm32f4xx.o
    0x20000028   0x08004174   0x0000003c   Data   RW         3890    .data               tasks.o
    0x20000064   0x080041b0   0x00000020   Data   RW         4543    .data               heap_4.o
    0x20000084   0x080041d0   0x0000000c   Data   RW         4611    .data               port.o
    0x20000090   0x080041dc   0x00000003   Data   RW         4769    .data               modeswitch_task.o
    0x20000093   0x080041df   0x00000001   PAD
    0x20000094   0x080041e0   0x00000010   Data   RW         4864    .data               bsp_can.o
    0x200000a4   0x080041f0   0x00000008   Data   RW         4968    .data               pid.o
    0x200000ac        -       0x00000254   Zero   RW          228    .bss                freertos.o
    0x20000300        -       0x00000050   Zero   RW          302    .bss                can.o
    0x20000350        -       0x000000d8   Zero   RW          352    .bss                usart.o
    0x20000428        -       0x00000048   Zero   RW          492    .bss                stm32f4xx_hal_timebase_tim.o
    0x20000470        -       0x000000f0   Zero   RW         3889    .bss                tasks.o
    0x20000560        -       0x00003c00   Zero   RW         4542    .bss                heap_4.o
    0x20004160        -       0x000003f4   Zero   RW         4690    .bss                chassis_task.o
    0x20004554        -       0x00000154   Zero   RW         4803    .bss                gimbal_task.o
    0x200046a8        -       0x0000006e   Zero   RW         5238    .bss                judge_comm.o
    0x20004716   0x080041f8   0x00000002   PAD
    0x20004718        -       0x00000024   Zero   RW         5262    .bss                remote_comm.o
    0x2000473c        -       0x00000060   Zero   RW         5383    .bss                c_w.l(libspace.o)
    0x2000479c   0x080041f8   0x00000004   PAD
    0x200047a0        -       0x00000200   Zero   RW         3317    HEAP                startup_stm32f407xx.o
    0x200049a0        -       0x00000400   Zero   RW         3316    STACK               startup_stm32f407xx.o


    Execution Region RW_IRAM2 (Exec base: 0x2001c000, Load base: 0x080041f8, Size: 0x00000000, Max: 0x00004000, ABSOLUTE)

    **** No section assigned to this execution region ****


==============================================================================

Image component sizes


      Code (inc. data)   RO Data    RW Data    ZI Data      Debug   Object Name

       160          8          0         16          0       2678   bsp_can.o
       452         42          0          4         80       2586   can.o
        88         14          0          0          0        612   can_comm.o
      1728        162          0          0       1012       9886   chassis_task.o
       184          0          0          0          0      30596   cmsis_os.o
         0          0          0          0          0      17016   event_groups.o
       186         36        203         20        596       3874   freertos.o
       456         86          0          0        340       4312   gimbal_task.o
       196         10          0          0          0       1071   gpio.o
       724         74          0         32      15360       7635   heap_4.o
         0          0          0          0        110       5658   judge_comm.o
       148          0          0          0          0       3754   list.o
       254         16          0          0          0     736736   main.o
        92          0          0          0          0       2260   math_calcu.o
       156         24          0          3          0       2276   modeswitch_task.o
      1272         34          0          8          0       8609   pid.o
      1014         92          0         12          0      12413   port.o
         0          0          0          0         36       1127   remote_comm.o
        64         26        392          0       1536        840   startup_stm32f407xx.o
        96         20          0          9          0       8270   stm32f4xx_hal.o
       756          0          0          0          0       3272   stm32f4xx_hal_can.o
       260         22          0          0          0      33746   stm32f4xx_hal_cortex.o
       516         46          0          0          0       2223   stm32f4xx_hal_gpio.o
        84          6          0          0          0        922   stm32f4xx_hal_msp.o
      1884         90          0          0          0       6517   stm32f4xx_hal_rcc.o
       876         76          0          0          0       6934   stm32f4xx_hal_tim.o
         4          0          0          0          0       1693   stm32f4xx_hal_tim_ex.o
       160         20          0          0         72       1528   stm32f4xx_hal_timebase_tim.o
       674         10          0          0          0       1972   stm32f4xx_hal_uart.o
        38          6          0          0          0       3544   stm32f4xx_it.o
         0          0          0          0          0        392   stream_buffer.o
        20          6         24          4          0       1223   system_stm32f4xx.o
      2190        280          0         60        240      22296   tasks.o
       604         64          0          0        216       3270   usart.o

    ----------------------------------------------------------------------
     15352       1270        652        172      19600     951741   Object Totals
         0          0         32          0          0          0   (incl. Generated)
        16          0          1          4          2          0   (incl. Padding)

    ----------------------------------------------------------------------

      Code (inc. data)   RO Data    RW Data    ZI Data      Debug   Library Member Name

         8          0          0          0          0         68   __main.o
         0          0          0          0          0          0   __rtentry.o
        12          0          0          0          0          0   __rtentry2.o
         6          0          0          0          0          0   __rtentry4.o
        52          8          0          0          0          0   __scatter.o
        26          0          0          0          0          0   __scatter_copy.o
        28          0          0          0          0          0   __scatter_zi.o
        18          0          0          0          0         80   exit.o
         6          0          0          0          0        152   heapauxi.o
         0          0          0          0          0          0   indicate_semi.o
         2          0          0          0          0          0   libinit.o
         6          0          0          0          0          0   libinit2.o
         2          0          0          0          0          0   libshutdown.o
         2          0          0          0          0          0   libshutdown2.o
         8          4          0          0         96         68   libspace.o
       238          0          0          0          0        100   lludivv7m.o
        78          0          0          0          0         80   rt_memclr_w.o
       100          0          0          0          0         80   rt_memcpy_w.o
         2          0          0          0          0          0   rtexit.o
        10          0          0          0          0          0   rtexit2.o
        12          4          0          0          0         68   sys_exit.o
        74          0          0          0          0         80   sys_stackheap_outer.o
         2          0          0          0          0         68   use_no_semi.o
        10          0          0          0          0        116   fpinit.o

    ----------------------------------------------------------------------
       712         16          0          0        100        960   Library Totals
        10          0          0          0          4          0   (incl. Padding)

    ----------------------------------------------------------------------

      Code (inc. data)   RO Data    RW Data    ZI Data      Debug   Library Name

       692         16          0          0         96        844   c_w.l
        10          0          0          0          0        116   fz_wm.l

    ----------------------------------------------------------------------
       712         16          0          0        100        960   Library Totals

    ----------------------------------------------------------------------

==============================================================================


      Code (inc. data)   RO Data    RW Data    ZI Data      Debug   

     16064       1286        652        172      19700     939989   Grand Totals
     16064       1286        652        172      19700     939989   ELF Image Totals
     16064       1286        652        172          0          0   ROM Totals

==============================================================================

    Total RO  Size (Code + RO Data)                16716 (  16.32kB)
    Total RW  Size (RW Data + ZI Data)             19872 (  19.41kB)
    Total ROM Size (Code + RO Data + RW Data)      16888 (  16.49kB)

==============================================================================

