Component: ARM Compiler 5.06 update 5 (build 528) Tool: armlink [4d35e2]

==============================================================================

Section Cross References

    main.o(i.HAL_TIM_PeriodElapsedCallback) refers to stm32f4xx_hal.o(i.HAL_IncTick) for HAL_IncTick
    main.o(i.SystemClock_Config) refers to rt_memclr_w.o(.text) for __aeabi_memclr4
    main.o(i.SystemClock_Config) refers to stm32f4xx_hal_rcc.o(i.HAL_RCC_OscConfig) for HAL_RCC_OscConfig
    main.o(i.SystemClock_Config) refers to main.o(i.Error_Handler) for Error_Handler
    main.o(i.SystemClock_Config) refers to stm32f4xx_hal_rcc.o(i.HAL_RCC_ClockConfig) for HAL_RCC_ClockConfig
    main.o(i.main) refers to stm32f4xx_hal.o(i.HAL_Init) for HAL_Init
    main.o(i.main) refers to main.o(i.SystemClock_Config) for SystemClock_Config
    main.o(i.main) refers to gpio.o(i.MX_GPIO_Init) for MX_GPIO_Init
    main.o(i.main) refers to dma.o(i.MX_DMA_Init) for MX_DMA_Init
    main.o(i.main) refers to can.o(i.MX_CAN1_Init) for MX_CAN1_Init
    main.o(i.main) refers to can.o(i.MX_CAN2_Init) for MX_CAN2_Init
    main.o(i.main) refers to usart.o(i.MX_UART5_Init) for MX_UART5_Init
    main.o(i.main) refers to usart.o(i.MX_USART1_UART_Init) for MX_USART1_UART_Init
    main.o(i.main) refers to usart.o(i.MX_USART3_UART_Init) for MX_USART3_UART_Init
    main.o(i.main) refers to usart.o(i.MX_USART6_UART_Init) for MX_USART6_UART_Init
    main.o(i.main) refers to usart.o(i.MX_USART2_UART_Init) for MX_USART2_UART_Init
    main.o(i.main) refers to usart_comm.o(i.USER_UART_Init) for USER_UART_Init
    main.o(i.main) refers to can_comm.o(i.can_device_init) for can_device_init
    main.o(i.main) refers to bsp_dwt.o(i.DWT_Init) for DWT_Init
    main.o(i.main) refers to stm32f4xx_hal.o(i.HAL_Delay) for HAL_Delay
    main.o(i.main) refers to freertos.o(i.MX_FREERTOS_Init) for MX_FREERTOS_Init
    main.o(i.main) refers to cmsis_os.o(i.osKernelStart) for osKernelStart
    gpio.o(i.MX_GPIO_Init) refers to rt_memclr_w.o(.text) for __aeabi_memclr4
    gpio.o(i.MX_GPIO_Init) refers to stm32f4xx_hal_gpio.o(i.HAL_GPIO_Init) for HAL_GPIO_Init
    freertos.o(i.MX_FREERTOS_Init) refers to rt_memcpy_w.o(.text) for __aeabi_memcpy4
    freertos.o(i.MX_FREERTOS_Init) refers to cmsis_os.o(i.osThreadCreate) for osThreadCreate
    freertos.o(i.MX_FREERTOS_Init) refers to freertos.o(.constdata) for .constdata
    freertos.o(i.MX_FREERTOS_Init) refers to freertos.o(.data) for defaultTaskHandle
    freertos.o(i.StartDefaultTask) refers to cmsis_os.o(i.osDelay) for osDelay
    freertos.o(i.vApplicationGetIdleTaskMemory) refers to freertos.o(.bss) for xIdleTaskTCBBuffer
    freertos.o(.constdata) refers to freertos.o(.conststring) for .conststring
    freertos.o(.constdata) refers to freertos.o(i.StartDefaultTask) for StartDefaultTask
    freertos.o(.constdata) refers to can_comm.o(i.can_comm_task) for can_comm_task
    freertos.o(.constdata) refers to chassis_task.o(i.chassis_task) for chassis_task
    freertos.o(.constdata) refers to gimbal_task.o(i.gimbal_task) for gimbal_task
    freertos.o(.constdata) refers to modeswitch_task.o(i.mode_switch_task) for mode_switch_task
    freertos.o(.constdata) refers to debug_task.o(i.debug_task) for debug_task
    can.o(i.HAL_CAN_MspDeInit) refers to stm32f4xx_hal_gpio.o(i.HAL_GPIO_DeInit) for HAL_GPIO_DeInit
    can.o(i.HAL_CAN_MspDeInit) refers to stm32f4xx_hal_cortex.o(i.HAL_NVIC_DisableIRQ) for HAL_NVIC_DisableIRQ
    can.o(i.HAL_CAN_MspDeInit) refers to can.o(.data) for HAL_RCC_CAN1_CLK_ENABLED
    can.o(i.HAL_CAN_MspInit) refers to rt_memclr_w.o(.text) for __aeabi_memclr4
    can.o(i.HAL_CAN_MspInit) refers to stm32f4xx_hal_gpio.o(i.HAL_GPIO_Init) for HAL_GPIO_Init
    can.o(i.HAL_CAN_MspInit) refers to stm32f4xx_hal_cortex.o(i.HAL_NVIC_SetPriority) for HAL_NVIC_SetPriority
    can.o(i.HAL_CAN_MspInit) refers to stm32f4xx_hal_cortex.o(i.HAL_NVIC_EnableIRQ) for HAL_NVIC_EnableIRQ
    can.o(i.HAL_CAN_MspInit) refers to can.o(.data) for HAL_RCC_CAN1_CLK_ENABLED
    can.o(i.MX_CAN1_Init) refers to stm32f4xx_hal_can.o(i.HAL_CAN_Init) for HAL_CAN_Init
    can.o(i.MX_CAN1_Init) refers to main.o(i.Error_Handler) for Error_Handler
    can.o(i.MX_CAN1_Init) refers to can.o(.bss) for hcan1
    can.o(i.MX_CAN2_Init) refers to stm32f4xx_hal_can.o(i.HAL_CAN_Init) for HAL_CAN_Init
    can.o(i.MX_CAN2_Init) refers to main.o(i.Error_Handler) for Error_Handler
    can.o(i.MX_CAN2_Init) refers to can.o(.bss) for hcan2
    dma.o(i.MX_DMA_Init) refers to stm32f4xx_hal_cortex.o(i.HAL_NVIC_SetPriority) for HAL_NVIC_SetPriority
    dma.o(i.MX_DMA_Init) refers to stm32f4xx_hal_cortex.o(i.HAL_NVIC_EnableIRQ) for HAL_NVIC_EnableIRQ
    usart.o(i.HAL_UART_MspDeInit) refers to stm32f4xx_hal_gpio.o(i.HAL_GPIO_DeInit) for HAL_GPIO_DeInit
    usart.o(i.HAL_UART_MspDeInit) refers to stm32f4xx_hal_dma.o(i.HAL_DMA_DeInit) for HAL_DMA_DeInit
    usart.o(i.HAL_UART_MspDeInit) refers to stm32f4xx_hal_cortex.o(i.HAL_NVIC_DisableIRQ) for HAL_NVIC_DisableIRQ
[...]
    __rt_lib_shutdown_signal_1               0x08000227   Thumb Code     0  libshutdown2.o(.ARM.Collect$$libshutdown$$0000000A)
    __rt_lib_shutdown_stdio_1                0x08000227   Thumb Code     0  libshutdown2.o(.ARM.Collect$$libshutdown$$00000004)
    __rt_lib_shutdown_user_alloc_1           0x08000227   Thumb Code     0  libshutdown2.o(.ARM.Collect$$libshutdown$$0000000C)
    __rt_entry                               0x08000229   Thumb Code     0  __rtentry.o(.ARM.Collect$$rtentry$$00000000)
    __rt_entry_presh_1                       0x08000229   Thumb Code     0  __rtentry2.o(.ARM.Collect$$rtentry$$00000002)
    __rt_entry_sh                            0x08000229   Thumb Code     0  __rtentry4.o(.ARM.Collect$$rtentry$$00000004)
    __rt_entry_li                            0x0800022f   Thumb Code     0  __rtentry2.o(.ARM.Collect$$rtentry$$0000000A)
    __rt_entry_postsh_1                      0x0800022f   Thumb Code     0  __rtentry2.o(.ARM.Collect$$rtentry$$00000009)
    __rt_entry_main                          0x08000233   Thumb Code     0  __rtentry2.o(.ARM.Collect$$rtentry$$0000000D)
    __rt_entry_postli_1                      0x08000233   Thumb Code     0  __rtentry2.o(.ARM.Collect$$rtentry$$0000000C)
    __rt_exit                                0x0800023b   Thumb Code     0  rtexit.o(.ARM.Collect$$rtexit$$00000000)
    __rt_exit_ls                             0x0800023d   Thumb Code     0  rtexit2.o(.ARM.Collect$$rtexit$$00000003)
    __rt_exit_prels_1                        0x0800023d   Thumb Code     0  rtexit2.o(.ARM.Collect$$rtexit$$00000002)
    __rt_exit_exit                           0x08000241   Thumb Code     0  rtexit2.o(.ARM.Collect$$rtexit$$00000004)
    SVC_Handler                              0x08000249   Thumb Code    28  port.o(.emb_text)
    __asm___6_port_c_39a90d8d__prvStartFirstTask 0x08000269   Thumb Code    36  port.o(.emb_text)
    __asm___6_port_c_39a90d8d__prvEnableVFP  0x08000291   Thumb Code    16  port.o(.emb_text)
    PendSV_Handler                           0x080002a5   Thumb Code    88  port.o(.emb_text)
    vPortGetIPSR                             0x08000301   Thumb Code     6  port.o(.emb_text)
    Reset_Handler                            0x08000309   Thumb Code     8  startup_stm32f407xx.o(.text)
    ADC_IRQHandler                           0x08000323   Thumb Code     0  startup_stm32f407xx.o(.text)
    CAN2_RX0_IRQHandler                      0x08000323   Thumb Code     0  startup_stm32f407xx.o(.text)
    CAN2_RX1_IRQHandler                      0x08000323   Thumb Code     0  startup_stm32f407xx.o(.text)
    CAN2_SCE_IRQHandler                      0x08000323   Thumb Code     0  startup_stm32f407xx.o(.text)
    CAN2_TX_IRQHandler                       0x08000323   Thumb Code     0  startup_stm32f407xx.o(.text)
    DCMI_IRQHandler                          0x08000323   Thumb Code     0  startup_stm32f407xx.o(.text)
    DMA1_Stream0_IRQHandler                  0x08000323   Thumb Code     0  startup_stm32f407xx.o(.text)
    DMA1_Stream1_IRQHandler                  0x08000323   Thumb Code     0  startup_stm32f407xx.o(.text)
    DMA1_Stream2_IRQHandler                  0x08000323   Thumb Code     0  startup_stm32f407xx.o(.text)
    DMA1_Stream3_IRQHandler                  0x08000323   Thumb Code     0  startup_stm32f407xx.o(.text)
    DMA1_Stream4_IRQHandler                  0x08000323   Thumb Code     0  startup_stm32f407xx.o(.text)
    DMA1_Stream7_IRQHandler                  0x08000323   Thumb Code     0  startup_stm32f407xx.o(.text)
    DMA2_Stream0_IRQHandler                  0x08000323   Thumb Code     0  startup_stm32f407xx.o(.text)
    DMA2_Stream1_IRQHandler                  0x08000323   Thumb Code     0  startup_stm32f407xx.o(.text)
    DMA2_Stream3_IRQHandler                  0x08000323   Thumb Code     0  startup_stm32f407xx.o(.text)
    DMA2_Stream4_IRQHandler                  0x08000323   Thumb Code     0  startup_stm32f407xx.o(.text)
    DMA2_Stream5_IRQHandler                  0x08000323   Thumb Code     0  startup_stm32f407xx.o(.text)
    DMA2_Stream6_IRQHandler                  0x08000323   Thumb Code     0  startup_stm32f407xx.o(.text)
    ETH_IRQHandler                           0x08000323   Thumb Code     0  startup_stm32f407xx.o(.text)
    ETH_WKUP_IRQHandler                      0x08000323   Thumb Code     0  startup_stm32f407xx.o(.text)
    EXTI0_IRQHandler                         0x08000323   Thumb Code     0  startup_stm32f407xx.o(.text)
    EXTI15_10_IRQHandler                     0x08000323   Thumb Code     0  startup_stm32f407xx.o(.text)
    EXTI1_IRQHandler                         0x08000323   Thumb Code     0  startup_stm32f407xx.o(.text)
    EXTI2_IRQHandler                         0x08000323   Thumb Code     0  startup_stm32f407xx.o(.text)
    EXTI3_IRQHandler                         0x08000323   Thumb Code     0  startup_stm32f407xx.o(.text)
    EXTI4_IRQHandler                         0x08000323   Thumb Code     0  startup_stm32f407xx.o(.text)
    EXTI9_5_IRQHandler                       0x08000323   Thumb Code     0  startup_stm32f407xx.o(.text)
    FLASH_IRQHandler                         0x08000323   Thumb Code     0  startup_stm32f407xx.o(.text)
    FMC_IRQHandler                           0x08000323   Thumb Code     0  startup_stm32f407xx.o(.text)
    FPU_IRQHandler                           0x08000323   Thumb Code     0  startup_stm32f407xx.o(.text)
    HASH_RNG_IRQHandler                      0x08000323   Thumb Code     0  startup_stm32f407xx.o(.text)
    I2C1_ER_IRQHandler                       0x08000323   Thumb Code     0  startup_stm32f407xx.o(.text)
    I2C1_EV_IRQHandler                       0x08000323   Thumb Code     0  startup_stm32f407xx.o(.text)
    I2C2_ER_IRQHandler                       0x08000323   Thumb Code     0  startup_stm32f407xx.o(.text)
    I2C2_EV_IRQHandler                       0x08000323   Thumb Code     0  startup_stm32f407xx.o(.text)
    I2C3_ER_IRQHandler                       0x08000323   Thumb Code     0  startup_stm32f407xx.o(.text)
    I2C3_EV_IRQHandler                       0x08000323   Thumb Code     0  startup_stm32f407xx.o(.text)
    OTG_FS_IRQHandler                        0x08000323   Thumb Code     0  startup_stm32f407xx.o(.text)
    OTG_FS_WKUP_IRQHandler                   0x08000323   Thumb Code     0  startup_stm32f407xx.o(.text)
    OTG_HS_EP1_IN_IRQHandler                 0x08000323   Thumb Code     0  startup_stm32f407xx.o(.text)
    OTG_HS_EP1_OUT_IRQHandler                0x08000323   Thumb Code     0  startup_stm32f407xx.o(.text)
    OTG_HS_IRQHandler                        0x08000323   Thumb Code     0  startup_stm32f407xx.o(.text)
    OTG_HS_WKUP_IRQHandler                   0x08000323   Thumb Code     0  startup_stm32f407xx.o(.text)
    PVD_IRQHandler                           0x08000323   Thumb Code     0  startup_stm32f407xx.o(.text)
    RCC_IRQHandler                           0x08000323   Thumb Code     0  startup_stm32f407xx.o(.text)
    RTC_Alarm_IRQHandler                     0x08000323   Thumb Code     0  startup_stm32f407xx.o(.text)
    RTC_WKUP_IRQHandler                      0x08000323   Thumb Code     0  startup_stm32f407xx.o(.text)
    SDIO_IRQHandler                          0x08000323   Thumb Code     0  startup_stm32f407xx.o(.text)
    SPI1_IRQHandler                          0x08000323   Thumb Code     0  startup_stm32f407xx.o(.text)
    SPI2_IRQHandler                          0x08000323   Thumb Code     0  startup_stm32f407xx.o(.text)
    SPI3_IRQHandler                          0x08000323   Thumb Code     0  startup_stm32f407xx.o(.text)
    TAMP_STAMP_IRQHandler                    0x08000323   Thumb Code     0  startup_stm32f407xx.o(.text)
    TIM1_BRK_TIM9_IRQHandler                 0x08000323   Thumb Code     0  startup_stm32f407xx.o(.text)
    TIM1_CC_IRQHandler                       0x08000323   Thumb Code     0  startup_stm32f407xx.o(.text)
    TIM1_TRG_COM_TIM11_IRQHandler            0x08000323   Thumb Code     0  startup_stm32f407xx.o(.text)
    TIM2_IRQHandler                          0x08000323   Thumb Code     0  startup_stm32f407xx.o(.text)
    TIM3_IRQHandler                          0x08000323   Thumb Code     0  startup_stm32f407xx.o(.text)
    TIM4_IRQHandler                          0x08000323   Thumb Code     0  startup_stm32f407xx.o(.text)
    TIM5_IRQHandler                          0x08000323   Thumb Code     0  startup_stm32f407xx.o(.text)
    TIM6_DAC_IRQHandler                      0x08000323   Thumb Code     0  startup_stm32f407xx.o(.text)
    TIM7_IRQHandler                          0x08000323   Thumb Code     0  startup_stm32f407xx.o(.text)
    TIM8_BRK_TIM12_IRQHandler                0x08000323   Thumb Code     0  startup_stm32f407xx.o(.text)
    TIM8_CC_IRQHandler                       0x08000323   Thumb Code     0  startup_stm32f407xx.o(.text)
    TIM8_TRG_COM_TIM14_IRQHandler            0x08000323   Thumb Code     0  startup_stm32f407xx.o(.text)
    TIM8_UP_TIM13_IRQHandler                 0x08000323   Thumb Code     0  startup_stm32f407xx.o(.text)
    UART4_IRQHandler                         0x08000323   Thumb Code     0  startup_stm32f407xx.o(.text)
    UART5_IRQHandler                         0x08000323   Thumb Code     0  startup_stm32f407xx.o(.text)
    USART3_IRQHandler                        0x08000323   Thumb Code     0  startup_stm32f407xx.o(.text)
    USART6_IRQHandler                        0x08000323   Thumb Code     0  startup_stm32f407xx.o(.text)
    WWDG_IRQHandler                          0x08000323   Thumb Code     0  startup_stm32f407xx.o(.text)
    __user_initial_stackheap                 0x08000325   Thumb Code     0  startup_stm32f407xx.o(.text)
    __aeabi_uldivmod                         0x08000349   Thumb Code     0  lludivv7m.o(.text)
    _ll_udiv                                 0x08000349   Thumb Code   238  lludivv7m.o(.text)
    __aeabi_memcpy                           0x08000437   Thumb Code     0  rt_memcpy_v6.o(.text)
    __rt_memcpy                              0x08000437   Thumb Code   138  rt_memcpy_v6.o(.text)
    _memcpy_lastbytes                        0x0800049d   Thumb Code     0  rt_memcpy_v6.o(.text)
    __aeabi_memcpy4                          0x080004c1   Thumb Code     0  rt_memcpy_w.o(.text)
    __aeabi_memcpy8                          0x080004c1   Thumb Code     0  rt_memcpy_w.o(.text)
    __rt_memcpy_w                            0x080004c1   Thumb Code   100  rt_memcpy_w.o(.text)
    _memcpy_lastbytes_aligned                0x08000509   Thumb Code     0  rt_memcpy_w.o(.text)
    __aeabi_memclr                           0x08000525   Thumb Code     0  rt_memclr.o(.text)
    __rt_memclr                              0x08000525   Thumb Code    68  rt_memclr.o(.text)
    _memset                                  0x08000529   Thumb Code     0  rt_memclr.o(.text)
    __aeabi_memclr4                          0x08000569   Thumb Code     0  rt_memclr_w.o(.text)
    __aeabi_memclr8                          0x08000569   Thumb Code     0  rt_memclr_w.o(.text)
    __rt_memclr_w                            0x08000569   Thumb Code    78  rt_memclr_w.o(.text)
    _memset_w                                0x0800056d   Thumb Code     0  rt_memclr_w.o(.text)
    __use_two_region_memory                  0x080005b7   Thumb Code     2  heapauxi.o(.text)
    __rt_heap_escrow$2region                 0x080005b9   Thumb Code     2  heapauxi.o(.text)
    __rt_heap_expand$2region                 0x080005bb   Thumb Code     2  heapauxi.o(.text)
    __read_errno                             0x080005bd   Thumb Code    10  _rserrno.o(.text)
    __set_errno                              0x080005c7   Thumb Code    12  _rserrno.o(.text)
    __aeabi_errno_addr                       0x080005d5   Thumb Code     8  rt_errno_addr_intlibspace.o(.text)
    __errno$intlibspace                      0x080005d5   Thumb Code     0  rt_errno_addr_intlibspace.o(.text)
    __rt_errno_addr$intlibspace              0x080005d5   Thumb Code     0  rt_errno_addr_intlibspace.o(.text)
    __user_libspace                          0x080005dd   Thumb Code     8  libspace.o(.text)
    __user_perproc_libspace                  0x080005dd   Thumb Code     0  libspace.o(.text)
    __user_perthread_libspace                0x080005dd   Thumb Code     0  libspace.o(.text)
    __user_setup_stackheap                   0x080005e5   Thumb Code    74  sys_stackheap_outer.o(.text)
    exit                                     0x0800062f   Thumb Code    18  exit.o(.text)
    _sys_exit                                0x08000641   Thumb Code     8  sys_exit.o(.text)
    __I$use$semihosting                      0x0800064d   Thumb Code     0  use_no_semi.o(.text)
    __use_no_semihosting_swi                 0x0800064d   Thumb Code     2  use_no_semi.o(.text)
    __semihosting_library_function           0x0800064f   Thumb Code     0  indicate_semi.o(.text)
    BusFault_Handler                         0x08000c6d   Thumb Code     4  stm32f4xx_it.o(i.BusFault_Handler)
    CAN1_RX0_IRQHandler                      0x08000d25   Thumb Code    10  stm32f4xx_it.o(i.CAN1_RX0_IRQHandler)
    CAN1_RX1_IRQHandler                      0x08000d35   Thumb Code    10  stm32f4xx_it.o(i.CAN1_RX1_IRQHandler)
    CAN1_SCE_IRQHandler                      0x08000d45   Thumb Code    10  stm32f4xx_it.o(i.CAN1_SCE_IRQHandler)
    CAN1_TX_IRQHandler                       0x08000d55   Thumb Code    10  stm32f4xx_it.o(i.CAN1_TX_IRQHandler)
    DMA1_Stream5_IRQHandler                  0x08000e61   Thumb Code    10  stm32f4xx_it.o(i.DMA1_Stream5_IRQHandler)
    DMA1_Stream6_IRQHandler                  0x08000e71   Thumb Code    10  stm32f4xx_it.o(i.DMA1_Stream6_IRQHandler)
    DMA2_Stream2_IRQHandler                  0x08000e81   Thumb Code    10  stm32f4xx_it.o(i.DMA2_Stream2_IRQHandler)
    DMA2_Stream7_IRQHandler                  0x08000e91   Thumb Code    10  stm32f4xx_it.o(i.DMA2_Stream7_IRQHandler)
    DWT_GetDeltaT                            0x08000fdd   Thumb Code    68  bsp_dwt.o(i.DWT_GetDeltaT)
    DWT_Init                                 0x08001029   Thumb Code    74  bsp_dwt.o(i.DWT_Init)
    DataScope_Get_Channel_Data               0x080010cd   Thumb Code    56  data_scope.o(i.DataScope_Get_Channel_Data)
    DataWave                                 0x08001109   Thumb Code    78  data_scope.o(i.DataWave)
    DataWavePkg                              0x0800115d   Thumb Code    12  debug_task.o(i.DataWavePkg)
    DebugMon_Handler                         0x0800116d   Thumb Code     2  stm32f4xx_it.o(i.DebugMon_Handler)
    Error_Handler                            0x0800116f   Thumb Code     6  main.o(i.Error_Handler)
    Get_CRC16_Check_Sum                      0x08001191   Thumb Code    46  crc.o(i.Get_CRC16_Check_Sum)
    Get_CRC8_Check_Sum                       0x080011c5   Thumb Code    32  crc.o(i.Get_CRC8_Check_Sum)
    HAL_CAN_ActivateNotification             0x080011e9   Thumb Code    42  stm32f4xx_hal_can.o(i.HAL_CAN_ActivateNotification)
    HAL_CAN_AddTxMessage                     0x08001213   Thumb Code   330  stm32f4xx_hal_can.o(i.HAL_CAN_AddTxMessage)
    HAL_CAN_ConfigFilter                     0x0800135d   Thumb Code   286  stm32f4xx_hal_can.o(i.HAL_CAN_ConfigFilter)
    HAL_CAN_ErrorCallback                    0x08001481   Thumb Code     2  stm32f4xx_hal_can.o(i.HAL_CAN_ErrorCallback)
    HAL_CAN_GetRxMessage                     0x08001483   Thumb Code   404  stm32f4xx_hal_can.o(i.HAL_CAN_GetRxMessage)
    HAL_CAN_GetTxMailboxesFreeLevel          0x08001617   Thumb Code    54  stm32f4xx_hal_can.o(i.HAL_CAN_GetTxMailboxesFreeLevel)
    HAL_CAN_IRQHandler                       0x0800164d   Thumb Code   590  stm32f4xx_hal_can.o(i.HAL_CAN_IRQHandler)
    HAL_CAN_Init                             0x0800189b   Thumb Code   372  stm32f4xx_hal_can.o(i.HAL_CAN_Init)
    HAL_CAN_MspInit                          0x08001a11   Thumb Code   362  can.o(i.HAL_CAN_MspInit)
    HAL_CAN_RxFifo0FullCallback              0x08001b95   Thumb Code     2  stm32f4xx_hal_can.o(i.HAL_CAN_RxFifo0FullCallback)
    HAL_CAN_RxFifo0MsgPendingCallback        0x08001b99   Thumb Code    42  bsp_can.o(i.HAL_CAN_RxFifo0MsgPendingCallback)
    HAL_CAN_RxFifo1FullCallback              0x08001bd1   Thumb Code     2  stm32f4xx_hal_can.o(i.HAL_CAN_RxFifo1FullCallback)
    HAL_CAN_RxFifo1MsgPendingCallback        0x08001bd5   Thumb Code    42  bsp_can.o(i.HAL_CAN_RxFifo1MsgPendingCallback)
    HAL_CAN_SleepCallback                    0x08001c0d   Thumb Code     2  stm32f4xx_hal_can.o(i.HAL_CAN_SleepCallback)
    HAL_CAN_Start                            0x08001c0f   Thumb Code    94  stm32f4xx_hal_can.o(i.HAL_CAN_Start)
    HAL_CAN_TxMailbox0AbortCallback          0x08001c6d   Thumb Code     2  stm32f4xx_hal_can.o(i.HAL_CAN_TxMailbox0AbortCallback)
    HAL_CAN_TxMailbox0CompleteCallback       0x08001c6f   Thumb Code     2  stm32f4xx_hal_can.o(i.HAL_CAN_TxMailbox0CompleteCallback)
    HAL_CAN_TxMailbox1AbortCallback          0x08001c71   Thumb Code     2  stm32f4xx_hal_can.o(i.HAL_CAN_TxMailbox1AbortCallback)
    HAL_CAN_TxMailbox1CompleteCallback       0x08001c73   Thumb Code     2  stm32f4xx_hal_can.o(i.HAL_CAN_TxMailbox1CompleteCallback)
    HAL_CAN_TxMailbox2AbortCallback          0x08001c75   Thumb Code     2  stm32f4xx_hal_can.o(i.HAL_CAN_TxMailbox2AbortCallback)
    HAL_CAN_TxMailbox2CompleteCallback       0x08001c77   Thumb Code     2  stm32f4xx_hal_can.o(i.HAL_CAN_TxMailbox2CompleteCallback)
    HAL_CAN_WakeUpFromRxMsgCallback          0x08001c79   Thumb Code     2  stm32f4xx_hal_can.o(i.HAL_CAN_WakeUpFromRxMsgCallback)
    HAL_DMA_Abort                            0x08001c7b   Thumb Code   172  stm32f4xx_hal_dma.o(i.HAL_DMA_Abort)
    HAL_DMA_Abort_IT                         0x08001d27   Thumb Code    40  stm32f4xx_hal_dma.o(i.HAL_DMA_Abort_IT)
    HAL_DMA_GetError                         0x08001d4f   Thumb Code     6  stm32f4xx_hal_dma.o(i.HAL_DMA_GetError)
    HAL_DMA_IRQHandler                       0x08001d55   Thumb Code   570  stm32f4xx_hal_dma.o(i.HAL_DMA_IRQHandler)
    HAL_DMA_Init                             0x08001f95   Thumb Code   232  stm32f4xx_hal_dma.o(i.HAL_DMA_Init)
    HAL_DMA_Start_IT                         0x08002081   Thumb Code   146  stm32f4xx_hal_dma.o(i.HAL_DMA_Start_IT)
    HAL_Delay                                0x08002115   Thumb Code    36  stm32f4xx_hal.o(i.HAL_Delay)
    HAL_GPIO_Init                            0x0800213d   Thumb Code   454  stm32f4xx_hal_gpio.o(i.HAL_GPIO_Init)
    HAL_GPIO_ReadPin                         0x08002331   Thumb Code    16  stm32f4xx_hal_gpio.o(i.HAL_GPIO_ReadPin)
    HAL_GetTick                              0x08002341   Thumb Code     6  stm32f4xx_hal.o(i.HAL_GetTick)
    HAL_IncTick                              0x0800234d   Thumb Code    16  stm32f4xx_hal.o(i.HAL_IncTick)
    HAL_Init                                 0x08002365   Thumb Code    54  stm32f4xx_hal.o(i.HAL_Init)
    HAL_InitTick                             0x080023a1   Thumb Code   140  stm32f4xx_hal_timebase_tim.o(i.HAL_InitTick)
    HAL_MspInit                              0x08002441   Thumb Code    78  stm32f4xx_hal_msp.o(i.HAL_MspInit)
    HAL_NVIC_EnableIRQ                       0x08002495   Thumb Code    40  stm32f4xx_hal_cortex.o(i.HAL_NVIC_EnableIRQ)
    HAL_NVIC_SetPriority                     0x080024bd   Thumb Code   124  stm32f4xx_hal_cortex.o(i.HAL_NVIC_SetPriority)
    HAL_NVIC_SetPriorityGrouping             0x08002539   Thumb Code    32  stm32f4xx_hal_cortex.o(i.HAL_NVIC_SetPriorityGrouping)
    HAL_RCC_ClockConfig                      0x08002561   Thumb Code   368  stm32f4xx_hal_rcc.o(i.HAL_RCC_ClockConfig)
    HAL_RCC_GetClockConfig                   0x080026e5   Thumb Code    58  stm32f4xx_hal_rcc.o(i.HAL_RCC_GetClockConfig)
    HAL_RCC_GetHCLKFreq                      0x08002729   Thumb Code     6  stm32f4xx_hal_rcc.o(i.HAL_RCC_GetHCLKFreq)
    HAL_RCC_GetPCLK1Freq                     0x08002735   Thumb Code    22  stm32f4xx_hal_rcc.o(i.HAL_RCC_GetPCLK1Freq)
    HAL_RCC_GetPCLK2Freq                     0x08002755   Thumb Code    22  stm32f4xx_hal_rcc.o(i.HAL_RCC_GetPCLK2Freq)
    HAL_RCC_GetSysClockFreq                  0x08002775   Thumb Code   162  stm32f4xx_hal_rcc.o(i.HAL_RCC_GetSysClockFreq)
    HAL_RCC_OscConfig                        0x08002821   Thumb Code  1172  stm32f4xx_hal_rcc.o(i.HAL_RCC_OscConfig)
    HAL_TIMEx_BreakCallback                  0x08002cbd   Thumb Code     2  stm32f4xx_hal_tim_ex.o(i.HAL_TIMEx_BreakCallback)
    HAL_TIMEx_CommutCallback                 0x08002cbf   Thumb Code     2  stm32f4xx_hal_tim_ex.o(i.HAL_TIMEx_CommutCallback)
    HAL_TIM_Base_Init                        0x08002cc1   Thumb Code   102  stm32f4xx_hal_tim.o(i.HAL_TIM_Base_Init)
    HAL_TIM_Base_MspInit                     0x08002d27   Thumb Code     2  stm32f4xx_hal_tim.o(i.HAL_TIM_Base_MspInit)
    HAL_TIM_Base_Start_IT                    0x08002d29   Thumb Code   138  stm32f4xx_hal_tim.o(i.HAL_TIM_Base_Start_IT)
    HAL_TIM_IC_CaptureCallback               0x08002dd1   Thumb Code     2  stm32f4xx_hal_tim.o(i.HAL_TIM_IC_CaptureCallback)
    HAL_TIM_IRQHandler                       0x08002dd3   Thumb Code   364  stm32f4xx_hal_tim.o(i.HAL_TIM_IRQHandler)
    HAL_TIM_OC_DelayElapsedCallback          0x08002f3f   Thumb Code     2  stm32f4xx_hal_tim.o(i.HAL_TIM_OC_DelayElapsedCallback)
    HAL_TIM_PWM_PulseFinishedCallback        0x08002f41   Thumb Code     2  stm32f4xx_hal_tim.o(i.HAL_TIM_PWM_PulseFinishedCallback)
    HAL_TIM_PeriodElapsedCallback            0x08002f45   Thumb Code    18  main.o(i.HAL_TIM_PeriodElapsedCallback)
    HAL_TIM_TriggerCallback                  0x08002f5d   Thumb Code     2  stm32f4xx_hal_tim.o(i.HAL_TIM_TriggerCallback)
    HAL_UARTEx_RxEventCallback               0x08002f5f   Thumb Code     2  stm32f4xx_hal_uart.o(i.HAL_UARTEx_RxEventCallback)
    HAL_UART_AbortReceive                    0x08002f61   Thumb Code   196  stm32f4xx_hal_uart.o(i.HAL_UART_AbortReceive)
    HAL_UART_ErrorCallback                   0x08003025   Thumb Code     2  stm32f4xx_hal_uart.o(i.HAL_UART_ErrorCallback)
    HAL_UART_IRQHandler                      0x08003029   Thumb Code   740  stm32f4xx_hal_uart.o(i.HAL_UART_IRQHandler)
    HAL_UART_Init                            0x08003311   Thumb Code   118  stm32f4xx_hal_uart.o(i.HAL_UART_Init)
    HAL_UART_MspInit                         0x08003389   Thumb Code   892  usart.o(i.HAL_UART_MspInit)
    HAL_UART_Receive_DMA                     0x08003745   Thumb Code    44  stm32f4xx_hal_uart.o(i.HAL_UART_Receive_DMA)
    HAL_UART_RxCpltCallback                  0x08003771   Thumb Code     2  stm32f4xx_hal_uart.o(i.HAL_UART_RxCpltCallback)
    HAL_UART_RxHalfCpltCallback              0x08003773   Thumb Code     2  stm32f4xx_hal_uart.o(i.HAL_UART_RxHalfCpltCallback)
    HAL_UART_TxCpltCallback                  0x08003775   Thumb Code     2  stm32f4xx_hal_uart.o(i.HAL_UART_TxCpltCallback)
    HardFault_Handler                        0x08003777   Thumb Code     4  stm32f4xx_it.o(i.HardFault_Handler)
    MX_CAN1_Init                             0x0800377d   Thumb Code    56  can.o(i.MX_CAN1_Init)
    MX_CAN2_Init                             0x080037bd   Thumb Code    56  can.o(i.MX_CAN2_Init)
    MX_DMA_Init                              0x080037fd   Thumb Code   130  dma.o(i.MX_DMA_Init)
    MX_FREERTOS_Init                         0x08003885   Thumb Code   150  freertos.o(i.MX_FREERTOS_Init)
    MX_GPIO_Init                             0x08003939   Thumb Code   188  gpio.o(i.MX_GPIO_Init)
    MX_UART5_Init                            0x080039fd   Thumb Code    46  usart.o(i.MX_UART5_Init)
    MX_USART1_UART_Init                      0x08003a35   Thumb Code    48  usart.o(i.MX_USART1_UART_Init)
    MX_USART2_UART_Init                      0x08003a71   Thumb Code    46  usart.o(i.MX_USART2_UART_Init)
    MX_USART3_UART_Init                      0x08003aa9   Thumb Code    46  usart.o(i.MX_USART3_UART_Init)
    MX_USART6_UART_Init                      0x08003ae1   Thumb Code    46  usart.o(i.MX_USART6_UART_Init)
    MemManage_Handler                        0x08003c59   Thumb Code     4  stm32f4xx_it.o(i.MemManage_Handler)
    NMI_Handler                              0x08003c5d   Thumb Code     4  stm32f4xx_it.o(i.NMI_Handler)
    PID_struct_init                          0x08003c61   Thumb Code    96  pid.o(i.PID_struct_init)
    StartDefaultTask                         0x08003cc9   Thumb Code    10  freertos.o(i.StartDefaultTask)
    SysTick_Handler                          0x08003cd5   Thumb Code    46  port.o(i.SysTick_Handler)
    SystemClock_Config                       0x08003d09   Thumb Code   170  main.o(i.SystemClock_Config)
    SystemInit                               0x08003dbd   Thumb Code    14  system_stm32f4xx.o(i.SystemInit)
    TIM1_UP_TIM10_IRQHandler                 0x08003dd1   Thumb Code    10  stm32f4xx_it.o(i.TIM1_UP_TIM10_IRQHandler)
    TIM_Base_SetConfig                       0x08003de1   Thumb Code   186  stm32f4xx_hal_tim.o(i.TIM_Base_SetConfig)
    UART_Start_Receive_DMA                   0x080043e1   Thumb Code   186  stm32f4xx_hal_uart.o(i.UART_Start_Receive_DMA)
    USART1_IRQHandler                        0x08004509   Thumb Code    16  stm32f4xx_it.o(i.USART1_IRQHandler)
    USART2_IRQHandler                        0x0800451d   Thumb Code    16  stm32f4xx_it.o(i.USART2_IRQHandler)
    USER_UART_IDLECallback                   0x08004531   Thumb Code    74  usart_comm.o(i.USER_UART_IDLECallback)
    USER_UART_IRQHandler                     0x08004591   Thumb Code    50  usart_comm.o(i.USER_UART_IRQHandler)
    USER_UART_Init                           0x080045c5   Thumb Code   108  usart_comm.o(i.USER_UART_Init)
    UsageFault_Handler                       0x08004641   Thumb Code     4  stm32f4xx_it.o(i.UsageFault_Handler)
    Verify_CRC16_Check_Sum                   0x080047e9   Thumb Code    60  crc.o(i.Verify_CRC16_Check_Sum)
    Verify_CRC8_Check_Sum                    0x08004829   Thumb Code    48  crc.o(i.Verify_CRC8_Check_Sum)
    __ARM_fpclassify                         0x08004859   Thumb Code    48  fpclassify.o(i.__ARM_fpclassify)
    __hardfp_sin                             0x080048c1   Thumb Code   180  sin.o(i.__hardfp_sin)
    __ieee754_rem_pio2                       0x08004989   Thumb Code   938  rred.o(i.__ieee754_rem_pio2)
    __kernel_cos                             0x08004dc1   Thumb Code   322  cos_i.o(i.__kernel_cos)
    __kernel_poly                            0x08004f31   Thumb Code   248  poly.o(i.__kernel_poly)
    __kernel_sin                             0x08005029   Thumb Code   280  sin_i.o(i.__kernel_sin)
    __mathlib_dbl_infnan                     0x08005159   Thumb Code    20  dunder.o(i.__mathlib_dbl_infnan)
    __mathlib_dbl_invalid                    0x08005171   Thumb Code    24  dunder.o(i.__mathlib_dbl_invalid)
    __mathlib_dbl_underflow                  0x08005191   Thumb Code    24  dunder.o(i.__mathlib_dbl_underflow)
    abs_limit                                0x080051b1   Thumb Code    62  pid.o(i.abs_limit)
    can1_send_message                        0x080051f1   Thumb Code   152  bsp_can.o(i.can1_send_message)
    can_comm_task                            0x08005291   Thumb Code   134  can_comm.o(i.can_comm_task)
    can_device_init                          0x08005325   Thumb Code    52  can_comm.o(i.can_device_init)
    canx_init                                0x0800536d   Thumb Code    90  bsp_can.o(i.canx_init)
    chassis_pid_calcu                        0x08005541   Thumb Code   134  chassis_task.o(i.chassis_pid_calcu)
    chassis_task                             0x080055dd   Thumb Code    52  chassis_task.o(i.chassis_task)
    debug_task                               0x08005619   Thumb Code    34  debug_task.o(i.debug_task)
    encoder_data_handler                     0x08005661   Thumb Code    92  bsp_motor.o(i.encoder_data_handler)
    fabs                                     0x0800591b   Thumb Code    24  fabs.o(i.fabs)
    gimbal_pid_calcu                         0x08005b69   Thumb Code    70  gimbal_task.o(i.gimbal_pid_calcu)
    gimbal_task                              0x08005bbd   Thumb Code    58  gimbal_task.o(i.gimbal_task)
    judge_data_handler                       0x08005c15   Thumb Code   456  judge_comm.o(i.judge_data_handler)
    main                                     0x08005e29   Thumb Code    78  main.o(i.main)
    mode_switch_task                         0x08005e85   Thumb Code    36  modeswitch_task.o(i.mode_switch_task)
    osDelay                                  0x08005eb1   Thumb Code    24  cmsis_os.o(i.osDelay)
    osDelayUntil                             0x08005ec9   Thumb Code    28  cmsis_os.o(i.osDelayUntil)
    osKernelStart                            0x08005ee5   Thumb Code    10  cmsis_os.o(i.osKernelStart)
    osKernelSysTick                          0x08005eef   Thumb Code    20  cmsis_os.o(i.osKernelSysTick)
    osSignalSet                              0x08005f05   Thumb Code    92  cmsis_os.o(i.osSignalSet)
    osSignalWait                             0x08005f65   Thumb Code    98  cmsis_os.o(i.osSignalWait)
    osThreadCreate                           0x08005fc7   Thumb Code    94  cmsis_os.o(i.osThreadCreate)
    pid_calc                                 0x08006025   Thumb Code   446  pid.o(i.pid_calc)
    pvPortMalloc                             0x08006699   Thumb Code   306  heap_4.o(i.pvPortMalloc)
    pxPortInitialiseStack                    0x080067e5   Thumb Code    38  port.o(i.pxPortInitialiseStack)
    ramp_calc                                0x08006811   Thumb Code    92  math_calcu.o(i.ramp_calc)
    sbus_callback_handler                    0x0800686d   Thumb Code   308  wfly_comm.o(i.sbus_callback_handler)
    uxListRemove                             0x08006ac9   Thumb Code    40  list.o(i.uxListRemove)
    vApplicationGetIdleTaskMemory            0x08006af1   Thumb Code    14  freertos.o(i.vApplicationGetIdleTaskMemory)
    vListInitialise                          0x08006b09   Thumb Code    26  list.o(i.vListInitialise)
    vListInitialiseItem                      0x08006b23   Thumb Code     6  list.o(i.vListInitialiseItem)
    vListInsert                              0x08006b29   Thumb Code    52  list.o(i.vListInsert)
    vListInsertEnd                           0x08006b5d   Thumb Code    24  list.o(i.vListInsertEnd)
    vPortEnterCritical                       0x08006b75   Thumb Code    76  port.o(i.vPortEnterCritical)
    vPortExitCritical                        0x08006bc9   Thumb Code    56  port.o(i.vPortExitCritical)
    vPortFree                                0x08006c05   Thumb Code   150  heap_4.o(i.vPortFree)
    vPortSetupTimerInterrupt                 0x08006ca9   Thumb Code    36  port.o(i.vPortSetupTimerInterrupt)
    vPortValidateInterruptPriority           0x08006cd1   Thumb Code   106  port.o(i.vPortValidateInterruptPriority)
    vTaskDelay                               0x08006d49   Thumb Code    82  tasks.o(i.vTaskDelay)
    vTaskDelayUntil                          0x08006da5   Thumb Code   200  tasks.o(i.vTaskDelayUntil)
    vTaskStartScheduler                      0x08006e79   Thumb Code   146  tasks.o(i.vTaskStartScheduler)
    vTaskSuspendAll                          0x08006f29   Thumb Code    12  tasks.o(i.vTaskSuspendAll)
    vTaskSwitchContext                       0x08006f39   Thumb Code   118  tasks.o(i.vTaskSwitchContext)
    xPortStartScheduler                      0x0800700d   Thumb Code   330  port.o(i.xPortStartScheduler)
    xTaskCreate                              0x08007175   Thumb Code   100  tasks.o(i.xTaskCreate)
    xTaskCreateStatic                        0x080071d9   Thumb Code   186  tasks.o(i.xTaskCreateStatic)
    xTaskGenericNotify                       0x08007295   Thumb Code   280  tasks.o(i.xTaskGenericNotify)
    xTaskGenericNotifyFromISR                0x080073bd   Thumb Code   334  tasks.o(i.xTaskGenericNotifyFromISR)
    xTaskGetTickCount                        0x08007525   Thumb Code     6  tasks.o(i.xTaskGetTickCount)
    xTaskGetTickCountFromISR                 0x08007531   Thumb Code    16  tasks.o(i.xTaskGetTickCountFromISR)
    xTaskIncrementTick                       0x08007545   Thumb Code   282  tasks.o(i.xTaskIncrementTick)
    xTaskNotifyWait                          0x0800768d   Thumb Code   150  tasks.o(i.xTaskNotifyWait)
    xTaskResumeAll                           0x0800772d   Thumb Code   224  tasks.o(i.xTaskResumeAll)
    __aeabi_dneg                             0x08007831   Thumb Code     0  basic.o(x$fpl$basic)
    _dneg                                    0x08007831   Thumb Code     6  basic.o(x$fpl$basic)
    __aeabi_fneg                             0x08007837   Thumb Code     0  basic.o(x$fpl$basic)
    _fneg                                    0x08007837   Thumb Code     6  basic.o(x$fpl$basic)
    _dabs                                    0x0800783d   Thumb Code     6  basic.o(x$fpl$basic)
    _fabs                                    0x08007843   Thumb Code     6  basic.o(x$fpl$basic)
    __aeabi_d2f                              0x08007849   Thumb Code     0  d2f.o(x$fpl$d2f)
    _d2f                                     0x08007849   Thumb Code    98  d2f.o(x$fpl$d2f)
    __aeabi_dadd                             0x080078ad   Thumb Code     0  daddsub_clz.o(x$fpl$dadd)
    _dadd                                    0x080078ad   Thumb Code   332  daddsub_clz.o(x$fpl$dadd)
    __aeabi_ddiv                             0x080079fd   Thumb Code     0  ddiv.o(x$fpl$ddiv)
    _ddiv                                    0x080079fd   Thumb Code   552  ddiv.o(x$fpl$ddiv)
    __aeabi_d2iz                             0x08007cad   Thumb Code     0  dfix.o(x$fpl$dfix)
    _dfix                                    0x08007cad   Thumb Code    94  dfix.o(x$fpl$dfix)
    __aeabi_i2d                              0x08007d0b   Thumb Code     0  dflt_clz.o(x$fpl$dflt)
    _dflt                                    0x08007d0b   Thumb Code    46  dflt_clz.o(x$fpl$dflt)
    __aeabi_ui2d                             0x08007d39   Thumb Code     0  dflt_clz.o(x$fpl$dfltu)
    _dfltu                                   0x08007d39   Thumb Code    38  dflt_clz.o(x$fpl$dfltu)
    __aeabi_dmul                             0x08007d61   Thumb Code     0  dmul.o(x$fpl$dmul)
    _dmul                                    0x08007d61   Thumb Code   332  dmul.o(x$fpl$dmul)
    __fpl_dnaninf                            0x08007eb5   Thumb Code   156  dnaninf.o(x$fpl$dnaninf)
    __fpl_dretinf                            0x08007f51   Thumb Code    12  dretinf.o(x$fpl$dretinf)
    __aeabi_drsub                            0x08007f5d   Thumb Code     0  daddsub_clz.o(x$fpl$drsb)
    _drsb                                    0x08007f5d   Thumb Code    22  daddsub_clz.o(x$fpl$drsb)
    __aeabi_dsub                             0x08007f75   Thumb Code     0  daddsub_clz.o(x$fpl$dsub)
    _dsub                                    0x08007f75   Thumb Code   464  daddsub_clz.o(x$fpl$dsub)
    __aeabi_f2d                              0x08008149   Thumb Code     0  f2d.o(x$fpl$f2d)
    _f2d                                     0x08008149   Thumb Code    86  f2d.o(x$fpl$f2d)
    __fpl_fnaninf                            0x0800819f   Thumb Code   140  fnaninf.o(x$fpl$fnaninf)
    _fp_init                                 0x0800822b   Thumb Code    10  fpinit.o(x$fpl$fpinit)
    __fplib_config_fpu_vfp                   0x08008233   Thumb Code     0  fpinit.o(x$fpl$fpinit)
    __fplib_config_pureend_doubles           0x08008233   Thumb Code     0  fpinit.o(x$fpl$fpinit)
    __fpl_fretinf                            0x08008235   Thumb Code    10  fretinf.o(x$fpl$fretinf)
    __I$use$fp                               0x0800823e   Number         0  usenofp.o(x$fpl$usenofp)
    AHBPrescTable                            0x080082f0   Data          16  system_stm32f4xx.o(.constdata)
    APBPrescTable                            0x08008300   Data           8  system_stm32f4xx.o(.constdata)
    CRC8_INIT                                0x08008308   Data           1  crc.o(.constdata)
    CRC8_TAB                                 0x08008309   Data         256  crc.o(.constdata)
    wCRC_Table                               0x0800840a   Data         512  crc.o(.constdata)
    Region$$Table$$Base                      0x080087a4   Number         0  anon$$obj.o(Region$$Table)
    Region$$Table$$Limit                     0x080087c4   Number         0  anon$$obj.o(Region$$Table)
    chassis_task_t                           0x20000000   Data           4  freertos.o(.data)
    gimbal_task_t                            0x20000004   Data           4  freertos.o(.data)
    can_comm_task_t                          0x20000008   Data           4  freertos.o(.data)
    mode_sw_task_t                           0x2000000c   Data           4  freertos.o(.data)
    debug_task_t                             0x20000010   Data           4  freertos.o(.data)
    defaultTaskHandle                        0x20000014   Data           4  freertos.o(.data)
    uwTick                                   0x2000001c   Data           4  stm32f4xx_hal.o(.data)
    uwTickPrio                               0x20000020   Data           4  stm32f4xx_hal.o(.data)
    uwTickFreq                               0x20000024   Data           1  stm32f4xx_hal.o(.data)
    SystemCoreClock                          0x20000028   Data           4  system_stm32f4xx.o(.data)
    pxCurrentTCB                             0x2000002c   Data           4  tasks.o(.data)
    chassis_dt                               0x20000094   Data           4  chassis_task.o(.data)
    chassis_time                             0x20000098   Data           4  chassis_task.o(.data)
    ctrl_mode                                0x200000a0   Data           1  modeswitch_task.o(.data)
    lock_flag                                0x200000a1   Data           1  modeswitch_task.o(.data)
    motor_flag                               0x200000a2   Data           1  modeswitch_task.o(.data)
    text_spin                                0x200000a4   Data           4  gimbal_task.o(.data)
    gimbal_dt                                0x200000a8   Data           4  gimbal_task.o(.data)
    SysTime                                  0x200000c8   Data           8  bsp_dwt.o(.data)
    CYCCNT64                                 0x200000e8   Data           8  bsp_dwt.o(.data)
    CRC_INIT                                 0x20000110   Data           2  crc.o(.data)
    FrameHeader                              0x20000112   Data           5  judge_comm.o(.data)
    Game_Result                              0x20000117   Data           1  judge_comm.o(.data)
    Event_Data                               0x20000118   Data           4  judge_comm.o(.data)
    Supply_Projectile_Action                 0x2000011c   Data           4  judge_comm.o(.data)
    Referee_Warning                          0x20000120   Data           3  judge_comm.o(.data)
    Dart_Info                                0x20000123   Data           3  judge_comm.o(.data)
    Buff                                     0x20000126   Data           6  judge_comm.o(.data)
    Aerial_Robot_Energy                      0x2000012c   Data           2  judge_comm.o(.data)
    Robot_Hurt                               0x2000012e   Data           1  judge_comm.o(.data)
    Shoot_Data                               0x2000012f   Data           7  judge_comm.o(.data)
    Bullet_Remaining                         0x20000136   Data           6  judge_comm.o(.data)
    RFID_Status                              0x2000013c   Data           4  judge_comm.o(.data)
    Dart_Client                              0x20000140   Data           6  judge_comm.o(.data)
    my_heat                                  0x20000146   Data           2  judge_comm.o(.data)
    judge_heat                               0x20000148   Data           2  judge_comm.o(.data)
    Robot_Self_HP                            0x2000014a   Data           2  judge_comm.o(.data)
    hcan1                                    0x200003a0   Data          40  can.o(.bss)
    hcan2                                    0x200003c8   Data          40  can.o(.bss)
    huart5                                   0x200003f0   Data          72  usart.o(.bss)
    huart1                                   0x20000438   Data          72  usart.o(.bss)
    huart2                                   0x20000480   Data          72  usart.o(.bss)
    huart3                                   0x200004c8   Data          72  usart.o(.bss)
    huart6                                   0x20000510   Data          72  usart.o(.bss)
    hdma_usart1_rx                           0x20000558   Data          96  usart.o(.bss)
    hdma_usart1_tx                           0x200005b8   Data          96  usart.o(.bss)
    hdma_usart2_rx                           0x20000618   Data          96  usart.o(.bss)
    hdma_usart2_tx                           0x20000678   Data          96  usart.o(.bss)
    htim10                                   0x200006d8   Data          72  stm32f4xx_hal_timebase_tim.o(.bss)
    right_wheel_motor                        0x20004410   Data          28  chassis_task.o(.bss)
    left_wheel_motor                         0x2000442c   Data          28  chassis_task.o(.bss)
    chassis                                  0x20004448   Data         100  chassis_task.o(.bss)
    right_wheel_agl                          0x200044ac   Data         140  chassis_task.o(.bss)
    right_wheel_spd                          0x20004538   Data         140  chassis_task.o(.bss)
    left_wheel_agl                           0x200045c4   Data         140  chassis_task.o(.bss)
    left_wheel_spd                           0x20004650   Data         140  chassis_task.o(.bss)
    vehicle_spd                              0x200046dc   Data         140  chassis_task.o(.bss)
    vehicle_pos                              0x20004768   Data         140  chassis_task.o(.bss)
    chassis_x_ramp                           0x200047f4   Data          20  chassis_task.o(.bss)
    yaw_motor                                0x20004808   Data          28  gimbal_task.o(.bss)
    gimbal                                   0x20004824   Data          40  gimbal_task.o(.bss)
    yaw_agl                                  0x2000484c   Data         140  gimbal_task.o(.bss)
    yaw_spd                                  0x200048d8   Data         140  gimbal_task.o(.bss)
    can_rx_data                              0x20004964   Data          36  bsp_can.o(.bss)
    dma_judge_buf                            0x200049b6   Data         100  usart_comm.o(.bss)
    dma_dbus_buf                             0x20004a1a   Data          18  usart_comm.o(.bss)
    dma_sbus_buf                             0x20004a2c   Data          25  usart_comm.o(.bss)
    Game_State                               0x20004a45   Data          11  judge_comm.o(.bss)
    RobotHP                                  0x20004a50   Data          32  judge_comm.o(.bss)
    Game_Robot_Status                        0x20004a70   Data          13  judge_comm.o(.bss)
    Power_Heat_Data                          0x20004a7d   Data          16  judge_comm.o(.bss)
    Robot_Position                           0x20004a8d   Data          12  judge_comm.o(.bss)
    Comm_getdata                             0x20004a99   Data          26  judge_comm.o(.bss)
    rc                                       0x20004ab4   Data          13  remote_comm.o(.bss)
    scale                                    0x20004ac4   Data          20  remote_comm.o(.bss)
    SBUS                                     0x20004ad8   Data          36  wfly_comm.o(.bss)
    __libspace_start                         0x20004afc   Data          96  libspace.o(.bss)
    __temporary_stack_top$libspace           0x20004b5c   Data           0  libspace.o(.bss)



==============================================================================

Memory Map of the image

  Image Entry point : 0x08000189

  Load Region LR_IROM1 (Base: 0x08000000, Size: 0x00008910, Max: 0x00080000, ABSOLUTE, COMPRESSED[0x000087e0])

    Execution Region ER_IROM1 (Exec base: 0x08000000, Load base: 0x08000000, Size: 0x000087c4, Max: 0x00080000, ABSOLUTE)

    Exec Addr    Load Addr    Size         Type   Attr      Idx    E Section Name        Object

    0x08000000   0x08000000   0x00000188   Data   RO         3433    RESET               startup_stm32f407xx.o
    0x08000188   0x08000188   0x00000008   Code   RO         5681  * !!!main             c_w.l(__main.o)
    0x08000190   0x08000190   0x00000034   Code   RO         5988    !!!scatter          c_w.l(__scatter.o)
    0x080001c4   0x080001c4   0x0000003a   Code   RO         5986    !!dczerorl          c_w.l(__dczerorl.o)
    0x080001fe   0x080001fe   0x00000002   PAD
    0x08000200   0x08000200   0x0000001c   Code   RO         5990    !!handler_zi        c_w.l(__scatter_zi.o)
    0x0800021c   0x0800021c   0x00000002   Code   RO         5859    .ARM.Collect$$libinit$$00000000  c_w.l(libinit.o)
    0x0800021e   0x0800021e   0x00000004   Code   RO         5868    .ARM.Collect$$libinit$$00000001  c_w.l(libinit2.o)
    0x08000222   0x08000222   0x00000000   Code   RO         5871    .ARM.Collect$$libinit$$00000004  c_w.l(libinit2.o)
    0x08000222   0x08000222   0x00000000   Code   RO         5874    .ARM.Collect$$libinit$$0000000A  c_w.l(libinit2.o)
    0x08000222   0x08000222   0x00000000   Code   RO         5876    .ARM.Collect$$libinit$$0000000C  c_w.l(libinit2.o)
    0x08000222   0x08000222   0x00000000   Code   RO         5878    .ARM.Collect$$libinit$$0000000E  c_w.l(libinit2.o)
    0x08000222   0x08000222   0x00000000   Code   RO         5881    .ARM.Collect$$libinit$$00000011  c_w.l(libinit2.o)
    0x08000222   0x08000222   0x00000000   Code   RO         5883    .ARM.Collect$$libinit$$00000013  c_w.l(libinit2.o)
    0x08000222   0x08000222   0x00000000   Code   RO         5885    .ARM.Collect$$libinit$$00000015  c_w.l(libinit2.o)
    0x08000222   0x08000222   0x00000000   Code   RO         5887    .ARM.Collect$$libinit$$00000017  c_w.l(libinit2.o)
    0x08000222   0x08000222   0x00000000   Code   RO         5889    .ARM.Collect$$libinit$$00000019  c_w.l(libinit2.o)
    0x08000222   0x08000222   0x00000000   Code   RO         5891    .ARM.Collect$$libinit$$0000001B  c_w.l(libinit2.o)
    0x08000222   0x08000222   0x00000000   Code   RO         5893    .ARM.Collect$$libinit$$0000001D  c_w.l(libinit2.o)
    0x08000222   0x08000222   0x00000000   Code   RO         5895    .ARM.Collect$$libinit$$0000001F  c_w.l(libinit2.o)
    0x08000222   0x08000222   0x00000000   Code   RO         5897    .ARM.Collect$$libinit$$00000021  c_w.l(libinit2.o)
    0x08000222   0x08000222   0x00000000   Code   RO         5899    .ARM.Collect$$libinit$$00000023  c_w.l(libinit2.o)
    0x08000222   0x08000222   0x00000000   Code   RO         5901    .ARM.Collect$$libinit$$00000025  c_w.l(libinit2.o)
    0x08000222   0x08000222   0x00000000   Code   RO         5905    .ARM.Collect$$libinit$$0000002C  c_w.l(libinit2.o)
    0x08000222   0x08000222   0x00000000   Code   RO         5907    .ARM.Collect$$libinit$$0000002E  c_w.l(libinit2.o)
    0x08000222   0x08000222   0x00000000   Code   RO         5909    .ARM.Collect$$libinit$$00000030  c_w.l(libinit2.o)
    0x08000222   0x08000222   0x00000000   Code   RO         5911    .ARM.Collect$$libinit$$00000032  c_w.l(libinit2.o)
    0x08000222   0x08000222   0x00000002   Code   RO         5912    .ARM.Collect$$libinit$$00000033  c_w.l(libinit2.o)
    0x08000224   0x08000224   0x00000002   Code   RO         5943    .ARM.Collect$$libshutdown$$00000000  c_w.l(libshutdown.o)
    0x08000226   0x08000226   0x00000000   Code   RO         5969    .ARM.Collect$$libshutdown$$00000002  c_w.l(libshutdown2.o)
    0x08000226   0x08000226   0x00000000   Code   RO         5971    .ARM.Collect$$libshutdown$$00000004  c_w.l(libshutdown2.o)
    0x08000226   0x08000226   0x00000000   Code   RO         5974    .ARM.Collect$$libshutdown$$00000007  c_w.l(libshutdown2.o)
    0x08000226   0x08000226   0x00000000   Code   RO         5977    .ARM.Collect$$libshutdown$$0000000A  c_w.l(libshutdown2.o)
    0x08000226   0x08000226   0x00000000   Code   RO         5979    .ARM.Collect$$libshutdown$$0000000C  c_w.l(libshutdown2.o)
    0x08000226   0x08000226   0x00000000   Code   RO         5982    .ARM.Collect$$libshutdown$$0000000F  c_w.l(libshutdown2.o)
    0x08000226   0x08000226   0x00000002   Code   RO         5983    .ARM.Collect$$libshutdown$$00000010  c_w.l(libshutdown2.o)
    0x08000228   0x08000228   0x00000000   Code   RO         5743    .ARM.Collect$$rtentry$$00000000  c_w.l(__rtentry.o)
    0x08000228   0x08000228   0x00000000   Code   RO         5808    .ARM.Collect$$rtentry$$00000002  c_w.l(__rtentry2.o)
    0x08000228   0x08000228   0x00000006   Code   RO         5820    .ARM.Collect$$rtentry$$00000004  c_w.l(__rtentry4.o)
    0x0800022e   0x0800022e   0x00000000   Code   RO         5810    .ARM.Collect$$rtentry$$00000009  c_w.l(__rtentry2.o)
    0x0800022e   0x0800022e   0x00000004   Code   RO         5811    .ARM.Collect$$rtentry$$0000000A  c_w.l(__rtentry2.o)
    0x08000232   0x08000232   0x00000000   Code   RO         5813    .ARM.Collect$$rtentry$$0000000C  c_w.l(__rtentry2.o)
    0x08000232   0x08000232   0x00000008   Code   RO         5814    .ARM.Collect$$rtentry$$0000000D  c_w.l(__rtentry2.o)
    0x0800023a   0x0800023a   0x00000002   Code   RO         5860    .ARM.Collect$$rtexit$$00000000  c_w.l(rtexit.o)
    0x0800023c   0x0800023c   0x00000000   Code   RO         5916    .ARM.Collect$$rtexit$$00000002  c_w.l(rtexit2.o)
    0x0800023c   0x0800023c   0x00000004   Code   RO         5917    .ARM.Collect$$rtexit$$00000003  c_w.l(rtexit2.o)
    0x08000240   0x08000240   0x00000006   Code   RO         5918    .ARM.Collect$$rtexit$$00000004  c_w.l(rtexit2.o)
    0x08000246   0x08000246   0x00000002   PAD
    0x08000248   0x08000248   0x000000be   Code   RO         4722    .emb_text           port.o
    0x08000306   0x08000306   0x00000002   PAD
    0x08000308   0x08000308   0x00000040   Code   RO         3434    .text               startup_stm32f407xx.o
    0x08000348   0x08000348   0x000000ee   Code   RO         5667    .text               c_w.l(lludivv7m.o)
    0x08000436   0x08000436   0x0000008a   Code   RO         5669    .text               c_w.l(rt_memcpy_v6.o)
    0x080004c0   0x080004c0   0x00000064   Code   RO         5671    .text               c_w.l(rt_memcpy_w.o)
    0x08000524   0x08000524   0x00000044   Code   RO         5675    .text               c_w.l(rt_memclr.o)
    0x08000568   0x08000568   0x0000004e   Code   RO         5677    .text               c_w.l(rt_memclr_w.o)
    0x080005b6   0x080005b6   0x00000006   Code   RO         5679    .text               c_w.l(heapauxi.o)
    0x080005bc   0x080005bc   0x00000016   Code   RO         5748    .text               c_w.l(_rserrno.o)
    0x080005d2   0x080005d2   0x00000002   PAD
    0x080005d4   0x080005d4   0x00000008   Code   RO         5827    .text               c_w.l(rt_errno_addr_intlibspace.o)
    0x080005dc   0x080005dc   0x00000008   Code   RO         5843    .text               c_w.l(libspace.o)
    0x080005e4   0x080005e4   0x0000004a   Code   RO         5846    .text               c_w.l(sys_stackheap_outer.o)
    0x0800062e   0x0800062e   0x00000012   Code   RO         5848    .text               c_w.l(exit.o)
    0x08000640   0x08000640   0x0000000c   Code   RO         5913    .text               c_w.l(sys_exit.o)
    0x0800064c   0x0800064c   0x00000002   Code   RO         5932    .text               c_w.l(use_no_semi.o)
    0x0800064e   0x0800064e   0x00000000   Code   RO         5934    .text               c_w.l(indicate_semi.o)
    0x0800064e   0x0800064e   0x00000002   PAD
    0x08000650   0x08000650   0x00000354   Code   RO         4802    i.Auto_control      chassis_task.o
    0x080009a4   0x080009a4   0x000002c8   Code   RO         4934    i.Auto_control      gimbal_task.o
    0x08000c6c   0x08000c6c   0x00000004   Code   RO          456    i.BusFault_Handler  stm32f4xx_it.o
    0x08000c70   0x08000c70   0x00000026   Code   RO         5043    i.CAN1_FilterEnd_Config  bsp_can.o
    0x08000c96   0x08000c96   0x0000008c   Code   RO         5044    i.CAN1_IDList_Config  bsp_can.o
    0x08000d22   0x08000d22   0x00000002   PAD
    0x08000d24   0x08000d24   0x00000010   Code   RO          457    i.CAN1_RX0_IRQHandler  stm32f4xx_it.o
    0x08000d34   0x08000d34   0x00000010   Code   RO          458    i.CAN1_RX1_IRQHandler  stm32f4xx_it.o
    0x08000d44   0x08000d44   0x00000010   Code   RO          459    i.CAN1_SCE_IRQHandler  stm32f4xx_it.o
    0x08000d54   0x08000d54   0x00000010   Code   RO          460    i.CAN1_TX_IRQHandler  stm32f4xx_it.o
    0x08000d64   0x08000d64   0x00000026   Code   RO         5045    i.CAN2_FilterEnd_Config  bsp_can.o
    0x08000d8a   0x08000d8a   0x0000008c   Code   RO         5046    i.CAN2_IDList_Config  bsp_can.o
    0x08000e16   0x08000e16   0x00000002   PAD
    0x08000e18   0x08000e18   0x00000048   Code   RO         5047    i.CAN_Filter_IDList_Config  bsp_can.o
    0x08000e60   0x08000e60   0x00000010   Code   RO          461    i.DMA1_Stream5_IRQHandler  stm32f4xx_it.o
    0x08000e70   0x08000e70   0x00000010   Code   RO          462    i.DMA1_Stream6_IRQHandler  stm32f4xx_it.o
    0x08000e80   0x08000e80   0x00000010   Code   RO          463    i.DMA2_Stream2_IRQHandler  stm32f4xx_it.o
    0x08000e90   0x08000e90   0x00000010   Code   RO          464    i.DMA2_Stream7_IRQHandler  stm32f4xx_it.o
    0x08000ea0   0x08000ea0   0x00000034   Code   RO         1381    i.DMA_CalcBaseAndBitshift  stm32f4xx_hal_dma.o
    0x08000ed4   0x08000ed4   0x000000aa   Code   RO         1382    i.DMA_CheckFifoParam  stm32f4xx_hal_dma.o
    0x08000f7e   0x08000f7e   0x0000002c   Code   RO         1383    i.DMA_SetConfig     stm32f4xx_hal_dma.o
    0x08000faa   0x08000faa   0x00000002   PAD
    0x08000fac   0x08000fac   0x00000030   Code   RO         5145    i.DWT_CNT_Update    bsp_dwt.o
    0x08000fdc   0x08000fdc   0x0000004c   Code   RO         5147    i.DWT_GetDeltaT     bsp_dwt.o
    0x08001028   0x08001028   0x00000068   Code   RO         5152    i.DWT_Init          bsp_dwt.o
    0x08001090   0x08001090   0x0000003c   Code   RO         5442    i.DataScope_Data_Generate  data_scope.o
    0x080010cc   0x080010cc   0x0000003c   Code   RO         5443    i.DataScope_Get_Channel_Data  data_scope.o
    0x08001108   0x08001108   0x00000054   Code   RO         5444    i.DataWave          data_scope.o
    0x0800115c   0x0800115c   0x00000010   Code   RO         4996    i.DataWavePkg       debug_task.o
    0x0800116c   0x0800116c   0x00000002   Code   RO          465    i.DebugMon_Handler  stm32f4xx_it.o
    0x0800116e   0x0800116e   0x00000006   Code   RO            4    i.Error_Handler     main.o
    0x08001174   0x08001174   0x0000001c   Code   RO         5446    i.Float2Byte        data_scope.o
    0x08001190   0x08001190   0x00000034   Code   RO         5311    i.Get_CRC16_Check_Sum  crc.o
    0x080011c4   0x080011c4   0x00000024   Code   RO         5312    i.Get_CRC8_Check_Sum  crc.o
    0x080011e8   0x080011e8   0x0000002a   Code   RO          644    i.HAL_CAN_ActivateNotification  stm32f4xx_hal_can.o
    0x08001212   0x08001212   0x0000014a   Code   RO          645    i.HAL_CAN_AddTxMessage  stm32f4xx_hal_can.o
    0x0800135c   0x0800135c   0x00000124   Code   RO          646    i.HAL_CAN_ConfigFilter  stm32f4xx_hal_can.o
    0x08001480   0x08001480   0x00000002   Code   RO          649    i.HAL_CAN_ErrorCallback  stm32f4xx_hal_can.o
    0x08001482   0x08001482   0x00000194   Code   RO          652    i.HAL_CAN_GetRxMessage  stm32f4xx_hal_can.o
    0x08001616   0x08001616   0x00000036   Code   RO          654    i.HAL_CAN_GetTxMailboxesFreeLevel  stm32f4xx_hal_can.o
    0x0800164c   0x0800164c   0x0000024e   Code   RO          656    i.HAL_CAN_IRQHandler  stm32f4xx_hal_can.o
    0x0800189a   0x0800189a   0x00000174   Code   RO          657    i.HAL_CAN_Init      stm32f4xx_hal_can.o
    0x08001a0e   0x08001a0e   0x00000002   PAD
    0x08001a10   0x08001a10   0x00000184   Code   RO          318    i.HAL_CAN_MspInit   can.o
    0x08001b94   0x08001b94   0x00000002   Code   RO          664    i.HAL_CAN_RxFifo0FullCallback  stm32f4xx_hal_can.o
    0x08001b96   0x08001b96   0x00000002   PAD
    0x08001b98   0x08001b98   0x00000038   Code   RO         5048    i.HAL_CAN_RxFifo0MsgPendingCallback  bsp_can.o
    0x08001bd0   0x08001bd0   0x00000002   Code   RO          666    i.HAL_CAN_RxFifo1FullCallback  stm32f4xx_hal_can.o
    0x08001bd2   0x08001bd2   0x00000002   PAD
    0x08001bd4   0x08001bd4   0x00000038   Code   RO         5049    i.HAL_CAN_RxFifo1MsgPendingCallback  bsp_can.o
    0x08001c0c   0x08001c0c   0x00000002   Code   RO          668    i.HAL_CAN_SleepCallback  stm32f4xx_hal_can.o
    0x08001c0e   0x08001c0e   0x0000005e   Code   RO          669    i.HAL_CAN_Start     stm32f4xx_hal_can.o
    0x08001c6c   0x08001c6c   0x00000002   Code   RO          671    i.HAL_CAN_TxMailbox0AbortCallback  stm32f4xx_hal_can.o
    0x08001c6e   0x08001c6e   0x00000002   Code   RO          672    i.HAL_CAN_TxMailbox0CompleteCallback  stm32f4xx_hal_can.o
    0x08001c70   0x08001c70   0x00000002   Code   RO          673    i.HAL_CAN_TxMailbox1AbortCallback  stm32f4xx_hal_can.o
    0x08001c72   0x08001c72   0x00000002   Code   RO          674    i.HAL_CAN_TxMailbox1CompleteCallback  stm32f4xx_hal_can.o
    0x08001c74   0x08001c74   0x00000002   Code   RO          675    i.HAL_CAN_TxMailbox2AbortCallback  stm32f4xx_hal_can.o
    0x08001c76   0x08001c76   0x00000002   Code   RO          676    i.HAL_CAN_TxMailbox2CompleteCallback  stm32f4xx_hal_can.o
    0x08001c78   0x08001c78   0x00000002   Code   RO          678    i.HAL_CAN_WakeUpFromRxMsgCallback  stm32f4xx_hal_can.o
    0x08001c7a   0x08001c7a   0x000000ac   Code   RO         1384    i.HAL_DMA_Abort     stm32f4xx_hal_dma.o
    0x08001d26   0x08001d26   0x00000028   Code   RO         1385    i.HAL_DMA_Abort_IT  stm32f4xx_hal_dma.o
    0x08001d4e   0x08001d4e   0x00000006   Code   RO         1387    i.HAL_DMA_GetError  stm32f4xx_hal_dma.o
    0x08001d54   0x08001d54   0x00000240   Code   RO         1389    i.HAL_DMA_IRQHandler  stm32f4xx_hal_dma.o
    0x08001f94   0x08001f94   0x000000ec   Code   RO         1390    i.HAL_DMA_Init      stm32f4xx_hal_dma.o
    0x08002080   0x08002080   0x00000092   Code   RO         1394    i.HAL_DMA_Start_IT  stm32f4xx_hal_dma.o
    0x08002112   0x08002112   0x00000002   PAD
    0x08002114   0x08002114   0x00000028   Code   RO         1826    i.HAL_Delay         stm32f4xx_hal.o
    0x0800213c   0x0800213c   0x000001f4   Code   RO         1277    i.HAL_GPIO_Init     stm32f4xx_hal_gpio.o
    0x08002330   0x08002330   0x00000010   Code   RO         1279    i.HAL_GPIO_ReadPin  stm32f4xx_hal_gpio.o
    0x08002340   0x08002340   0x0000000c   Code   RO         1832    i.HAL_GetTick       stm32f4xx_hal.o
    0x0800234c   0x0800234c   0x00000018   Code   RO         1838    i.HAL_IncTick       stm32f4xx_hal.o
    0x08002364   0x08002364   0x0000003c   Code   RO         1839    i.HAL_Init          stm32f4xx_hal.o
    0x080023a0   0x080023a0   0x000000a0   Code   RO          604    i.HAL_InitTick      stm32f4xx_hal_timebase_tim.o
    0x08002440   0x08002440   0x00000054   Code   RO          580    i.HAL_MspInit       stm32f4xx_hal_msp.o
    0x08002494   0x08002494   0x00000028   Code   RO         1669    i.HAL_NVIC_EnableIRQ  stm32f4xx_hal_cortex.o
    0x080024bc   0x080024bc   0x0000007c   Code   RO         1675    i.HAL_NVIC_SetPriority  stm32f4xx_hal_cortex.o
    0x08002538   0x08002538   0x00000028   Code   RO         1676    i.HAL_NVIC_SetPriorityGrouping  stm32f4xx_hal_cortex.o
    0x08002560   0x08002560   0x00000184   Code   RO          878    i.HAL_RCC_ClockConfig  stm32f4xx_hal_rcc.o
    0x080026e4   0x080026e4   0x00000044   Code   RO          882    i.HAL_RCC_GetClockConfig  stm32f4xx_hal_rcc.o
    0x08002728   0x08002728   0x0000000c   Code   RO          883    i.HAL_RCC_GetHCLKFreq  stm32f4xx_hal_rcc.o
    0x08002734   0x08002734   0x00000020   Code   RO          885    i.HAL_RCC_GetPCLK1Freq  stm32f4xx_hal_rcc.o
    0x08002754   0x08002754   0x00000020   Code   RO          886    i.HAL_RCC_GetPCLK2Freq  stm32f4xx_hal_rcc.o
    0x08002774   0x08002774   0x000000ac   Code   RO          887    i.HAL_RCC_GetSysClockFreq  stm32f4xx_hal_rcc.o
    0x08002820   0x08002820   0x0000049c   Code   RO          890    i.HAL_RCC_OscConfig  stm32f4xx_hal_rcc.o
    0x08002cbc   0x08002cbc   0x00000002   Code   RO         2794    i.HAL_TIMEx_BreakCallback  stm32f4xx_hal_tim_ex.o
    0x08002cbe   0x08002cbe   0x00000002   Code   RO         2795    i.HAL_TIMEx_CommutCallback  stm32f4xx_hal_tim_ex.o
    0x08002cc0   0x08002cc0   0x00000066   Code   RO         2079    i.HAL_TIM_Base_Init  stm32f4xx_hal_tim.o
    0x08002d26   0x08002d26   0x00000002   Code   RO         2081    i.HAL_TIM_Base_MspInit  stm32f4xx_hal_tim.o
    0x08002d28   0x08002d28   0x000000a8   Code   RO         2084    i.HAL_TIM_Base_Start_IT  stm32f4xx_hal_tim.o
    0x08002dd0   0x08002dd0   0x00000002   Code   RO         2113    i.HAL_TIM_IC_CaptureCallback  stm32f4xx_hal_tim.o
    0x08002dd2   0x08002dd2   0x0000016c   Code   RO         2127    i.HAL_TIM_IRQHandler  stm32f4xx_hal_tim.o
    0x08002f3e   0x08002f3e   0x00000002   Code   RO         2130    i.HAL_TIM_OC_DelayElapsedCallback  stm32f4xx_hal_tim.o
    0x08002f40   0x08002f40   0x00000002   Code   RO         2157    i.HAL_TIM_PWM_PulseFinishedCallback  stm32f4xx_hal_tim.o
    0x08002f42   0x08002f42   0x00000002   PAD
    0x08002f44   0x08002f44   0x00000018   Code   RO            5    i.HAL_TIM_PeriodElapsedCallback  main.o
    0x08002f5c   0x08002f5c   0x00000002   Code   RO         2170    i.HAL_TIM_TriggerCallback  stm32f4xx_hal_tim.o
    0x08002f5e   0x08002f5e   0x00000002   Code   RO         3073    i.HAL_UARTEx_RxEventCallback  stm32f4xx_hal_uart.o
    0x08002f60   0x08002f60   0x000000c4   Code   RO         3076    i.HAL_UART_AbortReceive  stm32f4xx_hal_uart.o
    0x08003024   0x08003024   0x00000002   Code   RO         3087    i.HAL_UART_ErrorCallback  stm32f4xx_hal_uart.o
    0x08003026   0x08003026   0x00000002   PAD
    0x08003028   0x08003028   0x000002e8   Code   RO         3090    i.HAL_UART_IRQHandler  stm32f4xx_hal_uart.o
    0x08003310   0x08003310   0x00000076   Code   RO         3091    i.HAL_UART_Init     stm32f4xx_hal_uart.o
    0x08003386   0x08003386   0x00000002   PAD
    0x08003388   0x08003388   0x000003bc   Code   RO          391    i.HAL_UART_MspInit  usart.o
    0x08003744   0x08003744   0x0000002c   Code   RO         3095    i.HAL_UART_Receive_DMA  stm32f4xx_hal_uart.o
    0x08003770   0x08003770   0x00000002   Code   RO         3097    i.HAL_UART_RxCpltCallback  stm32f4xx_hal_uart.o
    0x08003772   0x08003772   0x00000002   Code   RO         3098    i.HAL_UART_RxHalfCpltCallback  stm32f4xx_hal_uart.o
    0x08003774   0x08003774   0x00000002   Code   RO         3102    i.HAL_UART_TxCpltCallback  stm32f4xx_hal_uart.o
    0x08003776   0x08003776   0x00000004   Code   RO          466    i.HardFault_Handler  stm32f4xx_it.o
    0x0800377a   0x0800377a   0x00000002   PAD
    0x0800377c   0x0800377c   0x00000040   Code   RO          319    i.MX_CAN1_Init      can.o
    0x080037bc   0x080037bc   0x00000040   Code   RO          320    i.MX_CAN2_Init      can.o
    0x080037fc   0x080037fc   0x00000088   Code   RO          366    i.MX_DMA_Init       dma.o
    0x08003884   0x08003884   0x000000b4   Code   RO          253    i.MX_FREERTOS_Init  freertos.o
    0x08003938   0x08003938   0x000000c4   Code   RO          229    i.MX_GPIO_Init      gpio.o
    0x080039fc   0x080039fc   0x00000038   Code   RO          392    i.MX_UART5_Init     usart.o
    0x08003a34   0x08003a34   0x0000003c   Code   RO          393    i.MX_USART1_UART_Init  usart.o
    0x08003a70   0x08003a70   0x00000038   Code   RO          394    i.MX_USART2_UART_Init  usart.o
    0x08003aa8   0x08003aa8   0x00000038   Code   RO          395    i.MX_USART3_UART_Init  usart.o
    0x08003ae0   0x08003ae0   0x00000038   Code   RO          396    i.MX_USART6_UART_Init  usart.o
    0x08003b18   0x08003b18   0x000000fc   Code   RO         4803    i.Manual_control    chassis_task.o
    0x08003c14   0x08003c14   0x00000044   Code   RO         4935    i.Manual_control    gimbal_task.o
    0x08003c58   0x08003c58   0x00000004   Code   RO          467    i.MemManage_Handler  stm32f4xx_it.o
    0x08003c5c   0x08003c5c   0x00000004   Code   RO          468    i.NMI_Handler       stm32f4xx_it.o
    0x08003c60   0x08003c60   0x00000068   Code   RO         5224    i.PID_struct_init   pid.o
    0x08003cc8   0x08003cc8   0x0000000a   Code   RO          254    i.StartDefaultTask  freertos.o
    0x08003cd2   0x08003cd2   0x00000002   PAD
    0x08003cd4   0x08003cd4   0x00000034   Code   RO         4723    i.SysTick_Handler   port.o
    0x08003d08   0x08003d08   0x000000b4   Code   RO            6    i.SystemClock_Config  main.o
    0x08003dbc   0x08003dbc   0x00000014   Code   RO         3442    i.SystemInit        system_stm32f4xx.o
    0x08003dd0   0x08003dd0   0x00000010   Code   RO          469    i.TIM1_UP_TIM10_IRQHandler  stm32f4xx_it.o
    0x08003de0   0x08003de0   0x000000e8   Code   RO         2172    i.TIM_Base_SetConfig  stm32f4xx_hal_tim.o
    0x08003ec8   0x08003ec8   0x00000014   Code   RO         3104    i.UART_DMAAbortOnError  stm32f4xx_hal_uart.o
    0x08003edc   0x08003edc   0x00000050   Code   RO         3105    i.UART_DMAError     stm32f4xx_hal_uart.o
    0x08003f2c   0x08003f2c   0x000000b4   Code   RO         3106    i.UART_DMAReceiveCplt  stm32f4xx_hal_uart.o
    0x08003fe0   0x08003fe0   0x00000024   Code   RO         3108    i.UART_DMARxHalfCplt  stm32f4xx_hal_uart.o
    0x08004004   0x08004004   0x0000006c   Code   RO         3114    i.UART_EndRxTransfer  stm32f4xx_hal_uart.o
    0x08004070   0x08004070   0x00000020   Code   RO         3115    i.UART_EndTransmit_IT  stm32f4xx_hal_uart.o
    0x08004090   0x08004090   0x00000026   Code   RO         3116    i.UART_EndTxTransfer  stm32f4xx_hal_uart.o
    0x080040b6   0x080040b6   0x000000fc   Code   RO         3117    i.UART_Receive_IT   stm32f4xx_hal_uart.o
    0x080041b2   0x080041b2   0x00000002   PAD
    0x080041b4   0x080041b4   0x0000022c   Code   RO         3118    i.UART_SetConfig    stm32f4xx_hal_uart.o
    0x080043e0   0x080043e0   0x000000c8   Code   RO         3119    i.UART_Start_Receive_DMA  stm32f4xx_hal_uart.o
    0x080044a8   0x080044a8   0x00000060   Code   RO         3121    i.UART_Transmit_IT  stm32f4xx_hal_uart.o
    0x08004508   0x08004508   0x00000014   Code   RO          470    i.USART1_IRQHandler  stm32f4xx_it.o
    0x0800451c   0x0800451c   0x00000014   Code   RO          471    i.USART2_IRQHandler  stm32f4xx_it.o
    0x08004530   0x08004530   0x00000060   Code   RO         5551    i.USER_UART_IDLECallback  usart_comm.o
    0x08004590   0x08004590   0x00000032   Code   RO         5552    i.USER_UART_IRQHandler  usart_comm.o
    0x080045c2   0x080045c2   0x00000002   PAD
    0x080045c4   0x080045c4   0x0000007c   Code   RO         5553    i.USER_UART_Init    usart_comm.o
    0x08004640   0x08004640   0x00000004   Code   RO          472    i.UsageFault_Handler  stm32f4xx_it.o
    0x08004644   0x08004644   0x00000064   Code   RO         5493    i.User_can1_callback  can_comm.o
    0x080046a8   0x080046a8   0x00000002   Code   RO         5494    i.User_can2_callback  can_comm.o
    0x080046aa   0x080046aa   0x00000002   PAD
    0x080046ac   0x080046ac   0x0000013c   Code   RO         4997    i.VehicleDataWavePkg  debug_task.o
    0x080047e8   0x080047e8   0x00000040   Code   RO         5313    i.Verify_CRC16_Check_Sum  crc.o
    0x08004828   0x08004828   0x00000030   Code   RO         5314    i.Verify_CRC8_Check_Sum  crc.o
    0x08004858   0x08004858   0x00000030   Code   RO         5839    i.__ARM_fpclassify  m_wm.l(fpclassify.o)
    0x08004888   0x08004888   0x00000010   Code   RO         1682    i.__NVIC_GetPriorityGrouping  stm32f4xx_hal_cortex.o
    0x08004898   0x08004898   0x00000028   Code   RO         1683    i.__NVIC_SetPriority  stm32f4xx_hal_cortex.o
    0x080048c0   0x080048c0   0x000000c8   Code   RO         5731    i.__hardfp_sin      m_wm.l(sin.o)
    0x08004988   0x08004988   0x00000438   Code   RO         5796    i.__ieee754_rem_pio2  m_wm.l(rred.o)
    0x08004dc0   0x08004dc0   0x00000170   Code   RO         5763    i.__kernel_cos      m_wm.l(cos_i.o)
    0x08004f30   0x08004f30   0x000000f8   Code   RO         5841    i.__kernel_poly     m_wm.l(poly.o)
    0x08005028   0x08005028   0x00000130   Code   RO         5801    i.__kernel_sin      m_wm.l(sin_i.o)
    0x08005158   0x08005158   0x00000014   Code   RO         5767    i.__mathlib_dbl_infnan  m_wm.l(dunder.o)
    0x0800516c   0x0800516c   0x00000004   PAD
    0x08005170   0x08005170   0x00000020   Code   RO         5769    i.__mathlib_dbl_invalid  m_wm.l(dunder.o)
    0x08005190   0x08005190   0x00000020   Code   RO         5772    i.__mathlib_dbl_underflow  m_wm.l(dunder.o)
    0x080051b0   0x080051b0   0x0000003e   Code   RO         5225    i.abs_limit         pid.o
    0x080051ee   0x080051ee   0x00000002   PAD
    0x080051f0   0x080051f0   0x000000a0   Code   RO         5050    i.can1_send_message  bsp_can.o
    0x08005290   0x08005290   0x00000094   Code   RO         5495    i.can_comm_task     can_comm.o
    0x08005324   0x08005324   0x00000048   Code   RO         5496    i.can_device_init   can_comm.o
    0x0800536c   0x0800536c   0x0000006c   Code   RO         5052    i.canx_init         bsp_can.o
    0x080053d8   0x080053d8   0x00000034   Code   RO         4804    i.chassis_control   chassis_task.o
    0x0800540c   0x0800540c   0x00000134   Code   RO         4805    i.chassis_param_init  chassis_task.o
    0x08005540   0x08005540   0x0000009c   Code   RO         4806    i.chassis_pid_calcu  chassis_task.o
    0x080055dc   0x080055dc   0x0000003c   Code   RO         4807    i.chassis_task      chassis_task.o
    0x08005618   0x08005618   0x00000028   Code   RO         4998    i.debug_task        debug_task.o
    0x08005640   0x08005640   0x00000020   Code   RO         4808    i.duo_wheel_reinit  chassis_task.o
    0x08005660   0x08005660   0x0000005c   Code   RO         5120    i.encoder_data_handler  bsp_motor.o
    0x080056bc   0x080056bc   0x000000c8   Code   RO         5226    i.f_Changing_Integration_Rate  pid.o
    0x08005784   0x08005784   0x00000042   Code   RO         5227    i.f_Derivative_Filter  pid.o
    0x080057c6   0x080057c6   0x00000002   Code   RO         5228    i.f_Derivative_On_Measurement  pid.o
    0x080057c8   0x080057c8   0x00000128   Code   RO         5229    i.f_Integral_Limit  pid.o
    0x080058f0   0x080058f0   0x0000002a   Code   RO         5230    i.f_Trapezoid_Intergral  pid.o
    0x0800591a   0x0800591a   0x00000018   Code   RO         5835    i.fabs              m_wm.l(fabs.o)
    0x08005932   0x08005932   0x00000002   PAD
    0x08005934   0x08005934   0x00000170   Code   RO         4809    i.get_vehicle_position  chassis_task.o
    0x08005aa4   0x08005aa4   0x00000034   Code   RO         4936    i.gimbal_control    gimbal_task.o
    0x08005ad8   0x08005ad8   0x00000090   Code   RO         4937    i.gimbal_param_init  gimbal_task.o
    0x08005b68   0x08005b68   0x00000054   Code   RO         4938    i.gimbal_pid_calcu  gimbal_task.o
    0x08005bbc   0x08005bbc   0x00000048   Code   RO         4939    i.gimbal_task       gimbal_task.o
    0x08005c04   0x08005c04   0x00000010   Code   RO         4286    i.inHandlerMode     cmsis_os.o
    0x08005c14   0x08005c14   0x00000214   Code   RO         5594    i.judge_data_handler  judge_comm.o
    0x08005e28   0x08005e28   0x0000004e   Code   RO            7    i.main              main.o
    0x08005e76   0x08005e76   0x0000000e   Code   RO         4288    i.makeFreeRtosPriority  cmsis_os.o
    0x08005e84   0x08005e84   0x0000002c   Code   RO         4890    i.mode_switch_task  modeswitch_task.o
    0x08005eb0   0x08005eb0   0x00000018   Code   RO         4290    i.osDelay           cmsis_os.o
    0x08005ec8   0x08005ec8   0x0000001c   Code   RO         4291    i.osDelayUntil      cmsis_os.o
    0x08005ee4   0x08005ee4   0x0000000a   Code   RO         4293    i.osKernelStart     cmsis_os.o
    0x08005eee   0x08005eee   0x00000014   Code   RO         4294    i.osKernelSysTick   cmsis_os.o
    0x08005f02   0x08005f02   0x00000002   PAD
    0x08005f04   0x08005f04   0x00000060   Code   RO         4324    i.osSignalSet       cmsis_os.o
    0x08005f64   0x08005f64   0x00000062   Code   RO         4325    i.osSignalWait      cmsis_os.o
    0x08005fc6   0x08005fc6   0x0000005e   Code   RO         4327    i.osThreadCreate    cmsis_os.o
    0x08006024   0x08006024   0x000001c4   Code   RO         5231    i.pid_calc          pid.o
    0x080061e8   0x080061e8   0x00000022   Code   RO         5232    i.pid_param_init    pid.o
    0x0800620a   0x0800620a   0x0000000e   Code   RO         5233    i.pid_reset         pid.o
    0x08006218   0x08006218   0x00000098   Code   RO         3953    i.prvAddCurrentTaskToDelayedList  tasks.o
    0x080062b0   0x080062b0   0x000000b4   Code   RO         3954    i.prvAddNewTaskToReadyList  tasks.o
    0x08006364   0x08006364   0x00000048   Code   RO         3955    i.prvCheckTasksWaitingTermination  tasks.o
    0x080063ac   0x080063ac   0x00000050   Code   RO         3956    i.prvDeleteTCB      tasks.o
    0x080063fc   0x080063fc   0x0000007c   Code   RO         4655    i.prvHeapInit       heap_4.o
    0x08006478   0x08006478   0x00000028   Code   RO         3957    i.prvIdleTask       tasks.o
    0x080064a0   0x080064a0   0x000000b4   Code   RO         3958    i.prvInitialiseNewTask  tasks.o
    0x08006554   0x08006554   0x00000068   Code   RO         3959    i.prvInitialiseTaskLists  tasks.o
    0x080065bc   0x080065bc   0x00000068   Code   RO         4656    i.prvInsertBlockIntoFreeList  heap_4.o
    0x08006624   0x08006624   0x00000034   Code   RO         3960    i.prvResetNextTaskUnblockTime  tasks.o
    0x08006658   0x08006658   0x00000040   Code   RO         4724    i.prvTaskExitError  port.o
    0x08006698   0x08006698   0x0000014c   Code   RO         4657    i.pvPortMalloc      heap_4.o
    0x080067e4   0x080067e4   0x0000002c   Code   RO         4725    i.pxPortInitialiseStack  port.o
    0x08006810   0x08006810   0x0000005c   Code   RO         5366    i.ramp_calc         math_calcu.o
    0x0800686c   0x0800686c   0x00000134   Code   RO         5647    i.sbus_callback_handler  wfly_comm.o
    0x080069a0   0x080069a0   0x000000b4   Code   RO         4891    i.sw1_mode_handler  modeswitch_task.o
    0x08006a54   0x08006a54   0x00000074   Code   RO         4892    i.unlock_init       modeswitch_task.o
    0x08006ac8   0x08006ac8   0x00000028   Code   RO         3579    i.uxListRemove      list.o
    0x08006af0   0x08006af0   0x00000018   Code   RO          255    i.vApplicationGetIdleTaskMemory  freertos.o
    0x08006b08   0x08006b08   0x0000001a   Code   RO         3580    i.vListInitialise   list.o
    0x08006b22   0x08006b22   0x00000006   Code   RO         3581    i.vListInitialiseItem  list.o
    0x08006b28   0x08006b28   0x00000034   Code   RO         3582    i.vListInsert       list.o
    0x08006b5c   0x08006b5c   0x00000018   Code   RO         3583    i.vListInsertEnd    list.o
    0x08006b74   0x08006b74   0x00000054   Code   RO         4727    i.vPortEnterCritical  port.o
    0x08006bc8   0x08006bc8   0x0000003c   Code   RO         4728    i.vPortExitCritical  port.o
    0x08006c04   0x08006c04   0x000000a4   Code   RO         4658    i.vPortFree         heap_4.o
    0x08006ca8   0x08006ca8   0x00000028   Code   RO         4729    i.vPortSetupTimerInterrupt  port.o
    0x08006cd0   0x08006cd0   0x00000078   Code   RO         4730    i.vPortValidateInterruptPriority  port.o
    0x08006d48   0x08006d48   0x0000005c   Code   RO         3969    i.vTaskDelay        tasks.o
    0x08006da4   0x08006da4   0x000000d4   Code   RO         3970    i.vTaskDelayUntil   tasks.o
    0x08006e78   0x08006e78   0x000000b0   Code   RO         3983    i.vTaskStartScheduler  tasks.o
    0x08006f28   0x08006f28   0x00000010   Code   RO         3985    i.vTaskSuspendAll   tasks.o
    0x08006f38   0x08006f38   0x0000008c   Code   RO         3986    i.vTaskSwitchContext  tasks.o
    0x08006fc4   0x08006fc4   0x00000048   Code   RO         4810    i.vehicle_calibration  chassis_task.o
    0x0800700c   0x0800700c   0x00000168   Code   RO         4731    i.xPortStartScheduler  port.o
    0x08007174   0x08007174   0x00000064   Code   RO         3989    i.xTaskCreate       tasks.o
    0x080071d8   0x080071d8   0x000000ba   Code   RO         3990    i.xTaskCreateStatic  tasks.o
    0x08007292   0x08007292   0x00000002   PAD
    0x08007294   0x08007294   0x00000128   Code   RO         3991    i.xTaskGenericNotify  tasks.o
    0x080073bc   0x080073bc   0x00000168   Code   RO         3992    i.xTaskGenericNotifyFromISR  tasks.o
    0x08007524   0x08007524   0x0000000c   Code   RO         3995    i.xTaskGetTickCount  tasks.o
    0x08007530   0x08007530   0x00000014   Code   RO         3996    i.xTaskGetTickCountFromISR  tasks.o
    0x08007544   0x08007544   0x00000148   Code   RO         3997    i.xTaskIncrementTick  tasks.o
    0x0800768c   0x0800768c   0x000000a0   Code   RO         3999    i.xTaskNotifyWait   tasks.o
    0x0800772c   0x0800772c   0x00000104   Code   RO         4003    i.xTaskResumeAll    tasks.o
    0x08007830   0x08007830   0x00000018   Code   RO         5750    x$fpl$basic         fz_wm.l(basic.o)
    0x08007848   0x08007848   0x00000062   Code   RO         5683    x$fpl$d2f           fz_wm.l(d2f.o)
    0x080078aa   0x080078aa   0x00000002   PAD
    0x080078ac   0x080078ac   0x00000150   Code   RO         5685    x$fpl$dadd          fz_wm.l(daddsub_clz.o)
    0x080079fc   0x080079fc   0x000002b0   Code   RO         5692    x$fpl$ddiv          fz_wm.l(ddiv.o)
    0x08007cac   0x08007cac   0x0000005e   Code   RO         5829    x$fpl$dfix          fz_wm.l(dfix.o)
    0x08007d0a   0x08007d0a   0x0000002e   Code   RO         5696    x$fpl$dflt          fz_wm.l(dflt_clz.o)
    0x08007d38   0x08007d38   0x00000026   Code   RO         5695    x$fpl$dfltu         fz_wm.l(dflt_clz.o)
    0x08007d5e   0x08007d5e   0x00000002   PAD
    0x08007d60   0x08007d60   0x00000154   Code   RO         5701    x$fpl$dmul          fz_wm.l(dmul.o)
    0x08007eb4   0x08007eb4   0x0000009c   Code   RO         5752    x$fpl$dnaninf       fz_wm.l(dnaninf.o)
    0x08007f50   0x08007f50   0x0000000c   Code   RO         5754    x$fpl$dretinf       fz_wm.l(dretinf.o)
    0x08007f5c   0x08007f5c   0x00000016   Code   RO         5686    x$fpl$drsb          fz_wm.l(daddsub_clz.o)
    0x08007f72   0x08007f72   0x00000002   PAD
    0x08007f74   0x08007f74   0x000001d4   Code   RO         5687    x$fpl$dsub          fz_wm.l(daddsub_clz.o)
    0x08008148   0x08008148   0x00000056   Code   RO         5703    x$fpl$f2d           fz_wm.l(f2d.o)
    0x0800819e   0x0800819e   0x0000008c   Code   RO         5756    x$fpl$fnaninf       fz_wm.l(fnaninf.o)
    0x0800822a   0x0800822a   0x0000000a   Code   RO         5928    x$fpl$fpinit        fz_wm.l(fpinit.o)
    0x08008234   0x08008234   0x0000000a   Code   RO         5758    x$fpl$fretinf       fz_wm.l(fretinf.o)
    0x0800823e   0x0800823e   0x00000000   Code   RO         5762    x$fpl$usenofp       fz_wm.l(usenofp.o)
    0x0800823e   0x0800823e   0x00000002   PAD
    0x08008240   0x08008240   0x000000a8   Data   RO          257    .constdata          freertos.o
    0x080082e8   0x080082e8   0x00000008   Data   RO         1396    .constdata          stm32f4xx_hal_dma.o
    0x080082f0   0x080082f0   0x00000018   Data   RO         3443    .constdata          system_stm32f4xx.o
    0x08008308   0x08008308   0x00000302   Data   RO         5315    .constdata          crc.o
    0x0800860a   0x0800860a   0x00000002   PAD
    0x0800860c   0x0800860c   0x0000002c   Data   RO         5497    .constdata          can_comm.o
    0x08008638   0x08008638   0x00000030   Data   RO         5764    .constdata          m_wm.l(cos_i.o)
    0x08008668   0x08008668   0x000000c8   Data   RO         5798    .constdata          m_wm.l(rred.o)
    0x08008730   0x08008730   0x00000028   Data   RO         5802    .constdata          m_wm.l(sin_i.o)
    0x08008758   0x08008758   0x0000004b   Data   RO          258    .conststring        freertos.o
    0x080087a3   0x080087a3   0x00000001   PAD
    0x080087a4   0x080087a4   0x00000020   Data   RO         5984    Region$$Table       anon$$obj.o


    Execution Region RW_IRAM1 (Exec base: 0x20000000, Load base: 0x080087c4, Size: 0x00005160, Max: 0x0001c000, ABSOLUTE, COMPRESSED[0x0000001c])

    Exec Addr    Load Addr    Size         Type   Attr      Idx    E Section Name        Object

    0x20000000   COMPRESSED   0x00000018   Data   RW          259    .data               freertos.o
    0x20000018   COMPRESSED   0x00000004   Data   RW          322    .data               can.o
    0x2000001c   COMPRESSED   0x00000009   Data   RW         1846    .data               stm32f4xx_hal.o
    0x20000025   COMPRESSED   0x00000003   PAD
    0x20000028   COMPRESSED   0x00000004   Data   RW         3444    .data               system_stm32f4xx.o
    0x2000002c   COMPRESSED   0x0000003c   Data   RW         4006    .data               tasks.o
    0x20000068   COMPRESSED   0x00000020   Data   RW         4664    .data               heap_4.o
    0x20000088   COMPRESSED   0x0000000c   Data   RW         4732    .data               port.o
    0x20000094   COMPRESSED   0x0000000c   Data   RW         4812    .data               chassis_task.o
    0x200000a0   COMPRESSED   0x00000003   Data   RW         4893    .data               modeswitch_task.o
    0x200000a3   COMPRESSED   0x00000001   PAD
    0x200000a4   COMPRESSED   0x0000000c   Data   RW         4941    .data               gimbal_task.o
    0x200000b0   COMPRESSED   0x00000001   Data   RW         4999    .data               debug_task.o
    0x200000b1   COMPRESSED   0x00000003   PAD
    0x200000b4   COMPRESSED   0x00000010   Data   RW         5054    .data               bsp_can.o
    0x200000c4   COMPRESSED   0x00000004   PAD
    0x200000c8   COMPRESSED   0x00000040   Data   RW         5154    .data               bsp_dwt.o
    0x20000108   COMPRESSED   0x00000008   Data   RW         5235    .data               pid.o
    0x20000110   COMPRESSED   0x00000002   Data   RW         5316    .data               crc.o
    0x20000112   COMPRESSED   0x0000003a   Data   RW         5596    .data               judge_comm.o
    0x2000014c        -       0x00000254   Zero   RW          256    .bss                freertos.o
    0x200003a0        -       0x00000050   Zero   RW          321    .bss                can.o
    0x200003f0        -       0x000002e8   Zero   RW          397    .bss                usart.o
    0x200006d8        -       0x00000048   Zero   RW          607    .bss                stm32f4xx_hal_timebase_tim.o
    0x20000720        -       0x000000f0   Zero   RW         4005    .bss                tasks.o
    0x20000810        -       0x00003c00   Zero   RW         4663    .bss                heap_4.o
    0x20004410        -       0x000003f8   Zero   RW         4811    .bss                chassis_task.o
    0x20004808        -       0x0000015c   Zero   RW         4940    .bss                gimbal_task.o
    0x20004964        -       0x00000024   Zero   RW         5053    .bss                bsp_can.o
    0x20004988        -       0x0000002e   Zero   RW         5447    .bss                data_scope.o
    0x200049b6        -       0x0000008f   Zero   RW         5554    .bss                usart_comm.o
    0x20004a45        -       0x0000006e   Zero   RW         5595    .bss                judge_comm.o
    0x20004ab3   COMPRESSED   0x00000001   PAD
    0x20004ab4        -       0x00000024   Zero   RW         5619    .bss                remote_comm.o
    0x20004ad8        -       0x00000024   Zero   RW         5648    .bss                wfly_comm.o
    0x20004afc        -       0x00000060   Zero   RW         5844    .bss                c_w.l(libspace.o)
    0x20004b5c   COMPRESSED   0x00000004   PAD
    0x20004b60        -       0x00000200   Zero   RW         3432    HEAP                startup_stm32f407xx.o
    0x20004d60        -       0x00000400   Zero   RW         3431    STACK               startup_stm32f407xx.o


    Execution Region RW_IRAM2 (Exec base: 0x2001c000, Load base: 0x080087e0, Size: 0x00000000, Max: 0x00004000, ABSOLUTE)

    **** No section assigned to this execution region ****


==============================================================================

Image component sizes


      Code (inc. data)   RO Data    RW Data    ZI Data      Debug   Object Name

       808         64          0         16         36       7670   bsp_can.o
       228         50          0         64          0       3202   bsp_dwt.o
        92          0          0          0          0       1483   bsp_motor.o
       516         42          0          4         80       2510   can.o
       322         46         44          0          0       2818   can_comm.o
      2152        208          0         12       1016       7607   chassis_task.o
       400          4          0          0          0      32113   cmsis_os.o
       200         14        770          2          0       3429   crc.o
       232         14          0          0         46       3072   data_scope.o
       372         34          0          1          0       1823   debug_task.o
       136          6          0          0          0        850   dma.o
         0          0          0          0          0      16932   event_groups.o
       214         40        243         24        596       3243   freertos.o
      1132        142          0         12        348       4584   gimbal_task.o
       196          8          0          0          0       1023   gpio.o
       724         74          0         32      15360       7491   heap_4.o
       532         76          0         58        110       6867   judge_comm.o
       148          0          0          0          0       3630   list.o
       288         16          0          0          0     739456   main.o
        92          0          0          0          0       2200   math_calcu.o
       340         42          0          3          0       2276   modeswitch_task.o
      1272         34          0          8          0       8345   pid.o
      1014         92          0         12          0      12169   port.o
         0          0          0          0         36       1083   remote_comm.o
        64         26        392          0       1536        824   startup_stm32f407xx.o
       136         24          0          9          0       8794   stm32f4xx_hal.o
      2200          6          0          0          0      14709   stm32f4xx_hal_can.o
       260         22          0          0          0      33622   stm32f4xx_hal_cortex.o
      1442         16          8          0          0       7729   stm32f4xx_hal_dma.o
       516         46          0          0          0       2159   stm32f4xx_hal_gpio.o
        84          6          0          0          0        882   stm32f4xx_hal_msp.o
      1884         90          0          0          0       6345   stm32f4xx_hal_rcc.o
       876         76          0          0          0       6726   stm32f4xx_hal_tim.o
         4          0          0          0          0       1629   stm32f4xx_hal_tim_ex.o
       160         20          0          0         72       1464   stm32f4xx_hal_timebase_tim.o
      2710         28          0          0          0      15802   stm32f4xx_hal_uart.o
       206         62          0          0          0       8531   stm32f4xx_it.o
         0          0          0          0          0        392   stream_buffer.o
        20          6         24          4          0       1163   system_stm32f4xx.o
      3218        356          0         60        240      26977   tasks.o
      1240        116          0          0        744       4880   usart.o
       270         38          0          0        143       2651   usart_comm.o
       308          0          0          0         36       1815   wfly_comm.o

    ----------------------------------------------------------------------
     27046       1944       1516        332      20400    1022970   Object Totals
         0          0         32          0          0          0   (incl. Generated)
        38          0          3         11          1          0   (incl. Padding)

    ----------------------------------------------------------------------

      Code (inc. data)   RO Data    RW Data    ZI Data      Debug   Library Member Name

        58          0          0          0          0          0   __dczerorl.o
         8          0          0          0          0         68   __main.o
         0          0          0          0          0          0   __rtentry.o
        12          0          0          0          0          0   __rtentry2.o
         6          0          0          0          0          0   __rtentry4.o
        52          8          0          0          0          0   __scatter.o
        28          0          0          0          0          0   __scatter_zi.o
        22          0          0          0          0        100   _rserrno.o
        18          0          0          0          0         80   exit.o
         6          0          0          0          0        152   heapauxi.o
         0          0          0          0          0          0   indicate_semi.o
         2          0          0          0          0          0   libinit.o
         6          0          0          0          0          0   libinit2.o
         2          0          0          0          0          0   libshutdown.o
         2          0          0          0          0          0   libshutdown2.o
         8          4          0          0         96         68   libspace.o
       238          0          0          0          0        100   lludivv7m.o
         8          4          0          0          0         68   rt_errno_addr_intlibspace.o
        68          0          0          0          0         68   rt_memclr.o
        78          0          0          0          0         80   rt_memclr_w.o
       138          0          0          0          0         68   rt_memcpy_v6.o
       100          0          0          0          0         80   rt_memcpy_w.o
         2          0          0          0          0          0   rtexit.o
        10          0          0          0          0          0   rtexit2.o
        12          4          0          0          0         68   sys_exit.o
        74          0          0          0          0         80   sys_stackheap_outer.o
         2          0          0          0          0         68   use_no_semi.o
        24          0          0          0          0        164   basic.o
        98          4          0          0          0        140   d2f.o
       826         16          0          0          0        492   daddsub_clz.o
       688        140          0          0          0        256   ddiv.o
        94          4          0          0          0        140   dfix.o
        84          0          0          0          0        232   dflt_clz.o
       340         12          0          0          0        152   dmul.o
       156          4          0          0          0        140   dnaninf.o
        12          0          0          0          0        116   dretinf.o
        86          4          0          0          0        132   f2d.o
       140          4          0          0          0        132   fnaninf.o
        10          0          0          0          0        116   fpinit.o
        10          0          0          0          0        116   fretinf.o
         0          0          0          0          0          0   usenofp.o
       368         46         48          0          0        200   cos_i.o
        84         16          0          0          0        372   dunder.o
        24          0          0          0          0        124   fabs.o
        48          0          0          0          0        124   fpclassify.o
       248          0          0          0          0        152   poly.o
      1080        142        200          0          0        188   rred.o
       200         20          0          0          0        164   sin.o
       304         24         40          0          0        208   sin_i.o

    ----------------------------------------------------------------------
      5906        456        288          0        100       5008   Library Totals
        22          0          0          0          4          0   (incl. Padding)

    ----------------------------------------------------------------------

      Code (inc. data)   RO Data    RW Data    ZI Data      Debug   Library Name

       960         20          0          0         96       1148   c_w.l
      2568        188          0          0          0       2328   fz_wm.l
      2356        248        288          0          0       1532   m_wm.l

    ----------------------------------------------------------------------
      5906        456        288          0        100       5008   Library Totals

    ----------------------------------------------------------------------

==============================================================================


      Code (inc. data)   RO Data    RW Data    ZI Data      Debug   

     32952       2400       1804        332      20500    1003158   Grand Totals
     32952       2400       1804         28      20500    1003158   ELF Image Totals (compressed)
     32952       2400       1804         28          0          0   ROM Totals

==============================================================================

    Total RO  Size (Code + RO Data)                34756 (  33.94kB)
    Total RW  Size (RW Data + ZI Data)             20832 (  20.34kB)
    Total ROM Size (Code + RO Data + RW Data)      34784 (  33.97kB)

==============================================================================

