<html>
<body>
<pre>
<h1>µVision Build Log</h1>
<h2>Tool Versions:</h2>
IDE-Version: ¶ÃVision V5.24.2.0
Copyright (C) 2017 ARM Ltd and ARM Germany GmbH. All rights reserved.
License Information: »‚ »‚, Taurus, LIC=YA39H-WZKTG-PCGJ8-3B3NC-03QT9-ICMG2
 
Tool Versions:
Toolchain:       MDK-ARM Plus  Version: 5.24.1
Toolchain Path:  C:\Keil_v5\ARM\ARMCC\Bin
C Compiler:      Armcc.exe V5.06 update 5 (build 528)
Assembler:       Armasm.exe V5.06 update 5 (build 528)
Linker/Locator:  ArmLink.exe V5.06 update 5 (build 528)
Library Manager: ArmAr.exe V5.06 update 5 (build 528)
Hex Converter:   FromElf.exe V5.06 update 5 (build 528)
CPU DLL:         SARMCM3.DLL V5.24.1
Dialog DLL:      DCM.DLL V1.16.0.0
Target DLL:      UL2CM3.DLL V1.160.3.0
Dialog DLL:      TCM.DLL V1.32.0.0
 
<h2>Project:</h2>
C:\Users\»‚»‚\Desktop\Target-Vehicle\Target Vehicle\MDK-ARM\Target Vehicle.uvprojx
Project File Date:  12/12/2024

<h2>Output:</h2>
*** Using Compiler 'V5.06 update 5 (build 528)', folder: 'C:\Keil_v5\ARM\ARMCC\Bin'
Build target 'Target Vehicle'
compiling chassis_task.c...
..\app\chassis_task.c(45): warning:  #111-D: statement is unreachable
      scale.ch3 = RC_CH3_SCALE;
..\app\chassis_task.c(224): warning:  #177-D: function "vehicle_calibration"  was declared but never referenced
  static void vehicle_calibration(void)
..\app\chassis_task.c(32): warning:  #177-D: function "chassis_param_init"  was declared but never referenced
  static chassis_init_e chassis_param_init(void)
..\app\chassis_task.c(49): warning:  #177-D: function "chassis_control"  was declared but never referenced
  static void chassis_control(void)
..\app\chassis_task.c(81): warning:  #177-D: function "Auto_control"  was declared but never referenced
  static void Auto_control(void)
..\app\chassis_task.c(199): warning:  #177-D: function "get_vehicle_position"  was declared but never referenced
  static void get_vehicle_position(void)
..\app\chassis_task.c: 6 warnings, 0 errors
linking...
Program Size: Code=11364 RO-data=488 RW-data=128 ZI-data=18200  
FromELF: creating hex file...
"Target Vehicle\Target Vehicle.axf" - 0 Error(s), 6 Warning(s).

<h2>Software Packages used:</h2>

Package Vendor: ARM
                http://www.keil.com/pack/ARM.CMSIS.5.0.1.pack
                ARM.CMSIS.5.0.1
                CMSIS (Cortex Microcontroller Software Interface Standard)
   * Component: CORE Version: 5.0.1

Package Vendor: Keil
                https://www.keil.com/pack/Keil.STM32F4xx_DFP.2.17.1.pack
                Keil.STM32F4xx_DFP.2.17.1
                STMicroelectronics STM32F4 Series Device Support, Drivers and Examples

<h2>Collection of Component include folders:</h2>
  .\RTE\_Target_Vehicle
  C:\Keil_v5\ARM\PACK\ARM\CMSIS\5.0.1\CMSIS\Include
  C:\Keil_v5\ARM\PACK\Keil\STM32F4xx_DFP\2.17.1\Drivers\CMSIS\Device\ST\STM32F4xx\Include

<h2>Collection of Component Files used:</h2>

   * Component: ARM::CMSIS:CORE:5.0.1
Build Time Elapsed:  00:00:01
</pre>
</body>
</html>
